Component: Arm Compiler for Embedded 6.21 Tool: armlink [5ec1fa00]

==============================================================================

Section Cross References

    startup_stm32f407xx.o(RESET) refers to startup_stm32f407xx.o(STACK) for __initial_sp
    startup_stm32f407xx.o(RESET) refers to startup_stm32f407xx.o(.text) for Reset_Handler
    startup_stm32f407xx.o(RESET) refers to stm32f4xx_it.o(.text.NMI_Handler) for NMI_Handler
    startup_stm32f407xx.o(RESET) refers to stm32f4xx_it.o(.text.HardFault_Handler) for HardFault_Handler
    startup_stm32f407xx.o(RESET) refers to stm32f4xx_it.o(.text.MemManage_Handler) for MemManage_Handler
    startup_stm32f407xx.o(RESET) refers to stm32f4xx_it.o(.text.BusFault_Handler) for BusFault_Handler
    startup_stm32f407xx.o(RESET) refers to stm32f4xx_it.o(.text.UsageFault_Handler) for UsageFault_Handler
    startup_stm32f407xx.o(RESET) refers to stm32f4xx_it.o(.text.SVC_Handler) for SVC_Handler
    startup_stm32f407xx.o(RESET) refers to stm32f4xx_it.o(.text.DebugMon_Handler) for DebugMon_Handler
    startup_stm32f407xx.o(RESET) refers to stm32f4xx_it.o(.text.PendSV_Handler) for PendSV_Handler
    startup_stm32f407xx.o(RESET) refers to stm32f4xx_it.o(.text.SysTick_Handler) for SysTick_Handler
    startup_stm32f407xx.o(RESET) refers to stm32f4xx_it.o(.text.TIM1_BRK_TIM9_IRQHandler) for TIM1_BRK_TIM9_IRQHandler
    startup_stm32f407xx.o(RESET) refers to stm32f4xx_it.o(.text.TIM1_UP_TIM10_IRQHandler) for TIM1_UP_TIM10_IRQHandler
    startup_stm32f407xx.o(RESET) refers to stm32f4xx_it.o(.text.TIM2_IRQHandler) for TIM2_IRQHandler
    startup_stm32f407xx.o(RESET) refers to stm32f4xx_it.o(.text.TIM4_IRQHandler) for TIM4_IRQHandler
    startup_stm32f407xx.o(RESET) refers to stm32f4xx_it.o(.text.USART1_IRQHandler) for USART1_IRQHandler
    startup_stm32f407xx.o(RESET) refers to stm32f4xx_it.o(.text.USART2_IRQHandler) for USART2_IRQHandler
    startup_stm32f407xx.o(RESET) refers to stm32f4xx_it.o(.text.TIM5_IRQHandler) for TIM5_IRQHandler
    startup_stm32f407xx.o(RESET) refers to stm32f4xx_it.o(.text.DMA2_Stream0_IRQHandler) for DMA2_Stream0_IRQHandler
    startup_stm32f407xx.o(RESET) refers to stm32f4xx_it.o(.text.DMA2_Stream2_IRQHandler) for DMA2_Stream2_IRQHandler
    startup_stm32f407xx.o(RESET) refers to stm32f4xx_it.o(.text.DMA2_Stream7_IRQHandler) for DMA2_Stream7_IRQHandler
    startup_stm32f407xx.o(.text) refers to system_stm32f4xx.o(.text.SystemInit) for SystemInit
    startup_stm32f407xx.o(.text) refers to entry.o(.ARM.Collect$$$$00000000) for __main
    main.o(.text.HAL_TIM_PeriodElapsedCallback) refers to sensor.o(.bss.imu_angle) for imu_angle
    main.o(.text.HAL_TIM_PeriodElapsedCallback) refers to imu.o(.text.IMU_getYawPitchRoll) for IMU_getYawPitchRoll
    main.o(.text.HAL_TIM_PeriodElapsedCallback) refers to sensor.o(.text.imuUpdata) for imuUpdata
    main.o(.ARM.exidx.text.HAL_TIM_PeriodElapsedCallback) refers to main.o(.text.HAL_TIM_PeriodElapsedCallback) for [Anonymous Symbol]
    main.o(.text.main) refers to stm32f4xx_hal.o(.text.HAL_Init) for HAL_Init
    main.o(.text.main) refers to main.o(.text.SystemClock_Config) for SystemClock_Config
    main.o(.text.main) refers to gpio.o(.text.MX_GPIO_Init) for MX_GPIO_Init
    main.o(.text.main) refers to dma.o(.text.MX_DMA_Init) for MX_DMA_Init
    main.o(.text.main) refers to tim.o(.text.MX_TIM1_Init) for MX_TIM1_Init
    main.o(.text.main) refers to tim.o(.text.MX_TIM2_Init) for MX_TIM2_Init
    main.o(.text.main) refers to usart.o(.text.MX_USART1_UART_Init) for MX_USART1_UART_Init
    main.o(.text.main) refers to tim.o(.text.MX_TIM3_Init) for MX_TIM3_Init
    main.o(.text.main) refers to tim.o(.text.MX_TIM4_Init) for MX_TIM4_Init
    main.o(.text.main) refers to spi.o(.text.MX_SPI1_Init) for MX_SPI1_Init
    main.o(.text.main) refers to adc.o(.text.MX_ADC1_Init) for MX_ADC1_Init
    main.o(.text.main) refers to tim.o(.text.MX_TIM5_Init) for MX_TIM5_Init
    main.o(.text.main) refers to spi.o(.text.MX_SPI2_Init) for MX_SPI2_Init
    main.o(.text.main) refers to usart.o(.text.MX_USART2_UART_Init) for MX_USART2_UART_Init
    main.o(.text.main) refers to shell.o(.text.ShellInit) for ShellInit
    main.o(.text.main) refers to task.o(.text.SchedulerInit) for SchedulerInit
    main.o(.text.main) refers to main.o(.data.lcd_desc) for lcd_desc
    main.o(.text.main) refers to lcd_core.o(.text.lcd_init_dev) for lcd_init_dev
    main.o(.text.main) refers to menu.o(.text.MenuInit) for MenuInit
    main.o(.text.main) refers to lcd_core.o(.text.lcd_clear) for lcd_clear
    main.o(.text.main) refers to imu.o(.text.IMU_init) for IMU_init
    main.o(.text.main) refers to stm32f4xx_hal.o(.text.HAL_Delay) for HAL_Delay
    main.o(.text.main) refers to tim.o(.bss.htim1) for htim1
    main.o(.text.main) refers to stm32f4xx_hal_tim.o(.text.HAL_TIM_Base_Start_IT) for HAL_TIM_Base_Start_IT
    main.o(.text.main) refers to tim.o(.bss.htim5) for htim5
    main.o(.text.main) refers to tim.o(.bss.htim2) for htim2
[...]
    .L.str.58                                0x0800d806   Data           2  lcd_core.o(.rodata.str1.1)
    [Anonymous Symbol]                       0x0800d808   Section        0  menu.o(.rodata.str1.1)
    state                                    0x20000000   Data           4  strtok.o(.data)
    .data                                    0x20000000   Section        4  strtok.o(.data)
    _errno                                   0x20000004   Data           4  errno.o(.data)
    .data                                    0x20000004   Section        4  errno.o(.data)
    .data                                    0x20000008   Section        4  stdout.o(.data)
    .L_MergedGlobals                         0x2000000c   Data           8  stm32f4xx_hal.o(.data..L_MergedGlobals)
    [Anonymous Symbol]                       0x2000000c   Section        0  stm32f4xx_hal.o(.data..L_MergedGlobals)
    .L_MergedGlobals                         0x20000014   Data           8  icm42688.o(.data..L_MergedGlobals)
    accSensitivity                           0x20000014   Data           4  icm42688.o(.data..L_MergedGlobals)
    [Anonymous Symbol]                       0x20000014   Section        0  icm42688.o(.data..L_MergedGlobals)
    gyroSensitivity                          0x20000018   Data           4  icm42688.o(.data..L_MergedGlobals)
    scheduler_task                           0x200001a8   Data          24  task.o(.data.scheduler_task)
    [Anonymous Symbol]                       0x200001a8   Section        0  task.o(.data.scheduler_task)
    .L_MergedGlobals                         0x20000218   Data          76  usart.o(.bss..L_MergedGlobals)
    [Anonymous Symbol]                       0x20000218   Section        0  usart.o(.bss..L_MergedGlobals)
    .L_MergedGlobals                         0x20000264   Data          68  shell.o(.bss..L_MergedGlobals)
    CmdReady                                 0x20000264   Data           1  shell.o(.bss..L_MergedGlobals)
    [Anonymous Symbol]                       0x20000264   Section        0  shell.o(.bss..L_MergedGlobals)
    SystemVoltageSample                      0x20000266   Data           2  shell.o(.bss..L_MergedGlobals)
    ShellRxBuf                               0x20000268   Data          64  shell.o(.bss..L_MergedGlobals)
    .L_MergedGlobals                         0x200002a8   Data           8  task.o(.bss..L_MergedGlobals)
    [Anonymous Symbol]                       0x200002a8   Section        0  task.o(.bss..L_MergedGlobals)
    .L_MergedGlobals                         0x200002b0   Data         116  imu.o(.bss..L_MergedGlobals)
    GyroinitFlag                             0x200002b0   Data           1  imu.o(.bss..L_MergedGlobals)
    [Anonymous Symbol]                       0x200002b0   Section        0  imu.o(.bss..L_MergedGlobals)
    GyroCount                                0x200002dc   Data           4  imu.o(.bss..L_MergedGlobals)
    Gyro_total.0                             0x200002e8   Data           8  imu.o(.bss..L_MergedGlobals)
    Gyro_total.1                             0x200002f0   Data           8  imu.o(.bss..L_MergedGlobals)
    Gyro_total.2                             0x200002f8   Data           8  imu.o(.bss..L_MergedGlobals)
    sqrGyro_total.0                          0x20000300   Data           8  imu.o(.bss..L_MergedGlobals)
    sqrGyro_total.1                          0x20000308   Data           8  imu.o(.bss..L_MergedGlobals)
    sqrGyro_total.2                          0x20000310   Data           8  imu.o(.bss..L_MergedGlobals)
    .L_MergedGlobals                         0x20000324   Data          78  crsf.o(.bss..L_MergedGlobals)
    [Anonymous Symbol]                       0x20000324   Section        0  crsf.o(.bss..L_MergedGlobals)
    .L_MergedGlobals.1                       0x20000374   Data          88  imu.o(.bss..L_MergedGlobals.1)
    [Anonymous Symbol]                       0x20000374   Section        0  imu.o(.bss..L_MergedGlobals.1)
    Gyro_fill                                0x20000410   Data        7200  imu.o(.bss.Gyro_fill)
    [Anonymous Symbol]                       0x20000410   Section        0  imu.o(.bss.Gyro_fill)
    line_buffer                              0x20002504   Data         640  main.o(.bss.line_buffer)
    [Anonymous Symbol]                       0x20002504   Section        0  main.o(.bss.line_buffer)
    STACK                                    0x200027a0   Section     1024  startup_stm32f407xx.o(STACK)

    Global Symbols

    Symbol Name                              Value     Ov Type        Size  Object(Section)

    BuildAttributes$$THM_ISAv4$E$P$D$K$B$S$7EM$VFPi3$EXTD16$VFPS$VFMA$PE$A:L22UL41UL21$X:L11$S22US41US21$IEEE1$IW$~IW$USESV6$~STKCKD$USESV7$~SHL$OTIME$ROPI$IEEEX$EBA8$MICROLIB$REQ8$PRES8$EABIv2 0x00000000   Number         0  anon$$obj.o ABSOLUTE
    _printf_a                                0x00000000   Number         0  printfstubs.o ABSOLUTE
    _printf_c                                0x00000000   Number         0  printfstubs.o ABSOLUTE
    _printf_charcount                        0x00000000   Number         0  printfstubs.o ABSOLUTE
    _printf_d                                0x00000000   Number         0  printfstubs.o ABSOLUTE
    _printf_e                                0x00000000   Number         0  printfstubs.o ABSOLUTE
    _printf_f                                0x00000000   Number         0  printfstubs.o ABSOLUTE
    _printf_flags                            0x00000000   Number         0  printfstubs.o ABSOLUTE
    _printf_fp_dec                           0x00000000   Number         0  printfstubs.o ABSOLUTE
    _printf_fp_hex                           0x00000000   Number         0  printfstubs.o ABSOLUTE
    _printf_g                                0x00000000   Number         0  printfstubs.o ABSOLUTE
    _printf_i                                0x00000000   Number         0  printfstubs.o ABSOLUTE
    _printf_int_dec                          0x00000000   Number         0  printfstubs.o ABSOLUTE
    _printf_l                                0x00000000   Number         0  printfstubs.o ABSOLUTE
    _printf_lc                               0x00000000   Number         0  printfstubs.o ABSOLUTE
    _printf_ll                               0x00000000   Number         0  printfstubs.o ABSOLUTE
    _printf_lld                              0x00000000   Number         0  printfstubs.o ABSOLUTE
    _printf_lli                              0x00000000   Number         0  printfstubs.o ABSOLUTE
    _printf_llo                              0x00000000   Number         0  printfstubs.o ABSOLUTE
    _printf_llu                              0x00000000   Number         0  printfstubs.o ABSOLUTE
    _printf_llx                              0x00000000   Number         0  printfstubs.o ABSOLUTE
    _printf_longlong_dec                     0x00000000   Number         0  printfstubs.o ABSOLUTE
    _printf_longlong_hex                     0x00000000   Number         0  printfstubs.o ABSOLUTE
    _printf_longlong_oct                     0x00000000   Number         0  printfstubs.o ABSOLUTE
    _printf_ls                               0x00000000   Number         0  printfstubs.o ABSOLUTE
    _printf_mbtowc                           0x00000000   Number         0  printfstubs.o ABSOLUTE
    _printf_n                                0x00000000   Number         0  printfstubs.o ABSOLUTE
    _printf_o                                0x00000000   Number         0  printfstubs.o ABSOLUTE
    _printf_p                                0x00000000   Number         0  printfstubs.o ABSOLUTE
    _printf_percent                          0x00000000   Number         0  printfstubs.o ABSOLUTE
    _printf_pre_padding                      0x00000000   Number         0  printfstubs.o ABSOLUTE
    _printf_return_value                     0x00000000   Number         0  printfstubs.o ABSOLUTE
    _printf_s                                0x00000000   Number         0  printfstubs.o ABSOLUTE
    _printf_sizespec                         0x00000000   Number         0  printfstubs.o ABSOLUTE
    _printf_str                              0x00000000   Number         0  printfstubs.o ABSOLUTE
    _printf_truncate_signed                  0x00000000   Number         0  printfstubs.o ABSOLUTE
    _printf_truncate_unsigned                0x00000000   Number         0  printfstubs.o ABSOLUTE
    _printf_u                                0x00000000   Number         0  printfstubs.o ABSOLUTE
    _printf_wc                               0x00000000   Number         0  printfstubs.o ABSOLUTE
    _printf_wctomb                           0x00000000   Number         0  printfstubs.o ABSOLUTE
    _printf_widthprec                        0x00000000   Number         0  printfstubs.o ABSOLUTE
    _printf_x                                0x00000000   Number         0  printfstubs.o ABSOLUTE
    __cpp_initialize__aeabi_                  - Undefined Weak Reference
    __cxa_finalize                            - Undefined Weak Reference
    _clock_init                               - Undefined Weak Reference
    _microlib_exit                            - Undefined Weak Reference
    __Vectors_Size                           0x00000188   Number         0  startup_stm32f407xx.o ABSOLUTE
    __Vectors                                0x08000000   Data           4  startup_stm32f407xx.o(RESET)
    __Vectors_End                            0x08000188   Data           0  startup_stm32f407xx.o(RESET)
    __main                                   0x08000189   Thumb Code     0  entry.o(.ARM.Collect$$$$00000000)
    _main_stk                                0x08000189   Thumb Code     0  entry2.o(.ARM.Collect$$$$00000001)
    _main_scatterload                        0x0800018d   Thumb Code     0  entry5.o(.ARM.Collect$$$$00000004)
    __main_after_scatterload                 0x08000191   Thumb Code     0  entry5.o(.ARM.Collect$$$$00000004)
    _main_clock                              0x08000191   Thumb Code     0  entry7b.o(.ARM.Collect$$$$00000008)
    _main_cpp_init                           0x08000191   Thumb Code     0  entry8b.o(.ARM.Collect$$$$0000000A)
    _main_init                               0x08000191   Thumb Code     0  entry9a.o(.ARM.Collect$$$$0000000B)
    __rt_final_cpp                           0x08000199   Thumb Code     0  entry10a.o(.ARM.Collect$$$$0000000D)
    __rt_final_exit                          0x08000199   Thumb Code     0  entry11a.o(.ARM.Collect$$$$0000000F)
    Reset_Handler                            0x0800019d   Thumb Code     8  startup_stm32f407xx.o(.text)
    ADC_IRQHandler                           0x080001b7   Thumb Code     0  startup_stm32f407xx.o(.text)
    CAN1_RX0_IRQHandler                      0x080001b7   Thumb Code     0  startup_stm32f407xx.o(.text)
    CAN1_RX1_IRQHandler                      0x080001b7   Thumb Code     0  startup_stm32f407xx.o(.text)
    CAN1_SCE_IRQHandler                      0x080001b7   Thumb Code     0  startup_stm32f407xx.o(.text)
    CAN1_TX_IRQHandler                       0x080001b7   Thumb Code     0  startup_stm32f407xx.o(.text)
    CAN2_RX0_IRQHandler                      0x080001b7   Thumb Code     0  startup_stm32f407xx.o(.text)
    CAN2_RX1_IRQHandler                      0x080001b7   Thumb Code     0  startup_stm32f407xx.o(.text)
    CAN2_SCE_IRQHandler                      0x080001b7   Thumb Code     0  startup_stm32f407xx.o(.text)
    CAN2_TX_IRQHandler                       0x080001b7   Thumb Code     0  startup_stm32f407xx.o(.text)
    DCMI_IRQHandler                          0x080001b7   Thumb Code     0  startup_stm32f407xx.o(.text)
    DMA1_Stream0_IRQHandler                  0x080001b7   Thumb Code     0  startup_stm32f407xx.o(.text)
    DMA1_Stream1_IRQHandler                  0x080001b7   Thumb Code     0  startup_stm32f407xx.o(.text)
    DMA1_Stream2_IRQHandler                  0x080001b7   Thumb Code     0  startup_stm32f407xx.o(.text)
    DMA1_Stream3_IRQHandler                  0x080001b7   Thumb Code     0  startup_stm32f407xx.o(.text)
    DMA1_Stream4_IRQHandler                  0x080001b7   Thumb Code     0  startup_stm32f407xx.o(.text)
    DMA1_Stream5_IRQHandler                  0x080001b7   Thumb Code     0  startup_stm32f407xx.o(.text)
    DMA1_Stream6_IRQHandler                  0x080001b7   Thumb Code     0  startup_stm32f407xx.o(.text)
    DMA1_Stream7_IRQHandler                  0x080001b7   Thumb Code     0  startup_stm32f407xx.o(.text)
    DMA2_Stream1_IRQHandler                  0x080001b7   Thumb Code     0  startup_stm32f407xx.o(.text)
    DMA2_Stream3_IRQHandler                  0x080001b7   Thumb Code     0  startup_stm32f407xx.o(.text)
    DMA2_Stream4_IRQHandler                  0x080001b7   Thumb Code     0  startup_stm32f407xx.o(.text)
    DMA2_Stream5_IRQHandler                  0x080001b7   Thumb Code     0  startup_stm32f407xx.o(.text)
    DMA2_Stream6_IRQHandler                  0x080001b7   Thumb Code     0  startup_stm32f407xx.o(.text)
    ETH_IRQHandler                           0x080001b7   Thumb Code     0  startup_stm32f407xx.o(.text)
    ETH_WKUP_IRQHandler                      0x080001b7   Thumb Code     0  startup_stm32f407xx.o(.text)
    EXTI0_IRQHandler                         0x080001b7   Thumb Code     0  startup_stm32f407xx.o(.text)
    EXTI15_10_IRQHandler                     0x080001b7   Thumb Code     0  startup_stm32f407xx.o(.text)
    EXTI1_IRQHandler                         0x080001b7   Thumb Code     0  startup_stm32f407xx.o(.text)
    EXTI2_IRQHandler                         0x080001b7   Thumb Code     0  startup_stm32f407xx.o(.text)
    EXTI3_IRQHandler                         0x080001b7   Thumb Code     0  startup_stm32f407xx.o(.text)
    EXTI4_IRQHandler                         0x080001b7   Thumb Code     0  startup_stm32f407xx.o(.text)
    EXTI9_5_IRQHandler                       0x080001b7   Thumb Code     0  startup_stm32f407xx.o(.text)
    FLASH_IRQHandler                         0x080001b7   Thumb Code     0  startup_stm32f407xx.o(.text)
    FMC_IRQHandler                           0x080001b7   Thumb Code     0  startup_stm32f407xx.o(.text)
    FPU_IRQHandler                           0x080001b7   Thumb Code     0  startup_stm32f407xx.o(.text)
    HASH_RNG_IRQHandler                      0x080001b7   Thumb Code     0  startup_stm32f407xx.o(.text)
    I2C1_ER_IRQHandler                       0x080001b7   Thumb Code     0  startup_stm32f407xx.o(.text)
    I2C1_EV_IRQHandler                       0x080001b7   Thumb Code     0  startup_stm32f407xx.o(.text)
    I2C2_ER_IRQHandler                       0x080001b7   Thumb Code     0  startup_stm32f407xx.o(.text)
    I2C2_EV_IRQHandler                       0x080001b7   Thumb Code     0  startup_stm32f407xx.o(.text)
    I2C3_ER_IRQHandler                       0x080001b7   Thumb Code     0  startup_stm32f407xx.o(.text)
    I2C3_EV_IRQHandler                       0x080001b7   Thumb Code     0  startup_stm32f407xx.o(.text)
    OTG_FS_IRQHandler                        0x080001b7   Thumb Code     0  startup_stm32f407xx.o(.text)
    OTG_FS_WKUP_IRQHandler                   0x080001b7   Thumb Code     0  startup_stm32f407xx.o(.text)
    OTG_HS_EP1_IN_IRQHandler                 0x080001b7   Thumb Code     0  startup_stm32f407xx.o(.text)
    OTG_HS_EP1_OUT_IRQHandler                0x080001b7   Thumb Code     0  startup_stm32f407xx.o(.text)
    OTG_HS_IRQHandler                        0x080001b7   Thumb Code     0  startup_stm32f407xx.o(.text)
    OTG_HS_WKUP_IRQHandler                   0x080001b7   Thumb Code     0  startup_stm32f407xx.o(.text)
    PVD_IRQHandler                           0x080001b7   Thumb Code     0  startup_stm32f407xx.o(.text)
    RCC_IRQHandler                           0x080001b7   Thumb Code     0  startup_stm32f407xx.o(.text)
    RTC_Alarm_IRQHandler                     0x080001b7   Thumb Code     0  startup_stm32f407xx.o(.text)
    RTC_WKUP_IRQHandler                      0x080001b7   Thumb Code     0  startup_stm32f407xx.o(.text)
    SDIO_IRQHandler                          0x080001b7   Thumb Code     0  startup_stm32f407xx.o(.text)
    SPI1_IRQHandler                          0x080001b7   Thumb Code     0  startup_stm32f407xx.o(.text)
    SPI2_IRQHandler                          0x080001b7   Thumb Code     0  startup_stm32f407xx.o(.text)
    SPI3_IRQHandler                          0x080001b7   Thumb Code     0  startup_stm32f407xx.o(.text)
    TAMP_STAMP_IRQHandler                    0x080001b7   Thumb Code     0  startup_stm32f407xx.o(.text)
    TIM1_CC_IRQHandler                       0x080001b7   Thumb Code     0  startup_stm32f407xx.o(.text)
    TIM1_TRG_COM_TIM11_IRQHandler            0x080001b7   Thumb Code     0  startup_stm32f407xx.o(.text)
    TIM3_IRQHandler                          0x080001b7   Thumb Code     0  startup_stm32f407xx.o(.text)
    TIM6_DAC_IRQHandler                      0x080001b7   Thumb Code     0  startup_stm32f407xx.o(.text)
    TIM7_IRQHandler                          0x080001b7   Thumb Code     0  startup_stm32f407xx.o(.text)
    TIM8_BRK_TIM12_IRQHandler                0x080001b7   Thumb Code     0  startup_stm32f407xx.o(.text)
    TIM8_CC_IRQHandler                       0x080001b7   Thumb Code     0  startup_stm32f407xx.o(.text)
    TIM8_TRG_COM_TIM14_IRQHandler            0x080001b7   Thumb Code     0  startup_stm32f407xx.o(.text)
    TIM8_UP_TIM13_IRQHandler                 0x080001b7   Thumb Code     0  startup_stm32f407xx.o(.text)
    UART4_IRQHandler                         0x080001b7   Thumb Code     0  startup_stm32f407xx.o(.text)
    UART5_IRQHandler                         0x080001b7   Thumb Code     0  startup_stm32f407xx.o(.text)
    USART3_IRQHandler                        0x080001b7   Thumb Code     0  startup_stm32f407xx.o(.text)
    USART6_IRQHandler                        0x080001b7   Thumb Code     0  startup_stm32f407xx.o(.text)
    WWDG_IRQHandler                          0x080001b7   Thumb Code     0  startup_stm32f407xx.o(.text)
    __aeabi_uldivmod                         0x080001c1   Thumb Code    98  uldiv.o(.text)
    __rt_ctype_table                         0x08000225   Thumb Code     4  ctype_o.o(.text)
    isspace                                  0x0800022d   Thumb Code    18  isspace_o.o(.text)
    ___aeabi_memcpy$move                     0x0800023f   Thumb Code    64  memmovea.o(.text)
    ___aeabi_memcpy4$move                    0x0800023f   Thumb Code     0  memmovea.o(.text)
    ___aeabi_memcpy8$move                    0x0800023f   Thumb Code     0  memmovea.o(.text)
    __aeabi_memmove                          0x0800023f   Thumb Code     0  memmovea.o(.text)
    __aeabi_memmove4                         0x0800023f   Thumb Code     0  memmovea.o(.text)
    __aeabi_memmove8                         0x0800023f   Thumb Code     0  memmovea.o(.text)
    __aeabi_memset                           0x0800027f   Thumb Code    14  memseta.o(.text)
    __aeabi_memset4                          0x0800027f   Thumb Code     0  memseta.o(.text)
    __aeabi_memset8                          0x0800027f   Thumb Code     0  memseta.o(.text)
    __aeabi_memclr                           0x0800028d   Thumb Code     4  memseta.o(.text)
    __aeabi_memclr4                          0x0800028d   Thumb Code     0  memseta.o(.text)
    __aeabi_memclr8                          0x0800028d   Thumb Code     0  memseta.o(.text)
    _memset$wrapper                          0x08000291   Thumb Code    18  memseta.o(.text)
    strcmp                                   0x080002a3   Thumb Code    28  strcmp.o(.text)
    strtok                                   0x080002c1   Thumb Code    62  strtok.o(.text)
    __aeabi_dadd                             0x08000305   Thumb Code   322  dadd.o(.text)
    __aeabi_dsub                             0x08000447   Thumb Code     6  dadd.o(.text)
    __aeabi_drsub                            0x0800044d   Thumb Code     6  dadd.o(.text)
    __aeabi_dmul                             0x08000453   Thumb Code   228  dmul.o(.text)
    __aeabi_ddiv                             0x08000537   Thumb Code   222  ddiv.o(.text)
    __aeabi_i2d                              0x08000615   Thumb Code    34  dflti.o(.text)
    __aeabi_d2iz                             0x08000637   Thumb Code    62  dfixi.o(.text)
    __aeabi_f2d                              0x08000675   Thumb Code    38  f2d.o(.text)
    __aeabi_d2f                              0x0800069b   Thumb Code    56  d2f.o(.text)
    __aeabi_uidiv                            0x080006d3   Thumb Code     0  uidiv.o(.text)
    __aeabi_uidivmod                         0x080006d3   Thumb Code    44  uidiv.o(.text)
    __aeabi_llsl                             0x080006ff   Thumb Code    30  llshl.o(.text)
    _ll_shift_l                              0x080006ff   Thumb Code     0  llshl.o(.text)
    __aeabi_llsr                             0x0800071d   Thumb Code    32  llushr.o(.text)
    _ll_ushift_r                             0x0800071d   Thumb Code     0  llushr.o(.text)
    __aeabi_lasr                             0x0800073d   Thumb Code    36  llsshr.o(.text)
    _ll_sshift_r                             0x0800073d   Thumb Code     0  llsshr.o(.text)
    __strtod_int                             0x0800079f   Thumb Code    94  strtod.o(.text)
    __I$use$fp                               0x08000809   Thumb Code     0  iusefp.o(.text)
    _float_round                             0x08000809   Thumb Code    18  fepilogue.o(.text)
    _float_epilogue                          0x0800081b   Thumb Code    92  fepilogue.o(.text)
    _double_round                            0x08000877   Thumb Code    30  depilogue.o(.text)
    _double_epilogue                         0x08000895   Thumb Code   156  depilogue.o(.text)
    __aeabi_d2ulz                            0x08000931   Thumb Code    48  dfixul.o(.text)
    __aeabi_cdcmpeq                          0x08000961   Thumb Code     0  cdcmple.o(.text)
    __aeabi_cdcmple                          0x08000961   Thumb Code    48  cdcmple.o(.text)
    __aeabi_cdrcmple                         0x08000991   Thumb Code    48  cdrcmple.o(.text)
    __scatterload                            0x080009c1   Thumb Code    38  init.o(.text)
    __scatterload_rt2                        0x080009c1   Thumb Code     0  init.o(.text)
    _scanf_real                              0x08000b19   Thumb Code     0  scanf_fp.o(.text)
    _scanf_really_real                       0x08000b19   Thumb Code   556  scanf_fp.o(.text)
    _sgetc                                   0x08000d51   Thumb Code    30  _sgetc.o(.text)
    _sbackspace                              0x08000d6f   Thumb Code    34  _sgetc.o(.text)
    _dsqrt                                   0x08000d91   Thumb Code   162  dsqrt.o(.text)
    __aeabi_ul2d                             0x08000e33   Thumb Code    24  dfltul.o(.text)
    __decompress                             0x08000e4b   Thumb Code     0  __dczerorl2.o(.text)
    __decompress1                            0x08000e4b   Thumb Code    86  __dczerorl2.o(.text)
    BusFault_Handler                         0x08000f2d   Thumb Code     2  stm32f4xx_it.o(.text.BusFault_Handler)
    Calc                                     0x08000f31   Thumb Code   130  crc.o(.text.Calc)
    DMA2_Stream0_IRQHandler                  0x08000fb5   Thumb Code    12  stm32f4xx_it.o(.text.DMA2_Stream0_IRQHandler)
    DMA2_Stream2_IRQHandler                  0x08000fc1   Thumb Code    12  stm32f4xx_it.o(.text.DMA2_Stream2_IRQHandler)
    DMA2_Stream7_IRQHandler                  0x08000fcd   Thumb Code    12  stm32f4xx_it.o(.text.DMA2_Stream7_IRQHandler)
    DebugMon_Handler                         0x08000fd9   Thumb Code     2  stm32f4xx_it.o(.text.DebugMon_Handler)
    Error_Handler                            0x08000fdd   Thumb Code     6  main.o(.text.Error_Handler)
    HAL_ADC_ConfigChannel                    0x08000fe5   Thumb Code   326  stm32f4xx_hal_adc.o(.text.HAL_ADC_ConfigChannel)
    HAL_ADC_ConvCpltCallback                 0x0800112d   Thumb Code     2  stm32f4xx_hal_adc.o(.text.HAL_ADC_ConvCpltCallback)
    HAL_ADC_ConvHalfCpltCallback             0x08001131   Thumb Code     2  stm32f4xx_hal_adc.o(.text.HAL_ADC_ConvHalfCpltCallback)
    HAL_ADC_ErrorCallback                    0x08001135   Thumb Code     2  stm32f4xx_hal_adc.o(.text.HAL_ADC_ErrorCallback)
    HAL_ADC_Init                             0x08001139   Thumb Code   350  stm32f4xx_hal_adc.o(.text.HAL_ADC_Init)
    HAL_ADC_MspInit                          0x08001299   Thumb Code   174  adc.o(.text.HAL_ADC_MspInit)
    HAL_ADC_Start_DMA                        0x08001349   Thumb Code   412  stm32f4xx_hal_adc.o(.text.HAL_ADC_Start_DMA)
    HAL_DMA_Abort                            0x080014e5   Thumb Code   142  stm32f4xx_hal_dma.o(.text.HAL_DMA_Abort)
    HAL_DMA_Abort_IT                         0x08001575   Thumb Code    36  stm32f4xx_hal_dma.o(.text.HAL_DMA_Abort_IT)
    HAL_DMA_IRQHandler                       0x08001599   Thumb Code   448  stm32f4xx_hal_dma.o(.text.HAL_DMA_IRQHandler)
    HAL_DMA_Init                             0x08001759   Thumb Code   354  stm32f4xx_hal_dma.o(.text.HAL_DMA_Init)
    HAL_DMA_Start_IT                         0x080018bd   Thumb Code   162  stm32f4xx_hal_dma.o(.text.HAL_DMA_Start_IT)
    HAL_Delay                                0x08001961   Thumb Code    40  stm32f4xx_hal.o(.text.HAL_Delay)
    HAL_GPIO_Init                            0x08001989   Thumb Code   414  stm32f4xx_hal_gpio.o(.text.HAL_GPIO_Init)
    HAL_GPIO_WritePin                        0x08001b29   Thumb Code    10  stm32f4xx_hal_gpio.o(.text.HAL_GPIO_WritePin)
    HAL_GetTick                              0x08001b35   Thumb Code    12  stm32f4xx_hal.o(.text.HAL_GetTick)
    HAL_IncTick                              0x08001b41   Thumb Code    26  stm32f4xx_hal.o(.text.HAL_IncTick)
    HAL_Init                                 0x08001b5d   Thumb Code    54  stm32f4xx_hal.o(.text.HAL_Init)
    HAL_InitTick                             0x08001b95   Thumb Code    72  stm32f4xx_hal.o(.text.HAL_InitTick)
    HAL_MspInit                              0x08001bdd   Thumb Code    56  stm32f4xx_hal_msp.o(.text.HAL_MspInit)
    HAL_NVIC_EnableIRQ                       0x08001c15   Thumb Code    34  stm32f4xx_hal_cortex.o(.text.HAL_NVIC_EnableIRQ)
    HAL_NVIC_SetPriority                     0x08001c39   Thumb Code    86  stm32f4xx_hal_cortex.o(.text.HAL_NVIC_SetPriority)
    HAL_NVIC_SetPriorityGrouping             0x08001c91   Thumb Code    32  stm32f4xx_hal_cortex.o(.text.HAL_NVIC_SetPriorityGrouping)
    HAL_NVIC_SystemReset                     0x08001cb1   Thumb Code     4  stm32f4xx_hal_cortex.o(.text.HAL_NVIC_SystemReset)
    HAL_RCC_ClockConfig                      0x08001cb5   Thumb Code   356  stm32f4xx_hal_rcc.o(.text.HAL_RCC_ClockConfig)
    HAL_RCC_GetPCLK1Freq                     0x08001e19   Thumb Code    38  stm32f4xx_hal_rcc.o(.text.HAL_RCC_GetPCLK1Freq)
    HAL_RCC_GetPCLK2Freq                     0x08001e41   Thumb Code    38  stm32f4xx_hal_rcc.o(.text.HAL_RCC_GetPCLK2Freq)
    HAL_RCC_GetSysClockFreq                  0x08001e69   Thumb Code   108  stm32f4xx_hal_rcc.o(.text.HAL_RCC_GetSysClockFreq)
    HAL_RCC_OscConfig                        0x08001ed5   Thumb Code   944  stm32f4xx_hal_rcc.o(.text.HAL_RCC_OscConfig)
    HAL_SPI_Init                             0x08002285   Thumb Code   180  stm32f4xx_hal_spi.o(.text.HAL_SPI_Init)
    HAL_SPI_MspInit                          0x08002339   Thumb Code   244  spi.o(.text.HAL_SPI_MspInit)
    HAL_SPI_Transmit                         0x0800242d   Thumb Code   634  stm32f4xx_hal_spi.o(.text.HAL_SPI_Transmit)
    HAL_SPI_TransmitReceive                  0x080026a9   Thumb Code   846  stm32f4xx_hal_spi.o(.text.HAL_SPI_TransmitReceive)
    HAL_SYSTICK_Config                       0x080029f9   Thumb Code    44  stm32f4xx_hal_cortex.o(.text.HAL_SYSTICK_Config)
    HAL_TIMEx_BreakCallback                  0x08002a25   Thumb Code     2  stm32f4xx_hal_tim_ex.o(.text.HAL_TIMEx_BreakCallback)
    HAL_TIMEx_CommutCallback                 0x08002a29   Thumb Code     2  stm32f4xx_hal_tim_ex.o(.text.HAL_TIMEx_CommutCallback)
    HAL_TIMEx_MasterConfigSynchronization    0x08002a2d   Thumb Code   186  stm32f4xx_hal_tim_ex.o(.text.HAL_TIMEx_MasterConfigSynchronization)
    HAL_TIM_Base_Init                        0x08002ae9   Thumb Code    90  stm32f4xx_hal_tim.o(.text.HAL_TIM_Base_Init)
    HAL_TIM_Base_MspInit                     0x08002b45   Thumb Code   196  tim.o(.text.HAL_TIM_Base_MspInit)
    HAL_TIM_Base_Start_IT                    0x08002c09   Thumb Code   170  stm32f4xx_hal_tim.o(.text.HAL_TIM_Base_Start_IT)
    HAL_TIM_ConfigClockSource                0x08002cb5   Thumb Code   416  stm32f4xx_hal_tim.o(.text.HAL_TIM_ConfigClockSource)
    HAL_TIM_Encoder_Init                     0x08002e55   Thumb Code   178  stm32f4xx_hal_tim.o(.text.HAL_TIM_Encoder_Init)
    HAL_TIM_Encoder_MspInit                  0x08002f09   Thumb Code   206  tim.o(.text.HAL_TIM_Encoder_MspInit)
    HAL_TIM_Encoder_Start                    0x08002fd9   Thumb Code   188  stm32f4xx_hal_tim.o(.text.HAL_TIM_Encoder_Start)
    HAL_TIM_IC_CaptureCallback               0x08003095   Thumb Code     2  stm32f4xx_hal_tim.o(.text.HAL_TIM_IC_CaptureCallback)
    HAL_TIM_IRQHandler                       0x08003099   Thumb Code   334  stm32f4xx_hal_tim.o(.text.HAL_TIM_IRQHandler)
    HAL_TIM_OC_DelayElapsedCallback          0x080031e9   Thumb Code     2  stm32f4xx_hal_tim.o(.text.HAL_TIM_OC_DelayElapsedCallback)
    HAL_TIM_PWM_ConfigChannel                0x080031ed   Thumb Code   548  stm32f4xx_hal_tim.o(.text.HAL_TIM_PWM_ConfigChannel)
    HAL_TIM_PWM_Init                         0x08003411   Thumb Code    90  stm32f4xx_hal_tim.o(.text.HAL_TIM_PWM_Init)
    HAL_TIM_PWM_MspInit                      0x0800346d   Thumb Code     2  stm32f4xx_hal_tim.o(.text.HAL_TIM_PWM_MspInit)
    HAL_TIM_PWM_PulseFinishedCallback        0x08003471   Thumb Code     2  stm32f4xx_hal_tim.o(.text.HAL_TIM_PWM_PulseFinishedCallback)
    HAL_TIM_PWM_Start                        0x08003475   Thumb Code   286  stm32f4xx_hal_tim.o(.text.HAL_TIM_PWM_Start)
    HAL_TIM_PeriodElapsedCallback            0x08003595   Thumb Code    50  main.o(.text.HAL_TIM_PeriodElapsedCallback)
    HAL_TIM_TriggerCallback                  0x080035c9   Thumb Code     2  stm32f4xx_hal_tim.o(.text.HAL_TIM_TriggerCallback)
    HAL_UARTEx_ReceiveToIdle_DMA             0x080035cd   Thumb Code   490  stm32f4xx_hal_uart.o(.text.HAL_UARTEx_ReceiveToIdle_DMA)
    HAL_UARTEx_RxEventCallback               0x080037b9   Thumb Code    30  shell.o(.text.HAL_UARTEx_RxEventCallback)
    HAL_UART_ErrorCallback                   0x080037d9   Thumb Code     2  stm32f4xx_hal_uart.o(.text.HAL_UART_ErrorCallback)
    HAL_UART_IRQHandler                      0x080037dd   Thumb Code  1416  stm32f4xx_hal_uart.o(.text.HAL_UART_IRQHandler)
    HAL_UART_Init                            0x08003d65   Thumb Code    96  stm32f4xx_hal_uart.o(.text.HAL_UART_Init)
    HAL_UART_MspInit                         0x08003dc5   Thumb Code   402  usart.o(.text.HAL_UART_MspInit)
    HAL_UART_Receive_IT                      0x08003f59   Thumb Code    84  stm32f4xx_hal_uart.o(.text.HAL_UART_Receive_IT)
    HAL_UART_RxCpltCallback                  0x08003fad   Thumb Code    72  usart.o(.text.HAL_UART_RxCpltCallback)
    HAL_UART_RxHalfCpltCallback              0x08003ff5   Thumb Code     2  stm32f4xx_hal_uart.o(.text.HAL_UART_RxHalfCpltCallback)
    HAL_UART_Transmit                        0x08003ff9   Thumb Code   376  stm32f4xx_hal_uart.o(.text.HAL_UART_Transmit)
    HAL_UART_TxCpltCallback                  0x08004171   Thumb Code     2  stm32f4xx_hal_uart.o(.text.HAL_UART_TxCpltCallback)
    HandleByteReceived                       0x08004175   Thumb Code   248  crsf.o(.text.HandleByteReceived)
    HardFault_Handler                        0x0800426d   Thumb Code     2  stm32f4xx_it.o(.text.HardFault_Handler)
    IMU_AHRSupdate                           0x08004271   Thumb Code   936  imu.o(.text.IMU_AHRSupdate)
    IMU_getValues                            0x08004621   Thumb Code   208  imu.o(.text.IMU_getValues)
    IMU_getYawPitchRoll                      0x080046f9   Thumb Code   424  imu.o(.text.IMU_getYawPitchRoll)
    IMU_init                                 0x080048c1   Thumb Code    56  imu.o(.text.IMU_init)
    MX_ADC1_Init                             0x08004909   Thumb Code   112  adc.o(.text.MX_ADC1_Init)
    MX_DMA_Init                              0x08004979   Thumb Code    88  dma.o(.text.MX_DMA_Init)
    MX_GPIO_Init                             0x080049d1   Thumb Code   342  gpio.o(.text.MX_GPIO_Init)
    MX_SPI1_Init                             0x08004b29   Thumb Code    84  spi.o(.text.MX_SPI1_Init)
    MX_SPI2_Init                             0x08004b7d   Thumb Code    82  spi.o(.text.MX_SPI2_Init)
    MX_TIM1_Init                             0x08004bd1   Thumb Code   116  tim.o(.text.MX_TIM1_Init)
    MX_TIM2_Init                             0x08004c45   Thumb Code   100  tim.o(.text.MX_TIM2_Init)
    MX_TIM3_Init                             0x08004ca9   Thumb Code   282  tim.o(.text.MX_TIM3_Init)
    MX_TIM4_Init                             0x08004dc5   Thumb Code   104  tim.o(.text.MX_TIM4_Init)
    MX_TIM5_Init                             0x08004e2d   Thumb Code   116  tim.o(.text.MX_TIM5_Init)
    MX_USART1_UART_Init                      0x08004ea1   Thumb Code    60  usart.o(.text.MX_USART1_UART_Init)
    MX_USART2_UART_Init                      0x08004edd   Thumb Code    66  usart.o(.text.MX_USART2_UART_Init)
    MemManage_Handler                        0x08004f21   Thumb Code     2  stm32f4xx_it.o(.text.MemManage_Handler)
    MenuInit                                 0x08004f25   Thumb Code    42  menu.o(.text.MenuInit)
    MenuRun                                  0x08004f51   Thumb Code    20  menu.o(.text.MenuRun)
    Menu_Draw                                0x08004f65   Thumb Code   720  menu.o(.text.Menu_Draw)
    NMI_Handler                              0x08005235   Thumb Code     2  stm32f4xx_it.o(.text.NMI_Handler)
    PendSV_Handler                           0x08005239   Thumb Code     2  stm32f4xx_it.o(.text.PendSV_Handler)
    ProcessPacketIn                          0x0800523d   Thumb Code   204  crsf.o(.text.ProcessPacketIn)
    SVC_Handler                              0x0800542d   Thumb Code     2  stm32f4xx_it.o(.text.SVC_Handler)
    SchedulerInit                            0x08005431   Thumb Code    14  task.o(.text.SchedulerInit)
    SchedulerRun                             0x08005441   Thumb Code    78  task.o(.text.SchedulerRun)
    ShellInit                                0x08005491   Thumb Code   494  shell.o(.text.ShellInit)
    ShellRun                                 0x08005681   Thumb Code   444  shell.o(.text.ShellRun)
    SysTick_Handler                          0x08005861   Thumb Code     4  stm32f4xx_it.o(.text.SysTick_Handler)
    SystemClock_Config                       0x08005865   Thumb Code   168  main.o(.text.SystemClock_Config)
    SystemInit                               0x0800590d   Thumb Code    18  system_stm32f4xx.o(.text.SystemInit)
    TIM1_BRK_TIM9_IRQHandler                 0x08005921   Thumb Code    12  stm32f4xx_it.o(.text.TIM1_BRK_TIM9_IRQHandler)
    TIM1_UP_TIM10_IRQHandler                 0x0800592d   Thumb Code    12  stm32f4xx_it.o(.text.TIM1_UP_TIM10_IRQHandler)
    TIM2_IRQHandler                          0x08005939   Thumb Code    12  stm32f4xx_it.o(.text.TIM2_IRQHandler)
    TIM4_IRQHandler                          0x08005945   Thumb Code    12  stm32f4xx_it.o(.text.TIM4_IRQHandler)
    TIM5_IRQHandler                          0x08005951   Thumb Code    12  stm32f4xx_it.o(.text.TIM5_IRQHandler)
    TIM_Base_SetConfig                       0x0800595d   Thumb Code   322  stm32f4xx_hal_tim.o(.text.TIM_Base_SetConfig)
    USART1_IRQHandler                        0x08005f91   Thumb Code    12  stm32f4xx_it.o(.text.USART1_IRQHandler)
    USART2_IRQHandler                        0x08005f9d   Thumb Code    12  stm32f4xx_it.o(.text.USART2_IRQHandler)
    UsageFault_Handler                       0x08005fa9   Thumb Code     2  stm32f4xx_it.o(.text.UsageFault_Handler)
    action_Func                              0x08006059   Thumb Code     8  menu.o(.text.action_Func)
    action_Reboot                            0x08006085   Thumb Code     8  menu.o(.text.action_Reboot)
    action_SetBrightness                     0x080060b5   Thumb Code     8  menu.o(.text.action_SetBrightness)
    action_ShowInfo                          0x080060e5   Thumb Code     8  menu.o(.text.action_ShowInfo)
    action_State                             0x08006115   Thumb Code     8  menu.o(.text.action_State)
    bsp_Icm42688Init                         0x08006141   Thumb Code    26  icm42688.o(.text.bsp_Icm42688Init)
    bsp_Icm42688RegCfg                       0x0800615d   Thumb Code  1010  icm42688.o(.text.bsp_Icm42688RegCfg)
    bsp_IcmGetRawData                        0x08006551   Thumb Code   528  icm42688.o(.text.bsp_IcmGetRawData)
    calGyroVariance                          0x08006761   Thumb Code  1048  imu.o(.text.calGyroVariance)
    fputc                                    0x08007451   Thumb Code    32  shell.o(.text.fputc)
    imuUpdata                                0x08007471   Thumb Code    16  sensor.o(.text.imuUpdata)
    lcd_clear                                0x08007481   Thumb Code    38  lcd_core.o(.text.lcd_clear)
    lcd_delay                                0x080074a9   Thumb Code     4  lcd_port.o(.text.lcd_delay)
    lcd_fill                                 0x080074ad   Thumb Code   364  lcd_core.o(.text.lcd_fill)
    lcd_init_dev                             0x08007619   Thumb Code   118  lcd_core.o(.text.lcd_init_dev)
    lcd_init_hw                              0x08007691   Thumb Code   642  lcd_core.o(.text.lcd_init_hw)
    lcd_io_bl                                0x08007915   Thumb Code    26  lcd_port.o(.text.lcd_io_bl)
    lcd_io_rst                               0x08007931   Thumb Code    26  lcd_port.o(.text.lcd_io_rst)
    lcd_print                                0x0800794d   Thumb Code   106  lcd_core.o(.text.lcd_print)
    lcd_set_address                          0x080079b9   Thumb Code   164  lcd_core.o(.text.lcd_set_address)
    lcd_set_font                             0x08007a5d   Thumb Code    42  lcd_core.o(.text.lcd_set_font)
    lcd_show_char                            0x08007a89   Thumb Code   342  lcd_core.o(.text.lcd_show_char)
    lcd_write_bulk                           0x08007be1   Thumb Code   100  lcd_port.o(.text.lcd_write_bulk)
    lcd_write_byte                           0x08007c45   Thumb Code    50  lcd_port.o(.text.lcd_write_byte)
    lcd_write_halfword                       0x08007c79   Thumb Code    54  lcd_port.o(.text.lcd_write_halfword)
    lcd_write_reg                            0x08007cb1   Thumb Code    46  lcd_port.o(.text.lcd_write_reg)
    lcd_write_reg_data                       0x08007ce1   Thumb Code    66  lcd_core.o(.text.lcd_write_reg_data)
    main                                     0x08007d25   Thumb Code   212  main.o(.text.main)
    __0printf                                0x08007e25   Thumb Code    22  printfa.o(i.__0printf)
    __1printf                                0x08007e25   Thumb Code     0  printfa.o(i.__0printf)
    __2printf                                0x08007e25   Thumb Code     0  printfa.o(i.__0printf)
    __c89printf                              0x08007e25   Thumb Code     0  printfa.o(i.__0printf)
    printf                                   0x08007e25   Thumb Code     0  printfa.o(i.__0printf)
    __0vsnprintf                             0x08007e45   Thumb Code    46  printfa.o(i.__0vsnprintf)
    __1vsnprintf                             0x08007e45   Thumb Code     0  printfa.o(i.__0vsnprintf)
    __2vsnprintf                             0x08007e45   Thumb Code     0  printfa.o(i.__0vsnprintf)
    __c89vsnprintf                           0x08007e45   Thumb Code     0  printfa.o(i.__0vsnprintf)
    vsnprintf                                0x08007e45   Thumb Code     0  printfa.o(i.__0vsnprintf)
    __ARM_fpclassify                         0x08007e79   Thumb Code    48  fpclassify.o(i.__ARM_fpclassify)
    __aeabi_errno_addr                       0x08007ea9   Thumb Code     4  errno.o(i.__aeabi_errno_addr)
    __rt_errno_addr                          0x08007ea9   Thumb Code     0  errno.o(i.__aeabi_errno_addr)
    __hardfp_asin                            0x08007eb1   Thumb Code   770  asin.o(i.__hardfp_asin)
    __hardfp_atan                            0x08008211   Thumb Code   622  atan.o(i.__hardfp_atan)
    __hardfp_atan2                           0x080084e9   Thumb Code   448  atan2.o(i.__hardfp_atan2)
    __hardfp_strtod                          0x080086e9   Thumb Code    32  strtod.o(i.__hardfp_strtod)
    __kernel_poly                            0x08008711   Thumb Code   248  poly.o(i.__kernel_poly)
    __mathlib_dbl_infnan                     0x08008809   Thumb Code    20  dunder.o(i.__mathlib_dbl_infnan)
    __mathlib_dbl_infnan2                    0x0800881d   Thumb Code    20  dunder.o(i.__mathlib_dbl_infnan2)
    __mathlib_dbl_invalid                    0x08008831   Thumb Code    24  dunder.o(i.__mathlib_dbl_invalid)
    __mathlib_dbl_underflow                  0x08008851   Thumb Code    24  dunder.o(i.__mathlib_dbl_underflow)
    __scatterload_copy                       0x08008871   Thumb Code    14  handlers.o(i.__scatterload_copy)
    __scatterload_null                       0x0800887f   Thumb Code     2  handlers.o(i.__scatterload_null)
    __scatterload_zeroinit                   0x08008881   Thumb Code    14  handlers.o(i.__scatterload_zeroinit)
    __set_errno                              0x08008891   Thumb Code     6  errno.o(i.__set_errno)
    _is_digit                                0x08008a21   Thumb Code    14  scanf_fp.o(i._is_digit)
    atan                                     0x08009175   Thumb Code    16  atan.o(i.atan)
    fabs                                     0x08009185   Thumb Code    24  fabs.o(i.fabs)
    puts                                     0x0800919d   Thumb Code    30  puts.o(i.puts)
    sqrt                                     0x080091c1   Thumb Code   110  sqrt.o(i.sqrt)
    __ctype_table                            0x08009280   Data         129  ctype_o.o(.constdata)
    __mathlib_zero                           0x080093a0   Data           8  qnan.o(.constdata)
    AHBPrescTable                            0x080093a8   Data          16  system_stm32f4xx.o(.rodata.AHBPrescTable)
    APBPrescTable                            0x080093b8   Data           8  system_stm32f4xx.o(.rodata.APBPrescTable)
    ascii_1206                               0x080093c0   Data        1140  lcd_font.o(.rodata.ascii_1206)
    ascii_1608                               0x08009834   Data        1520  lcd_font.o(.rodata.ascii_1608)
    ascii_2412                               0x08009e24   Data        4560  lcd_font.o(.rodata.ascii_2412)
    ascii_3216                               0x0800aff4   Data        6080  lcd_font.o(.rodata.ascii_3216)
    lcd_fonts                                0x0800c81c   Data          64  lcd_font.o(.rodata.lcd_fonts)
    Region$$Table$$Base                      0x0800d86c   Number         0  anon$$obj.o(Region$$Table)
    Region$$Table$$Limit                     0x0800d88c   Number         0  anon$$obj.o(Region$$Table)
    __stdout                                 0x20000008   Data           4  stdout.o(.data)
    uwTickFreq                               0x2000000c   Data           1  stm32f4xx_hal.o(.data..L_MergedGlobals)
    uwTickPrio                               0x20000010   Data           4  stm32f4xx_hal.o(.data..L_MergedGlobals)
    SystemCoreClock                          0x2000001c   Data           4  system_stm32f4xx.o(.data.SystemCoreClock)
    lcd_cfg_address                          0x20000020   Data          48  lcd_core.o(.data.lcd_cfg_address)
    lcd_cfg_order                            0x20000050   Data          12  lcd_core.o(.data.lcd_cfg_order)
    lcd_desc                                 0x2000005c   Data          44  main.o(.data.lcd_desc)
    lcd_hw_0_96                              0x20000088   Data          12  lcd_core.o(.data.lcd_hw_0_96)
    lcd_hw_1_14                              0x20000094   Data          12  lcd_core.o(.data.lcd_hw_1_14)
    lcd_hw_1_47                              0x200000a0   Data          12  lcd_core.o(.data.lcd_hw_1_47)
    lcd_hw_desc                              0x200000ac   Data          12  lcd_core.o(.data.lcd_hw_desc)
    lcd_io_desc                              0x200000b8   Data          44  main.o(.data.lcd_io_desc)
    mainMenuItems                            0x200000e4   Data         196  menu.o(.data.mainMenuItems)
    settingsMenuItems                        0x200001c0   Data          84  menu.o(.data.settingsMenuItems)
    RxBuffer                                 0x20000218   Data           1  usart.o(.bss..L_MergedGlobals)
    huart2                                   0x2000021c   Data          72  usart.o(.bss..L_MergedGlobals)
    task_num                                 0x200002a8   Data           1  task.o(.bss..L_MergedGlobals)
    now_time                                 0x200002ac   Data           4  task.o(.bss..L_MergedGlobals)
    nowtime                                  0x200002b4   Data           4  imu.o(.bss..L_MergedGlobals)
    q0                                       0x200002b8   Data           4  imu.o(.bss..L_MergedGlobals)
    q1                                       0x200002bc   Data           4  imu.o(.bss..L_MergedGlobals)
    q2                                       0x200002c0   Data           4  imu.o(.bss..L_MergedGlobals)
    q3                                       0x200002c4   Data           4  imu.o(.bss..L_MergedGlobals)
    exInt                                    0x200002c8   Data           4  imu.o(.bss..L_MergedGlobals)
    eyInt                                    0x200002cc   Data           4  imu.o(.bss..L_MergedGlobals)
    ezInt                                    0x200002d0   Data           4  imu.o(.bss..L_MergedGlobals)
    lastUpdate                               0x200002d4   Data           4  imu.o(.bss..L_MergedGlobals)
    now                                      0x200002d8   Data           4  imu.o(.bss..L_MergedGlobals)
    CalCount                                 0x200002e0   Data           4  imu.o(.bss..L_MergedGlobals)
    gyro_offset                              0x20000318   Data          12  imu.o(.bss..L_MergedGlobals)
    RxBuf_Index                              0x20000324   Data           1  crsf.o(.bss..L_MergedGlobals)
    LinkStatistics                           0x20000328   Data          10  crsf.o(.bss..L_MergedGlobals)
    RxBuf                                    0x20000332   Data          64  crsf.o(.bss..L_MergedGlobals)
    north                                    0x20000374   Data          12  imu.o(.bss..L_MergedGlobals.1)
    west                                     0x20000380   Data          12  imu.o(.bss..L_MergedGlobals.1)
    TTangles_gyro                            0x2000038c   Data          28  imu.o(.bss..L_MergedGlobals.1)
    mygetqval                                0x200003a8   Data          36  imu.o(.bss..L_MergedGlobals.1)
    CrsfChannels                             0x200003cc   Data          64  crsf.o(.bss.CrsfChannels)
    _lut                                     0x20002030   Data         256  crc.o(.bss._lut)
    hadc1                                    0x20002130   Data          72  adc.o(.bss.hadc1)
    hdma_adc1                                0x20002178   Data          96  adc.o(.bss.hdma_adc1)
    hdma_usart1_rx                           0x200021d8   Data          96  usart.o(.bss.hdma_usart1_rx)
    hdma_usart1_tx                           0x20002238   Data          96  usart.o(.bss.hdma_usart1_tx)
    hspi1                                    0x20002298   Data          88  spi.o(.bss.hspi1)
    hspi2                                    0x200022f0   Data          88  spi.o(.bss.hspi2)
    htim1                                    0x20002348   Data          72  tim.o(.bss.htim1)
    htim2                                    0x20002390   Data          72  tim.o(.bss.htim2)
    htim3                                    0x200023d8   Data          72  tim.o(.bss.htim3)
    htim4                                    0x20002420   Data          72  tim.o(.bss.htim4)
    htim5                                    0x20002468   Data          72  tim.o(.bss.htim5)
    huart1                                   0x200024b0   Data          72  usart.o(.bss.huart1)
    imu_angle                                0x200024f8   Data          12  sensor.o(.bss.imu_angle)
    menu                                     0x20002784   Data          20  menu.o(.bss.menu)
    uwTick                                   0x20002798   Data           4  stm32f4xx_hal.o(.bss.uwTick)
    __initial_sp                             0x20002ba0   Data           0  startup_stm32f407xx.o(STACK)



==============================================================================

Memory Map of the image

  Image Entry point : 0x08000189

  Load Region LR_IROM1 (Base: 0x08000000, Size: 0x0000daa8, Max: 0x00100000, ABSOLUTE, COMPRESSED[0x0000d960])

    Execution Region ER_IROM1 (Exec base: 0x08000000, Load base: 0x08000000, Size: 0x0000d88c, Max: 0x00100000, ABSOLUTE)

    Exec Addr    Load Addr    Size         Type   Attr      Idx    E Section Name        Object

    0x08000000   0x08000000   0x00000188   Data   RO            3    RESET               startup_stm32f407xx.o
    0x08000188   0x08000188   0x00000000   Code   RO         1565  * .ARM.Collect$$$$00000000  mc_w.l(entry.o)
    0x08000188   0x08000188   0x00000004   Code   RO         1936    .ARM.Collect$$$$00000001  mc_w.l(entry2.o)
    0x0800018c   0x0800018c   0x00000004   Code   RO         1939    .ARM.Collect$$$$00000004  mc_w.l(entry5.o)
    0x08000190   0x08000190   0x00000000   Code   RO         1941    .ARM.Collect$$$$00000008  mc_w.l(entry7b.o)
    0x08000190   0x08000190   0x00000000   Code   RO         1943    .ARM.Collect$$$$0000000A  mc_w.l(entry8b.o)
    0x08000190   0x08000190   0x00000008   Code   RO         1944    .ARM.Collect$$$$0000000B  mc_w.l(entry9a.o)
    0x08000198   0x08000198   0x00000000   Code   RO         1946    .ARM.Collect$$$$0000000D  mc_w.l(entry10a.o)
    0x08000198   0x08000198   0x00000000   Code   RO         1948    .ARM.Collect$$$$0000000F  mc_w.l(entry11a.o)
    0x08000198   0x08000198   0x00000004   Code   RO         1937    .ARM.Collect$$$$00002712  mc_w.l(entry2.o)
    0x0800019c   0x0800019c   0x00000024   Code   RO            4    .text               startup_stm32f407xx.o
    0x080001c0   0x080001c0   0x00000062   Code   RO         1572    .text               mc_w.l(uldiv.o)
    0x08000222   0x08000222   0x00000002   PAD
    0x08000224   0x08000224   0x00000008   Code   RO         1574    .text               mc_w.l(ctype_o.o)
    0x0800022c   0x0800022c   0x00000012   Code   RO         1596    .text               mc_w.l(isspace_o.o)
    0x0800023e   0x0800023e   0x00000040   Code   RO         1602    .text               mc_w.l(memmovea.o)
    0x0800027e   0x0800027e   0x00000024   Code   RO         1604    .text               mc_w.l(memseta.o)
    0x080002a2   0x080002a2   0x0000001c   Code   RO         1606    .text               mc_w.l(strcmp.o)
    0x080002be   0x080002be   0x00000002   PAD
    0x080002c0   0x080002c0   0x00000044   Code   RO         1608    .text               mc_w.l(strtok.o)
    0x08000304   0x08000304   0x0000014e   Code   RO         1884    .text               mf_w.l(dadd.o)
    0x08000452   0x08000452   0x000000e4   Code   RO         1886    .text               mf_w.l(dmul.o)
    0x08000536   0x08000536   0x000000de   Code   RO         1888    .text               mf_w.l(ddiv.o)
    0x08000614   0x08000614   0x00000022   Code   RO         1890    .text               mf_w.l(dflti.o)
    0x08000636   0x08000636   0x0000003e   Code   RO         1892    .text               mf_w.l(dfixi.o)
    0x08000674   0x08000674   0x00000026   Code   RO         1894    .text               mf_w.l(f2d.o)
    0x0800069a   0x0800069a   0x00000038   Code   RO         1896    .text               mf_w.l(d2f.o)
    0x080006d2   0x080006d2   0x0000002c   Code   RO         1960    .text               mc_w.l(uidiv.o)
    0x080006fe   0x080006fe   0x0000001e   Code   RO         1962    .text               mc_w.l(llshl.o)
    0x0800071c   0x0800071c   0x00000020   Code   RO         1964    .text               mc_w.l(llushr.o)
    0x0800073c   0x0800073c   0x00000024   Code   RO         1966    .text               mc_w.l(llsshr.o)
    0x08000760   0x08000760   0x000000a8   Code   RO         1968    .text               mc_w.l(strtod.o)
    0x08000808   0x08000808   0x00000000   Code   RO         1970    .text               mc_w.l(iusefp.o)
    0x08000808   0x08000808   0x0000006e   Code   RO         1971    .text               mf_w.l(fepilogue.o)
    0x08000876   0x08000876   0x000000ba   Code   RO         1973    .text               mf_w.l(depilogue.o)
    0x08000930   0x08000930   0x00000030   Code   RO         1977    .text               mf_w.l(dfixul.o)
    0x08000960   0x08000960   0x00000030   Code   RO         1979    .text               mf_w.l(cdcmple.o)
    0x08000990   0x08000990   0x00000030   Code   RO         1981    .text               mf_w.l(cdrcmple.o)
    0x080009c0   0x080009c0   0x00000030   Code   RO         1983    .text               mc_w.l(init.o)
    0x080009f0   0x080009f0   0x00000360   Code   RO         1987    .text               mc_w.l(scanf_fp.o)
    0x08000d50   0x08000d50   0x00000040   Code   RO         1991    .text               mc_w.l(_sgetc.o)
    0x08000d90   0x08000d90   0x000000a2   Code   RO         1993    .text               mf_w.l(dsqrt.o)
    0x08000e32   0x08000e32   0x00000018   Code   RO         1998    .text               mf_w.l(dfltul.o)
    0x08000e4a   0x08000e4a   0x00000056   Code   RO         2008    .text               mc_w.l(__dczerorl2.o)
    0x08000ea0   0x08000ea0   0x0000006e   Code   RO          222    .text.ADC_DMAConvCplt  stm32f4xx_hal_adc.o
    0x08000f0e   0x08000f0e   0x00000002   PAD
    0x08000f10   0x08000f10   0x00000012   Code   RO          226    .text.ADC_DMAError  stm32f4xx_hal_adc.o
    0x08000f22   0x08000f22   0x00000002   PAD
    0x08000f24   0x08000f24   0x00000006   Code   RO          224    .text.ADC_DMAHalfConvCplt  stm32f4xx_hal_adc.o
    0x08000f2a   0x08000f2a   0x00000002   PAD
    0x08000f2c   0x08000f2c   0x00000002   Code   RO          145    .text.BusFault_Handler  stm32f4xx_it.o
    0x08000f2e   0x08000f2e   0x00000002   PAD
    0x08000f30   0x08000f30   0x00000082   Code   RO         1400    .text.Calc          crc.o
    0x08000fb2   0x08000fb2   0x00000002   PAD
    0x08000fb4   0x08000fb4   0x0000000c   Code   RO          171    .text.DMA2_Stream0_IRQHandler  stm32f4xx_it.o
    0x08000fc0   0x08000fc0   0x0000000c   Code   RO          173    .text.DMA2_Stream2_IRQHandler  stm32f4xx_it.o
    0x08000fcc   0x08000fcc   0x0000000c   Code   RO          175    .text.DMA2_Stream7_IRQHandler  stm32f4xx_it.o
    0x08000fd8   0x08000fd8   0x00000002   Code   RO          151    .text.DebugMon_Handler  stm32f4xx_it.o
    0x08000fda   0x08000fda   0x00000002   PAD
    0x08000fdc   0x08000fdc   0x00000006   Code   RO           17    .text.Error_Handler  main.o
    0x08000fe2   0x08000fe2   0x00000002   PAD
    0x08000fe4   0x08000fe4   0x00000146   Code   RO          234    .text.HAL_ADC_ConfigChannel  stm32f4xx_hal_adc.o
    0x0800112a   0x0800112a   0x00000002   PAD
    0x0800112c   0x0800112c   0x00000002   Code   RO          214    .text.HAL_ADC_ConvCpltCallback  stm32f4xx_hal_adc.o
    0x0800112e   0x0800112e   0x00000002   PAD
    0x08001130   0x08001130   0x00000002   Code   RO          232    .text.HAL_ADC_ConvHalfCpltCallback  stm32f4xx_hal_adc.o
    0x08001132   0x08001132   0x00000002   PAD
    0x08001134   0x08001134   0x00000002   Code   RO          218    .text.HAL_ADC_ErrorCallback  stm32f4xx_hal_adc.o
    0x08001136   0x08001136   0x00000002   PAD
    0x08001138   0x08001138   0x0000015e   Code   RO          192    .text.HAL_ADC_Init  stm32f4xx_hal_adc.o
    0x08001296   0x08001296   0x00000002   PAD
    0x08001298   0x08001298   0x000000ae   Code   RO           43    .text.HAL_ADC_MspInit  adc.o
    0x08001346   0x08001346   0x00000002   PAD
    0x08001348   0x08001348   0x0000019c   Code   RO          220    .text.HAL_ADC_Start_DMA  stm32f4xx_hal_adc.o
    0x080014e4   0x080014e4   0x0000008e   Code   RO          445    .text.HAL_DMA_Abort  stm32f4xx_hal_dma.o
    0x08001572   0x08001572   0x00000002   PAD
    0x08001574   0x08001574   0x00000024   Code   RO          447    .text.HAL_DMA_Abort_IT  stm32f4xx_hal_dma.o
    0x08001598   0x08001598   0x000001c0   Code   RO          451    .text.HAL_DMA_IRQHandler  stm32f4xx_hal_dma.o
    0x08001758   0x08001758   0x00000162   Code   RO          437    .text.HAL_DMA_Init  stm32f4xx_hal_dma.o
    0x080018ba   0x080018ba   0x00000002   PAD
    0x080018bc   0x080018bc   0x000000a2   Code   RO          443    .text.HAL_DMA_Start_IT  stm32f4xx_hal_dma.o
    0x0800195e   0x0800195e   0x00000002   PAD
    0x08001960   0x08001960   0x00000028   Code   RO          604    .text.HAL_Delay     stm32f4xx_hal.o
    0x08001988   0x08001988   0x0000019e   Code   RO          399    .text.HAL_GPIO_Init  stm32f4xx_hal_gpio.o
    0x08001b26   0x08001b26   0x00000002   PAD
    0x08001b28   0x08001b28   0x0000000a   Code   RO          405    .text.HAL_GPIO_WritePin  stm32f4xx_hal_gpio.o
    0x08001b32   0x08001b32   0x00000002   PAD
    0x08001b34   0x08001b34   0x0000000c   Code   RO          596    .text.HAL_GetTick   stm32f4xx_hal.o
    0x08001b40   0x08001b40   0x0000001a   Code   RO          594    .text.HAL_IncTick   stm32f4xx_hal.o
    0x08001b5a   0x08001b5a   0x00000002   PAD
    0x08001b5c   0x08001b5c   0x00000036   Code   RO          584    .text.HAL_Init      stm32f4xx_hal.o
    0x08001b92   0x08001b92   0x00000002   PAD
    0x08001b94   0x08001b94   0x00000048   Code   RO          586    .text.HAL_InitTick  stm32f4xx_hal.o
    0x08001bdc   0x08001bdc   0x00000038   Code   RO          184    .text.HAL_MspInit   stm32f4xx_hal_msp.o
    0x08001c14   0x08001c14   0x00000022   Code   RO          536    .text.HAL_NVIC_EnableIRQ  stm32f4xx_hal_cortex.o
    0x08001c36   0x08001c36   0x00000002   PAD
    0x08001c38   0x08001c38   0x00000056   Code   RO          534    .text.HAL_NVIC_SetPriority  stm32f4xx_hal_cortex.o
    0x08001c8e   0x08001c8e   0x00000002   PAD
    0x08001c90   0x08001c90   0x00000020   Code   RO          532    .text.HAL_NVIC_SetPriorityGrouping  stm32f4xx_hal_cortex.o
    0x08001cb0   0x08001cb0   0x00000004   Code   RO          540    .text.HAL_NVIC_SystemReset  stm32f4xx_hal_cortex.o
    0x08001cb4   0x08001cb4   0x00000164   Code   RO          293    .text.HAL_RCC_ClockConfig  stm32f4xx_hal_rcc.o
    0x08001e18   0x08001e18   0x00000026   Code   RO          305    .text.HAL_RCC_GetPCLK1Freq  stm32f4xx_hal_rcc.o
    0x08001e3e   0x08001e3e   0x00000002   PAD
    0x08001e40   0x08001e40   0x00000026   Code   RO          307    .text.HAL_RCC_GetPCLK2Freq  stm32f4xx_hal_rcc.o
    0x08001e66   0x08001e66   0x00000002   PAD
    0x08001e68   0x08001e68   0x0000006c   Code   RO          295    .text.HAL_RCC_GetSysClockFreq  stm32f4xx_hal_rcc.o
    0x08001ed4   0x08001ed4   0x000003b0   Code   RO          291    .text.HAL_RCC_OscConfig  stm32f4xx_hal_rcc.o
    0x08002284   0x08002284   0x000000b4   Code   RO          674    .text.HAL_SPI_Init  stm32f4xx_hal_spi.o
    0x08002338   0x08002338   0x000000f4   Code   RO           70    .text.HAL_SPI_MspInit  spi.o
    0x0800242c   0x0800242c   0x0000027a   Code   RO          682    .text.HAL_SPI_Transmit  stm32f4xx_hal_spi.o
    0x080026a6   0x080026a6   0x00000002   PAD
    0x080026a8   0x080026a8   0x0000034e   Code   RO          686    .text.HAL_SPI_TransmitReceive  stm32f4xx_hal_spi.o
    0x080029f6   0x080029f6   0x00000002   PAD
    0x080029f8   0x080029f8   0x0000002c   Code   RO          544    .text.HAL_SYSTICK_Config  stm32f4xx_hal_cortex.o
    0x08002a24   0x08002a24   0x00000002   Code   RO         1093    .text.HAL_TIMEx_BreakCallback  stm32f4xx_hal_tim_ex.o
    0x08002a26   0x08002a26   0x00000002   PAD
    0x08002a28   0x08002a28   0x00000002   Code   RO         1089    .text.HAL_TIMEx_CommutCallback  stm32f4xx_hal_tim_ex.o
    0x08002a2a   0x08002a2a   0x00000002   PAD
    0x08002a2c   0x08002a2c   0x000000ba   Code   RO         1083    .text.HAL_TIMEx_MasterConfigSynchronization  stm32f4xx_hal_tim_ex.o
    0x08002ae6   0x08002ae6   0x00000002   PAD
    0x08002ae8   0x08002ae8   0x0000005a   Code   RO          788    .text.HAL_TIM_Base_Init  stm32f4xx_hal_tim.o
    0x08002b42   0x08002b42   0x00000002   PAD
    0x08002b44   0x08002b44   0x000000c4   Code   RO           96    .text.HAL_TIM_Base_MspInit  tim.o
    0x08002c08   0x08002c08   0x000000aa   Code   RO          802    .text.HAL_TIM_Base_Start_IT  stm32f4xx_hal_tim.o
    0x08002cb2   0x08002cb2   0x00000002   PAD
    0x08002cb4   0x08002cb4   0x000001a0   Code   RO          968    .text.HAL_TIM_ConfigClockSource  stm32f4xx_hal_tim.o
    0x08002e54   0x08002e54   0x000000b2   Code   RO          902    .text.HAL_TIM_Encoder_Init  stm32f4xx_hal_tim.o
    0x08002f06   0x08002f06   0x00000002   PAD
    0x08002f08   0x08002f08   0x000000ce   Code   RO           98    .text.HAL_TIM_Encoder_MspInit  tim.o
    0x08002fd6   0x08002fd6   0x00000002   PAD
    0x08002fd8   0x08002fd8   0x000000bc   Code   RO          910    .text.HAL_TIM_Encoder_Start  stm32f4xx_hal_tim.o
    0x08003094   0x08003094   0x00000002   Code   RO          924    .text.HAL_TIM_IC_CaptureCallback  stm32f4xx_hal_tim.o
    0x08003096   0x08003096   0x00000002   PAD
    0x08003098   0x08003098   0x0000014e   Code   RO          922    .text.HAL_TIM_IRQHandler  stm32f4xx_hal_tim.o
    0x080031e6   0x080031e6   0x00000002   PAD
    0x080031e8   0x080031e8   0x00000002   Code   RO          926    .text.HAL_TIM_OC_DelayElapsedCallback  stm32f4xx_hal_tim.o
    0x080031ea   0x080031ea   0x00000002   PAD
    0x080031ec   0x080031ec   0x00000224   Code   RO          942    .text.HAL_TIM_PWM_ConfigChannel  stm32f4xx_hal_tim.o
    0x08003410   0x08003410   0x0000005a   Code   RO          842    .text.HAL_TIM_PWM_Init  stm32f4xx_hal_tim.o
    0x0800346a   0x0800346a   0x00000002   PAD
    0x0800346c   0x0800346c   0x00000002   Code   RO          844    .text.HAL_TIM_PWM_MspInit  stm32f4xx_hal_tim.o
    0x0800346e   0x0800346e   0x00000002   PAD
    0x08003470   0x08003470   0x00000002   Code   RO          928    .text.HAL_TIM_PWM_PulseFinishedCallback  stm32f4xx_hal_tim.o
    0x08003472   0x08003472   0x00000002   PAD
    0x08003474   0x08003474   0x0000011e   Code   RO          850    .text.HAL_TIM_PWM_Start  stm32f4xx_hal_tim.o
    0x08003592   0x08003592   0x00000002   PAD
    0x08003594   0x08003594   0x00000032   Code   RO           11    .text.HAL_TIM_PeriodElapsedCallback  main.o
    0x080035c6   0x080035c6   0x00000002   PAD
    0x080035c8   0x080035c8   0x00000002   Code   RO          932    .text.HAL_TIM_TriggerCallback  stm32f4xx_hal_tim.o
    0x080035ca   0x080035ca   0x00000002   PAD
    0x080035cc   0x080035cc   0x000001ea   Code   RO         1155    .text.HAL_UARTEx_ReceiveToIdle_DMA  stm32f4xx_hal_uart.o
    0x080037b6   0x080037b6   0x00000002   PAD
    0x080037b8   0x080037b8   0x0000001e   Code   RO         1273    .text.HAL_UARTEx_RxEventCallback  shell.o
    0x080037d6   0x080037d6   0x00000002   PAD
    0x080037d8   0x080037d8   0x00000002   Code   RO         1191    .text.HAL_UART_ErrorCallback  stm32f4xx_hal_uart.o
    0x080037da   0x080037da   0x00000002   PAD
    0x080037dc   0x080037dc   0x00000588   Code   RO         1185    .text.HAL_UART_IRQHandler  stm32f4xx_hal_uart.o
    0x08003d64   0x08003d64   0x00000060   Code   RO         1107    .text.HAL_UART_Init  stm32f4xx_hal_uart.o
    0x08003dc4   0x08003dc4   0x00000192   Code   RO          121    .text.HAL_UART_MspInit  usart.o
    0x08003f56   0x08003f56   0x00000002   PAD
    0x08003f58   0x08003f58   0x00000054   Code   RO         1129    .text.HAL_UART_Receive_IT  stm32f4xx_hal_uart.o
    0x08003fac   0x08003fac   0x00000048   Code   RO          125    .text.HAL_UART_RxCpltCallback  usart.o
    0x08003ff4   0x08003ff4   0x00000002   Code   RO         1201    .text.HAL_UART_RxHalfCpltCallback  stm32f4xx_hal_uart.o
    0x08003ff6   0x08003ff6   0x00000002   PAD
    0x08003ff8   0x08003ff8   0x00000178   Code   RO         1123    .text.HAL_UART_Transmit  stm32f4xx_hal_uart.o
    0x08004170   0x08004170   0x00000002   Code   RO         1195    .text.HAL_UART_TxCpltCallback  stm32f4xx_hal_uart.o
    0x08004172   0x08004172   0x00000002   PAD
    0x08004174   0x08004174   0x000000f8   Code   RO         1411    .text.HandleByteReceived  crsf.o
    0x0800426c   0x0800426c   0x00000002   Code   RO          141    .text.HardFault_Handler  stm32f4xx_it.o
    0x0800426e   0x0800426e   0x00000002   PAD
    0x08004270   0x08004270   0x000003b0   Code   RO         1371    .text.IMU_AHRSupdate  imu.o
    0x08004620   0x08004620   0x000000d4   Code   RO         1369    .text.IMU_getValues  imu.o
    0x080046f4   0x080046f4   0x00000004   PAD
    0x080046f8   0x080046f8   0x000001c8   Code   RO         1375    .text.IMU_getYawPitchRoll  imu.o
    0x080048c0   0x080048c0   0x00000048   Code   RO         1365    .text.IMU_init      imu.o
    0x08004908   0x08004908   0x00000070   Code   RO           41    .text.MX_ADC1_Init  adc.o
    0x08004978   0x08004978   0x00000058   Code   RO           57    .text.MX_DMA_Init   dma.o
    0x080049d0   0x080049d0   0x00000156   Code   RO           31    .text.MX_GPIO_Init  gpio.o
    0x08004b26   0x08004b26   0x00000002   PAD
    0x08004b28   0x08004b28   0x00000054   Code   RO           66    .text.MX_SPI1_Init  spi.o
    0x08004b7c   0x08004b7c   0x00000052   Code   RO           68    .text.MX_SPI2_Init  spi.o
    0x08004bce   0x08004bce   0x00000002   PAD
    0x08004bd0   0x08004bd0   0x00000074   Code   RO           84    .text.MX_TIM1_Init  tim.o
    0x08004c44   0x08004c44   0x00000064   Code   RO           86    .text.MX_TIM2_Init  tim.o
    0x08004ca8   0x08004ca8   0x0000011a   Code   RO           88    .text.MX_TIM3_Init  tim.o
    0x08004dc2   0x08004dc2   0x00000002   PAD
    0x08004dc4   0x08004dc4   0x00000068   Code   RO           92    .text.MX_TIM4_Init  tim.o
    0x08004e2c   0x08004e2c   0x00000074   Code   RO           94    .text.MX_TIM5_Init  tim.o
    0x08004ea0   0x08004ea0   0x0000003c   Code   RO          117    .text.MX_USART1_UART_Init  usart.o
    0x08004edc   0x08004edc   0x00000042   Code   RO          119    .text.MX_USART2_UART_Init  usart.o
    0x08004f1e   0x08004f1e   0x00000002   PAD
    0x08004f20   0x08004f20   0x00000002   Code   RO          143    .text.MemManage_Handler  stm32f4xx_it.o
    0x08004f22   0x08004f22   0x00000002   PAD
    0x08004f24   0x08004f24   0x0000002a   Code   RO         1530    .text.MenuInit      menu.o
    0x08004f4e   0x08004f4e   0x00000002   PAD
    0x08004f50   0x08004f50   0x00000014   Code   RO         1532    .text.MenuRun       menu.o
    0x08004f64   0x08004f64   0x000002d0   Code   RO         1516    .text.Menu_Draw     menu.o
    0x08005234   0x08005234   0x00000002   Code   RO          139    .text.NMI_Handler   stm32f4xx_it.o
    0x08005236   0x08005236   0x00000002   PAD
    0x08005238   0x08005238   0x00000002   Code   RO          153    .text.PendSV_Handler  stm32f4xx_it.o
    0x0800523a   0x0800523a   0x00000002   PAD
    0x0800523c   0x0800523c   0x000000cc   Code   RO         1415    .text.ProcessPacketIn  crsf.o
    0x08005308   0x08005308   0x00000124   Code   RO          778    .text.SPI_WaitFlagStateUntilTimeout  stm32f4xx_hal_spi.o
    0x0800542c   0x0800542c   0x00000002   Code   RO          149    .text.SVC_Handler   stm32f4xx_it.o
    0x0800542e   0x0800542e   0x00000002   PAD
    0x08005430   0x08005430   0x0000000e   Code   RO         1302    .text.SchedulerInit  task.o
    0x0800543e   0x0800543e   0x00000002   PAD
    0x08005440   0x08005440   0x0000004e   Code   RO         1304    .text.SchedulerRun  task.o
    0x0800548e   0x0800548e   0x00000002   PAD
    0x08005490   0x08005490   0x000001ee   Code   RO         1265    .text.ShellInit     shell.o
    0x0800567e   0x0800567e   0x00000002   PAD
    0x08005680   0x08005680   0x000001e0   Code   RO         1267    .text.ShellRun      shell.o
    0x08005860   0x08005860   0x00000004   Code   RO          155    .text.SysTick_Handler  stm32f4xx_it.o
    0x08005864   0x08005864   0x000000a8   Code   RO           15    .text.SystemClock_Config  main.o
    0x0800590c   0x0800590c   0x00000012   Code   RO         1229    .text.SystemInit    system_stm32f4xx.o
    0x0800591e   0x0800591e   0x00000002   PAD
    0x08005920   0x08005920   0x0000000c   Code   RO          157    .text.TIM1_BRK_TIM9_IRQHandler  stm32f4xx_it.o
    0x0800592c   0x0800592c   0x0000000c   Code   RO          159    .text.TIM1_UP_TIM10_IRQHandler  stm32f4xx_it.o
    0x08005938   0x08005938   0x0000000c   Code   RO          161    .text.TIM2_IRQHandler  stm32f4xx_it.o
    0x08005944   0x08005944   0x0000000c   Code   RO          163    .text.TIM4_IRQHandler  stm32f4xx_it.o
    0x08005950   0x08005950   0x0000000c   Code   RO          169    .text.TIM5_IRQHandler  stm32f4xx_it.o
    0x0800595c   0x0800595c   0x00000142   Code   RO          792    .text.TIM_Base_SetConfig  stm32f4xx_hal_tim.o
    0x08005a9e   0x08005a9e   0x00000002   PAD
    0x08005aa0   0x08005aa0   0x0000000a   Code   RO         1189    .text.UART_DMAAbortOnError  stm32f4xx_hal_uart.o
    0x08005aaa   0x08005aaa   0x00000002   PAD
    0x08005aac   0x08005aac   0x0000017c   Code   RO         1139    .text.UART_DMAError  stm32f4xx_hal_uart.o
    0x08005c28   0x08005c28   0x0000015e   Code   RO         1217    .text.UART_DMAReceiveCplt  stm32f4xx_hal_uart.o
    0x08005d86   0x08005d86   0x00000002   PAD
    0x08005d88   0x08005d88   0x00000018   Code   RO         1219    .text.UART_DMARxHalfCplt  stm32f4xx_hal_uart.o
    0x08005da0   0x08005da0   0x000000fe   Code   RO         1187    .text.UART_Receive_IT  stm32f4xx_hal_uart.o
    0x08005e9e   0x08005e9e   0x00000002   PAD
    0x08005ea0   0x08005ea0   0x000000ee   Code   RO         1111    .text.UART_SetConfig  stm32f4xx_hal_uart.o
    0x08005f8e   0x08005f8e   0x00000002   PAD
    0x08005f90   0x08005f90   0x0000000c   Code   RO          165    .text.USART1_IRQHandler  stm32f4xx_it.o
    0x08005f9c   0x08005f9c   0x0000000c   Code   RO          167    .text.USART2_IRQHandler  stm32f4xx_it.o
    0x08005fa8   0x08005fa8   0x00000002   Code   RO          147    .text.UsageFault_Handler  stm32f4xx_it.o
    0x08005faa   0x08005faa   0x00000002   PAD
    0x08005fac   0x08005fac   0x00000080   Code   RO         1512    .text._Menu_LinkItems  menu.o
    0x0800602c   0x0800602c   0x0000002a   Code   RO          542    .text.__NVIC_SystemReset  stm32f4xx_hal_cortex.o
    0x08006056   0x08006056   0x00000002   PAD
    0x08006058   0x08006058   0x0000002c   Code   RO         1528    .text.action_Func   menu.o
    0x08006084   0x08006084   0x00000030   Code   RO         1524    .text.action_Reboot  menu.o
    0x080060b4   0x080060b4   0x00000030   Code   RO         1522    .text.action_SetBrightness  menu.o
    0x080060e4   0x080060e4   0x00000030   Code   RO         1520    .text.action_ShowInfo  menu.o
    0x08006114   0x08006114   0x0000002c   Code   RO         1526    .text.action_State  menu.o
    0x08006140   0x08006140   0x0000001a   Code   RO         1342    .text.bsp_Icm42688Init  icm42688.o
    0x0800615a   0x0800615a   0x00000002   PAD
    0x0800615c   0x0800615c   0x000003f2   Code   RO         1338    .text.bsp_Icm42688RegCfg  icm42688.o
    0x0800654e   0x0800654e   0x00000002   PAD
    0x08006550   0x08006550   0x00000210   Code   RO         1350    .text.bsp_IcmGetRawData  icm42688.o
    0x08006760   0x08006760   0x00000418   Code   RO         1367    .text.calGyroVariance  imu.o
    0x08006b78   0x08006b78   0x00000248   Code   RO         1285    .text.cmd_handler_eeprom  shell.o
    0x08006dc0   0x08006dc0   0x000000c8   Code   RO         1279    .text.cmd_handler_gpio  shell.o
    0x08006e88   0x08006e88   0x000000dc   Code   RO         1275    .text.cmd_handler_help  shell.o
    0x08006f64   0x08006f64   0x00000244   Code   RO         1287    .text.cmd_handler_pid  shell.o
    0x080071a8   0x080071a8   0x00000030   Code   RO         1277    .text.cmd_handler_reset  shell.o
    0x080071d8   0x080071d8   0x00000164   Code   RO         1281    .text.cmd_handler_runtime  shell.o
    0x0800733c   0x0800733c   0x000000b8   Code   RO         1283    .text.cmd_handler_test  shell.o
    0x080073f4   0x080073f4   0x0000005c   Code   RO         1289    .text.cmd_handler_voltage  shell.o
    0x08007450   0x08007450   0x00000020   Code   RO         1271    .text.fputc         shell.o
    0x08007470   0x08007470   0x00000010   Code   RO         1316    .text.imuUpdata     sensor.o
    0x08007480   0x08007480   0x00000026   Code   RO         1441    .text.lcd_clear     lcd_core.o
    0x080074a6   0x080074a6   0x00000002   PAD
    0x080074a8   0x080074a8   0x00000004   Code   RO         1484    .text.lcd_delay     lcd_port.o
    0x080074ac   0x080074ac   0x0000016c   Code   RO         1443    .text.lcd_fill      lcd_core.o
    0x08007618   0x08007618   0x00000076   Code   RO         1437    .text.lcd_init_dev  lcd_core.o
    0x0800768e   0x0800768e   0x00000002   PAD
    0x08007690   0x08007690   0x00000282   Code   RO         1435    .text.lcd_init_hw   lcd_core.o
    0x08007912   0x08007912   0x00000002   PAD
    0x08007914   0x08007914   0x0000001a   Code   RO         1488    .text.lcd_io_bl     lcd_port.o
    0x0800792e   0x0800792e   0x00000002   PAD
    0x08007930   0x08007930   0x0000001a   Code   RO         1486    .text.lcd_io_rst    lcd_port.o
    0x0800794a   0x0800794a   0x00000002   PAD
    0x0800794c   0x0800794c   0x0000006a   Code   RO         1455    .text.lcd_print     lcd_core.o
    0x080079b6   0x080079b6   0x00000002   PAD
    0x080079b8   0x080079b8   0x000000a4   Code   RO         1431    .text.lcd_set_address  lcd_core.o
    0x08007a5c   0x08007a5c   0x0000002a   Code   RO         1439    .text.lcd_set_font  lcd_core.o
    0x08007a86   0x08007a86   0x00000002   PAD
    0x08007a88   0x08007a88   0x00000156   Code   RO         1451    .text.lcd_show_char  lcd_core.o
    0x08007bde   0x08007bde   0x00000002   PAD
    0x08007be0   0x08007be0   0x00000064   Code   RO         1498    .text.lcd_write_bulk  lcd_port.o
    0x08007c44   0x08007c44   0x00000032   Code   RO         1494    .text.lcd_write_byte  lcd_port.o
    0x08007c76   0x08007c76   0x00000002   PAD
    0x08007c78   0x08007c78   0x00000036   Code   RO         1496    .text.lcd_write_halfword  lcd_port.o
    0x08007cae   0x08007cae   0x00000002   PAD
    0x08007cb0   0x08007cb0   0x0000002e   Code   RO         1500    .text.lcd_write_reg  lcd_port.o
    0x08007cde   0x08007cde   0x00000002   PAD
    0x08007ce0   0x08007ce0   0x00000042   Code   RO         1433    .text.lcd_write_reg_data  lcd_core.o
    0x08007d22   0x08007d22   0x00000002   PAD
    0x08007d24   0x08007d24   0x00000100   Code   RO           13    .text.main          main.o
    0x08007e24   0x08007e24   0x00000020   Code   RO         1849    i.__0printf         mc_w.l(printfa.o)
    0x08007e44   0x08007e44   0x00000034   Code   RO         1854    i.__0vsnprintf      mc_w.l(printfa.o)
    0x08007e78   0x08007e78   0x00000030   Code   RO         1925    i.__ARM_fpclassify  m_wm.l(fpclassify.o)
    0x08007ea8   0x08007ea8   0x00000008   Code   RO         1877    i.__aeabi_errno_addr  mc_w.l(errno.o)
    0x08007eb0   0x08007eb0   0x00000360   Code   RO         1546    i.__hardfp_asin     m_wm.l(asin.o)
    0x08008210   0x08008210   0x000002d8   Code   RO         1898    i.__hardfp_atan     m_wm.l(atan.o)
    0x080084e8   0x080084e8   0x00000200   Code   RO         1553    i.__hardfp_atan2    m_wm.l(atan2.o)
    0x080086e8   0x080086e8   0x00000028   Code   RO         1559    i.__hardfp_strtod   m_wm.l(strtod.o)
    0x08008710   0x08008710   0x000000f8   Code   RO         1927    i.__kernel_poly     m_wm.l(poly.o)
    0x08008808   0x08008808   0x00000014   Code   RO         1906    i.__mathlib_dbl_infnan  m_wm.l(dunder.o)
    0x0800881c   0x0800881c   0x00000014   Code   RO         1907    i.__mathlib_dbl_infnan2  m_wm.l(dunder.o)
    0x08008830   0x08008830   0x00000020   Code   RO         1908    i.__mathlib_dbl_invalid  m_wm.l(dunder.o)
    0x08008850   0x08008850   0x00000020   Code   RO         1911    i.__mathlib_dbl_underflow  m_wm.l(dunder.o)
    0x08008870   0x08008870   0x0000000e   Code   RO         2002    i.__scatterload_copy  mc_w.l(handlers.o)
    0x0800887e   0x0800887e   0x00000002   Code   RO         2003    i.__scatterload_null  mc_w.l(handlers.o)
    0x08008880   0x08008880   0x0000000e   Code   RO         2004    i.__scatterload_zeroinit  mc_w.l(handlers.o)
    0x0800888e   0x0800888e   0x00000002   PAD
    0x08008890   0x08008890   0x0000000c   Code   RO         1879    i.__set_errno       mc_w.l(errno.o)
    0x0800889c   0x0800889c   0x00000184   Code   RO         1856    i._fp_digits        mc_w.l(printfa.o)
    0x08008a20   0x08008a20   0x0000000e   Code   RO         1989    i._is_digit         mc_w.l(scanf_fp.o)
    0x08008a2e   0x08008a2e   0x00000002   PAD
    0x08008a30   0x08008a30   0x000006dc   Code   RO         1857    i._printf_core      mc_w.l(printfa.o)
    0x0800910c   0x0800910c   0x00000024   Code   RO         1858    i._printf_post_padding  mc_w.l(printfa.o)
    0x08009130   0x08009130   0x0000002e   Code   RO         1859    i._printf_pre_padding  mc_w.l(printfa.o)
    0x0800915e   0x0800915e   0x00000016   Code   RO         1860    i._snputc           mc_w.l(printfa.o)
    0x08009174   0x08009174   0x00000010   Code   RO         1900    i.atan              m_wm.l(atan.o)
    0x08009184   0x08009184   0x00000018   Code   RO         1921    i.fabs              m_wm.l(fabs.o)
    0x0800919c   0x0800919c   0x00000024   Code   RO         1568    i.puts              mc_w.l(puts.o)
    0x080091c0   0x080091c0   0x0000006e   Code   RO         1932    i.sqrt              m_wm.l(sqrt.o)
    0x0800922e   0x0800922e   0x00000002   PAD
    0x08009230   0x08009230   0x00000050   Data   RO         1549    .constdata          m_wm.l(asin.o)
    0x08009280   0x08009280   0x00000081   Data   RO         1575    .constdata          mc_w.l(ctype_o.o)
    0x08009301   0x08009301   0x00000003   PAD
    0x08009304   0x08009304   0x00000004   Data   RO         1576    .constdata          mc_w.l(ctype_o.o)
    0x08009308   0x08009308   0x00000098   Data   RO         1901    .constdata          m_wm.l(atan.o)
    0x080093a0   0x080093a0   0x00000008   Data   RO         1929    .constdata          m_wm.l(qnan.o)
    0x080093a8   0x080093a8   0x00000010   Data   RO         1234    .rodata.AHBPrescTable  system_stm32f4xx.o
    0x080093b8   0x080093b8   0x00000008   Data   RO         1235    .rodata.APBPrescTable  system_stm32f4xx.o
    0x080093c0   0x080093c0   0x00000474   Data   RO         1475    .rodata.ascii_1206  lcd_font.o
    0x08009834   0x08009834   0x000005f0   Data   RO         1476    .rodata.ascii_1608  lcd_font.o
    0x08009e24   0x08009e24   0x000011d0   Data   RO         1477    .rodata.ascii_2412  lcd_font.o
    0x0800aff4   0x0800aff4   0x000017c0   Data   RO         1478    .rodata.ascii_3216  lcd_font.o
    0x0800c7b4   0x0800c7b4   0x00000060   Data   RO         1292    .rodata.command_table  shell.o
    0x0800c814   0x0800c814   0x00000008   Data   RO          461    .rodata.cst8        stm32f4xx_hal_dma.o
    0x0800c81c   0x0800c81c   0x00000040   Data   RO         1474    .rodata.lcd_fonts   lcd_font.o
    0x0800c85c   0x0800c85c   0x00000f8e   Data   RO         1291    .rodata.str1.1      shell.o
    0x0800d7ea   0x0800d7ea   0x0000001e   Data   RO         1459    .rodata.str1.1      lcd_core.o
    0x0800d808   0x0800d808   0x00000063   Data   RO         1534    .rodata.str1.1      menu.o
    0x0800d86b   0x0800d86b   0x00000001   PAD
    0x0800d86c   0x0800d86c   0x00000020   Data   RO         2001    Region$$Table       anon$$obj.o


    Execution Region RW_IRAM1 (Exec base: 0x20000000, Load base: 0x0800d890, Size: 0x00002ba0, Max: 0x0001c000, ABSOLUTE, COMPRESSED[0x000000d0])

    Exec Addr    Load Addr    Size         Type   Attr      Idx    E Section Name        Object

    0x20000000   COMPRESSED   0x00000004   Data   RW         1609    .data               mc_w.l(strtok.o)
    0x20000004   COMPRESSED   0x00000004   Data   RW         1880    .data               mc_w.l(errno.o)
    0x20000008   COMPRESSED   0x00000004   Data   RW         1950    .data               mc_w.l(stdout.o)
    0x2000000c   COMPRESSED   0x00000008   Data   RW          639    .data..L_MergedGlobals  stm32f4xx_hal.o
    0x20000014   COMPRESSED   0x00000008   Data   RW         1354    .data..L_MergedGlobals  icm42688.o
    0x2000001c   COMPRESSED   0x00000004   Data   RW         1233    .data.SystemCoreClock  system_stm32f4xx.o
    0x20000020   COMPRESSED   0x00000030   Data   RW         1465    .data.lcd_cfg_address  lcd_core.o
    0x20000050   COMPRESSED   0x0000000c   Data   RW         1464    .data.lcd_cfg_order  lcd_core.o
    0x2000005c   COMPRESSED   0x0000002c   Data   RW           21    .data.lcd_desc      main.o
    0x20000088   COMPRESSED   0x0000000c   Data   RW         1460    .data.lcd_hw_0_96   lcd_core.o
    0x20000094   COMPRESSED   0x0000000c   Data   RW         1461    .data.lcd_hw_1_14   lcd_core.o
    0x200000a0   COMPRESSED   0x0000000c   Data   RW         1462    .data.lcd_hw_1_47   lcd_core.o
    0x200000ac   COMPRESSED   0x0000000c   Data   RW         1463    .data.lcd_hw_desc   lcd_core.o
    0x200000b8   COMPRESSED   0x0000002c   Data   RW           19    .data.lcd_io_desc   main.o
    0x200000e4   COMPRESSED   0x000000c4   Data   RW         1536    .data.mainMenuItems  menu.o
    0x200001a8   COMPRESSED   0x00000018   Data   RW         1306    .data.scheduler_task  task.o
    0x200001c0   COMPRESSED   0x00000054   Data   RW         1535    .data.settingsMenuItems  menu.o
    0x20000214   COMPRESSED   0x00000004   PAD
    0x20000218        -       0x0000004c   Zero   RW          130    .bss..L_MergedGlobals  usart.o
    0x20000264        -       0x00000044   Zero   RW         1293    .bss..L_MergedGlobals  shell.o
    0x200002a8        -       0x00000008   Zero   RW         1307    .bss..L_MergedGlobals  task.o
    0x200002b0        -       0x00000074   Zero   RW         1388    .bss..L_MergedGlobals  imu.o
    0x20000324        -       0x0000004e   Zero   RW         1422    .bss..L_MergedGlobals  crsf.o
    0x20000372   COMPRESSED   0x00000002   PAD
    0x20000374        -       0x00000058   Zero   RW         1389    .bss..L_MergedGlobals.1  imu.o
    0x200003cc        -       0x00000040   Zero   RW         1421    .bss.CrsfChannels   crsf.o
    0x2000040c   COMPRESSED   0x00000004   PAD
    0x20000410        -       0x00001c20   Zero   RW         1384    .bss.Gyro_fill      imu.o
    0x20002030        -       0x00000100   Zero   RW         1402    .bss._lut           crc.o
    0x20002130        -       0x00000048   Zero   RW           47    .bss.hadc1          adc.o
    0x20002178        -       0x00000060   Zero   RW           48    .bss.hdma_adc1      adc.o
    0x200021d8        -       0x00000060   Zero   RW          128    .bss.hdma_usart1_rx  usart.o
    0x20002238        -       0x00000060   Zero   RW          129    .bss.hdma_usart1_tx  usart.o
    0x20002298        -       0x00000058   Zero   RW           74    .bss.hspi1          spi.o
    0x200022f0        -       0x00000058   Zero   RW           75    .bss.hspi2          spi.o
    0x20002348        -       0x00000048   Zero   RW          104    .bss.htim1          tim.o
    0x20002390        -       0x00000048   Zero   RW          105    .bss.htim2          tim.o
    0x200023d8        -       0x00000048   Zero   RW          106    .bss.htim3          tim.o
    0x20002420        -       0x00000048   Zero   RW          107    .bss.htim4          tim.o
    0x20002468        -       0x00000048   Zero   RW          108    .bss.htim5          tim.o
    0x200024b0        -       0x00000048   Zero   RW          127    .bss.huart1         usart.o
    0x200024f8        -       0x0000000c   Zero   RW         1324    .bss.imu_angle      sensor.o
    0x20002504        -       0x00000280   Zero   RW           20    .bss.line_buffer    main.o
    0x20002784        -       0x00000014   Zero   RW         1537    .bss.menu           menu.o
    0x20002798        -       0x00000004   Zero   RW          638    .bss.uwTick         stm32f4xx_hal.o
    0x2000279c   COMPRESSED   0x00000004   PAD
    0x200027a0        -       0x00000400   Zero   RW            1    STACK               startup_stm32f407xx.o


    Execution Region RW_IRAM2 (Exec base: 0x2001c000, Load base: 0x0800d960, Size: 0x00000000, Max: 0x00004000, ABSOLUTE)

    **** No section assigned to this execution region ****


==============================================================================

Image component sizes


      Code (inc. data)   RO Data    RW Data    ZI Data      Debug   Object Name

       286          0          0          0        168       5394   adc.o
       130          0          0          0        256       2045   crc.o
       452          0          0          0        142       5578   crsf.o
        88          0          0          0          0       3471   dma.o
       342          0          0          0          0       2558   gpio.o
      1564          0          0          8          0       8420   icm42688.o
      2732         60          0          0       7404       7825   imu.o
      1882          0         30        108          0      13411   lcd_core.o
         0          0      13364          0          0       1133   lcd_font.o
       306          0          0          0          0       7414   lcd_port.o
       480         44          0         88        640       7799   main.o
      1142        192         99        280         20       8154   menu.o
        16          0          0          0         12       3891   sensor.o
      3300        504       4078          0         68      14863   shell.o
       410          0          0          0        176       5673   spi.o
        36          8        392          0       1024        836   startup_stm32f407xx.o
       204          0          0          8          4       7302   stm32f4xx_hal.o
      1228          0          0          0          0      12290   stm32f4xx_hal_adc.o
       242          0          0          0          0      10756   stm32f4xx_hal_cortex.o
      1142          6          8          0          0      10733   stm32f4xx_hal_dma.o
       424          0          0          0          0       5330   stm32f4xx_hal_gpio.o
        56          0          0          0          0       1457   stm32f4xx_hal_msp.o
      1484          0          0          0          0       7473   stm32f4xx_hal_rcc.o
      1952          0          0          0          0      26568   stm32f4xx_hal_spi.o
      2632          6          0          0          0      55661   stm32f4xx_hal_tim.o
       190          0          0          0          0      21021   stm32f4xx_hal_tim_ex.o
      3724          0          0          0          0      32384   stm32f4xx_hal_uart.o
       140          0          0          0          0       6551   stm32f4xx_it.o
        18          0         24          4          0       2586   system_stm32f4xx.o
        92          0          0         24          8       1138   task.o
      1120          0          0          0        360      11879   tim.o
       600          0          0          0        340       7842   usart.o

    ----------------------------------------------------------------------
     28584        824      18028        520      10636     319436   Object Totals
         0          0         32          0          0          0   (incl. Generated)
       170          4          1          0         14          0   (incl. Padding)

    ----------------------------------------------------------------------

      Code (inc. data)   RO Data    RW Data    ZI Data      Debug   Library Member Name

       864         94         80          0          0        280   asin.o
       744        106        152          0          0        352   atan.o
       512         64          0          0          0        208   atan2.o
       104         16          0          0          0        496   dunder.o
        24          0          0          0          0        124   fabs.o
        48          0          0          0          0        124   fpclassify.o
       248          0          0          0          0        152   poly.o
         0          0          8          0          0          0   qnan.o
       110          0          0          0          0        148   sqrt.o
        40          8          0          0          0        128   strtod.o
        86          0          0          0          0          0   __dczerorl2.o
        64          0          0          0          0         84   _sgetc.o
         8          4        133          0          0         68   ctype_o.o
         0          0          0          0          0          0   entry.o
         0          0          0          0          0          0   entry10a.o
         0          0          0          0          0          0   entry11a.o
         8          4          0          0          0          0   entry2.o
         4          0          0          0          0          0   entry5.o
         0          0          0          0          0          0   entry7b.o
         0          0          0          0          0          0   entry8b.o
         8          4          0          0          0          0   entry9a.o
        20         10          0          4          0        136   errno.o
        30          0          0          0          0          0   handlers.o
        48         10          0          0          0         68   init.o
        18          0          0          0          0         76   isspace_o.o
         0          0          0          0          0          0   iusefp.o
        30          0          0          0          0         68   llshl.o
        36          0          0          0          0         68   llsshr.o
        32          0          0          0          0         68   llushr.o
        64          0          0          0          0         76   memmovea.o
        36          0          0          0          0        108   memseta.o
      2332         96          0          0          0        600   printfa.o
        36          6          0          0          0         80   puts.o
       878         12          0          0          0        216   scanf_fp.o
         0          0          0          4          0          0   stdout.o
        28          0          0          0          0         76   strcmp.o
       168         12          0          0          0        124   strtod.o
        68          6          0          4          0         80   strtok.o
        44          0          0          0          0         80   uidiv.o
        98          0          0          0          0         92   uldiv.o
        48          0          0          0          0         68   cdcmple.o
        48          0          0          0          0         68   cdrcmple.o
        56          0          0          0          0         88   d2f.o
       334          0          0          0          0        148   dadd.o
       222          0          0          0          0        100   ddiv.o
       186          0          0          0          0        176   depilogue.o
        62          0          0          0          0         80   dfixi.o
        48          0          0          0          0         68   dfixul.o
        34          0          0          0          0         76   dflti.o
        24          0          0          0          0         76   dfltul.o
       228          0          0          0          0         96   dmul.o
       162          0          0          0          0        100   dsqrt.o
        38          0          0          0          0         68   f2d.o
       110          0          0          0          0        168   fepilogue.o

    ----------------------------------------------------------------------
      8448        452        376         12          0       5560   Library Totals
        10          0          3          0          0          0   (incl. Padding)

    ----------------------------------------------------------------------

      Code (inc. data)   RO Data    RW Data    ZI Data      Debug   Library Name

      2694        288        240          0          0       2012   m_wm.l
      4144        164        133         12          0       2168   mc_w.l
      1600          0          0          0          0       1380   mf_w.l

    ----------------------------------------------------------------------
      8448        452        376         12          0       5560   Library Totals

    ----------------------------------------------------------------------

==============================================================================


      Code (inc. data)   RO Data    RW Data    ZI Data      Debug   

     37032       1276      18404        532      10636     321628   Grand Totals
     37032       1276      18404        208      10636     321628   ELF Image Totals (compressed)
     37032       1276      18404        208          0          0   ROM Totals

==============================================================================

    Total RO  Size (Code + RO Data)                55436 (  54.14kB)
    Total RW  Size (RW Data + ZI Data)             11168 (  10.91kB)
    Total ROM Size (Code + RO Data + RW Data)      55644 (  54.34kB)

==============================================================================

