Component: Arm Compiler for Embedded 6.21 Tool: armlink [5ec1fa00]

==============================================================================

Section Cross References

    startup_stm32f407xx.o(RESET) refers to startup_stm32f407xx.o(STACK) for __initial_sp
    startup_stm32f407xx.o(RESET) refers to startup_stm32f407xx.o(.text) for Reset_Handler
    startup_stm32f407xx.o(RESET) refers to stm32f4xx_it.o(.text.NMI_Handler) for NMI_Handler
    startup_stm32f407xx.o(RESET) refers to stm32f4xx_it.o(.text.HardFault_Handler) for HardFault_Handler
    startup_stm32f407xx.o(RESET) refers to stm32f4xx_it.o(.text.MemManage_Handler) for MemManage_Handler
    startup_stm32f407xx.o(RESET) refers to stm32f4xx_it.o(.text.BusFault_Handler) for BusFault_Handler
    startup_stm32f407xx.o(RESET) refers to stm32f4xx_it.o(.text.UsageFault_Handler) for UsageFault_Handler
    startup_stm32f407xx.o(RESET) refers to stm32f4xx_it.o(.text.SVC_Handler) for SVC_Handler
    startup_stm32f407xx.o(RESET) refers to stm32f4xx_it.o(.text.DebugMon_Handler) for DebugMon_Handler
    startup_stm32f407xx.o(RESET) refers to stm32f4xx_it.o(.text.PendSV_Handler) for PendSV_Handler
    startup_stm32f407xx.o(RESET) refers to stm32f4xx_it.o(.text.SysTick_Handler) for SysTick_Handler
    startup_stm32f407xx.o(RESET) refers to stm32f4xx_it.o(.text.TIM1_BRK_TIM9_IRQHandler) for TIM1_BRK_TIM9_IRQHandler
    startup_stm32f407xx.o(RESET) refers to stm32f4xx_it.o(.text.TIM1_UP_TIM10_IRQHandler) for TIM1_UP_TIM10_IRQHandler
    startup_stm32f407xx.o(RESET) refers to stm32f4xx_it.o(.text.TIM2_IRQHandler) for TIM2_IRQHandler
    startup_stm32f407xx.o(RESET) refers to stm32f4xx_it.o(.text.TIM4_IRQHandler) for TIM4_IRQHandler
    startup_stm32f407xx.o(RESET) refers to stm32f4xx_it.o(.text.USART1_IRQHandler) for USART1_IRQHandler
    startup_stm32f407xx.o(RESET) refers to stm32f4xx_it.o(.text.USART2_IRQHandler) for USART2_IRQHandler
    startup_stm32f407xx.o(RESET) refers to stm32f4xx_it.o(.text.TIM5_IRQHandler) for TIM5_IRQHandler
    startup_stm32f407xx.o(RESET) refers to stm32f4xx_it.o(.text.DMA2_Stream0_IRQHandler) for DMA2_Stream0_IRQHandler
    startup_stm32f407xx.o(RESET) refers to stm32f4xx_it.o(.text.DMA2_Stream2_IRQHandler) for DMA2_Stream2_IRQHandler
    startup_stm32f407xx.o(RESET) refers to stm32f4xx_it.o(.text.DMA2_Stream7_IRQHandler) for DMA2_Stream7_IRQHandler
    startup_stm32f407xx.o(.text) refers to system_stm32f4xx.o(.text.SystemInit) for SystemInit
    startup_stm32f407xx.o(.text) refers to entry.o(.ARM.Collect$$$$00000000) for __main
    main.o(.text.HAL_TIM_PeriodElapsedCallback) refers to sensor.o(.bss..L_MergedGlobals) for imu_angle
    main.o(.text.HAL_TIM_PeriodElapsedCallback) refers to imu.o(.text.IMU_getYawPitchRoll) for IMU_getYawPitchRoll
    main.o(.text.HAL_TIM_PeriodElapsedCallback) refers to main.o(.bss..L_MergedGlobals) for .L_MergedGlobals
    main.o(.text.HAL_TIM_PeriodElapsedCallback) refers to f2d.o(.text) for __aeabi_f2d
    main.o(.text.HAL_TIM_PeriodElapsedCallback) refers to sin.o(i.__hardfp_sin) for __hardfp_sin
    main.o(.text.HAL_TIM_PeriodElapsedCallback) refers to dadd.o(.text) for __aeabi_dadd
    main.o(.text.HAL_TIM_PeriodElapsedCallback) refers to d2f.o(.text) for __aeabi_d2f
    main.o(.text.HAL_TIM_PeriodElapsedCallback) refers to cos.o(i.__hardfp_cos) for __hardfp_cos
    main.o(.text.HAL_TIM_PeriodElapsedCallback) refers to printfa.o(i.__0printf) for __2printf
    main.o(.text.HAL_TIM_PeriodElapsedCallback) refers to sensor.o(.text.imuUpdata) for imuUpdata
    main.o(.ARM.exidx.text.HAL_TIM_PeriodElapsedCallback) refers to main.o(.text.HAL_TIM_PeriodElapsedCallback) for [Anonymous Symbol]
    main.o(.text.main) refers to stm32f4xx_hal.o(.text.HAL_Init) for HAL_Init
    main.o(.text.main) refers to crc.o(.text.Crc_init) for Crc_init
    main.o(.text.main) refers to main.o(.text.SystemClock_Config) for SystemClock_Config
    main.o(.text.main) refers to gpio.o(.text.MX_GPIO_Init) for MX_GPIO_Init
    main.o(.text.main) refers to dma.o(.text.MX_DMA_Init) for MX_DMA_Init
    main.o(.text.main) refers to tim.o(.text.MX_TIM1_Init) for MX_TIM1_Init
    main.o(.text.main) refers to tim.o(.text.MX_TIM2_Init) for MX_TIM2_Init
    main.o(.text.main) refers to usart.o(.text.MX_USART1_UART_Init) for MX_USART1_UART_Init
    main.o(.text.main) refers to tim.o(.text.MX_TIM3_Init) for MX_TIM3_Init
    main.o(.text.main) refers to tim.o(.text.MX_TIM4_Init) for MX_TIM4_Init
    main.o(.text.main) refers to spi.o(.text.MX_SPI1_Init) for MX_SPI1_Init
    main.o(.text.main) refers to adc.o(.text.MX_ADC1_Init) for MX_ADC1_Init
    main.o(.text.main) refers to tim.o(.text.MX_TIM5_Init) for MX_TIM5_Init
    main.o(.text.main) refers to spi.o(.text.MX_SPI2_Init) for MX_SPI2_Init
    main.o(.text.main) refers to usart.o(.text.MX_USART2_UART_Init) for MX_USART2_UART_Init
    main.o(.text.main) refers to shell.o(.text.ShellInit) for ShellInit
    main.o(.text.main) refers to task.o(.text.SchedulerInit) for SchedulerInit
[...]
    .constdata                               0x08008ba8   Section      129  ctype_o.o(.constdata)
    table                                    0x08008c2c   Data           4  ctype_o.o(.constdata)
    .constdata                               0x08008c2c   Section        4  ctype_o.o(.constdata)
    atanhi                                   0x08008c30   Data          32  atan.o(.constdata)
    .constdata                               0x08008c30   Section      152  atan.o(.constdata)
    atanlo                                   0x08008c50   Data          32  atan.o(.constdata)
    aTodd                                    0x08008c70   Data          40  atan.o(.constdata)
    aTeven                                   0x08008c98   Data          48  atan.o(.constdata)
    C                                        0x08008cc8   Data          48  cos_i.o(.constdata)
    .constdata                               0x08008cc8   Section       48  cos_i.o(.constdata)
    .constdata                               0x08008cf8   Section        8  qnan.o(.constdata)
    pio2s                                    0x08008d00   Data          48  rred.o(.constdata)
    .constdata                               0x08008d00   Section      204  rred.o(.constdata)
    twooverpi                                0x08008d30   Data         156  rred.o(.constdata)
    S                                        0x08008dd0   Data          40  sin_i.o(.constdata)
    .constdata                               0x08008dd0   Section       40  sin_i.o(.constdata)
    command_table                            0x08008e10   Data          96  shell.o(.rodata.command_table)
    [Anonymous Symbol]                       0x08008e10   Section        0  shell.o(.rodata.command_table)
    DMA_CalcBaseAndBitshift.flagBitshiftOffset 0x08008e70   Data           8  stm32f4xx_hal_dma.o(.rodata.cst8)
    [Anonymous Symbol]                       0x08008e70   Section        0  stm32f4xx_hal_dma.o(.rodata.cst8)
    .L.str.5                                 0x08008e78   Data         105  shell.o(.rodata.str1.1)
    [Anonymous Symbol]                       0x08008e78   Section        0  shell.o(.rodata.str1.1)
    .L.str.4                                 0x08008ee1   Data         104  shell.o(.rodata.str1.1)
    .L.str.2                                 0x08008f49   Data         105  shell.o(.rodata.str1.1)
    .L.str.1                                 0x08008fb2   Data         104  shell.o(.rodata.str1.1)
    .L.str.8                                 0x0800901a   Data         105  shell.o(.rodata.str1.1)
    .L.str.9                                 0x08009083   Data         104  shell.o(.rodata.str1.1)
    .L.str.10                                0x080090eb   Data         104  shell.o(.rodata.str1.1)
    .L.str.11                                0x08009153   Data         104  shell.o(.rodata.str1.1)
    .L.str.12                                0x080091bb   Data         104  shell.o(.rodata.str1.1)
    .L.str.13                                0x08009223   Data         104  shell.o(.rodata.str1.1)
    .L.str.14                                0x0800928b   Data         104  shell.o(.rodata.str1.1)
    .L.str.15                                0x080092f3   Data         104  shell.o(.rodata.str1.1)
    .L.str.16                                0x0800935b   Data         104  shell.o(.rodata.str1.1)
    .L.str.18                                0x080093c3   Data         105  shell.o(.rodata.str1.1)
    .L.str.19                                0x0800942c   Data         104  shell.o(.rodata.str1.1)
    .L.str.22                                0x08009494   Data         105  shell.o(.rodata.str1.1)
    .L.str.20                                0x080094fd   Data         104  shell.o(.rodata.str1.1)
    .L.str.23                                0x08009565   Data         104  shell.o(.rodata.str1.1)
    .L.str.26                                0x080095cd   Data         104  shell.o(.rodata.str1.1)
    .L.str.28                                0x08009635   Data         106  shell.o(.rodata.str1.1)
    .L.str.29                                0x0800969f   Data         104  shell.o(.rodata.str1.1)
    .L.str.30                                0x08009707   Data         104  shell.o(.rodata.str1.1)
    .L.str.54                                0x0800976f   Data          15  shell.o(.rodata.str1.1)
    .Lstr.124                                0x0800977e   Data          13  shell.o(.rodata.str1.1)
    .Lstr.122                                0x0800978b   Data          13  shell.o(.rodata.str1.1)
    .Lstr.120                                0x08009798   Data          13  shell.o(.rodata.str1.1)
    .Lstr.117                                0x080097a5   Data          19  shell.o(.rodata.str1.1)
    .Lstr.126                                0x080097b8   Data          20  shell.o(.rodata.str1.1)
    .Lstr.88                                 0x080097cc   Data         102  shell.o(.rodata.str1.1)
    .Lstr.89                                 0x08009832   Data         102  shell.o(.rodata.str1.1)
    .Lstr.90                                 0x08009898   Data         102  shell.o(.rodata.str1.1)
    .Lstr.91                                 0x080098fe   Data         102  shell.o(.rodata.str1.1)
    .Lstr.93                                 0x08009964   Data         102  shell.o(.rodata.str1.1)
    .Lstr.92                                 0x080099ca   Data         102  shell.o(.rodata.str1.1)
    .Lstr.94                                 0x08009a30   Data         102  shell.o(.rodata.str1.1)
    .Lstr.95                                 0x08009a96   Data         102  shell.o(.rodata.str1.1)
    .Lstr.97                                 0x08009afc   Data         102  shell.o(.rodata.str1.1)
    .Lstr.101                                0x08009b62   Data         102  shell.o(.rodata.str1.1)
    .Lstr.98                                 0x08009bc8   Data         102  shell.o(.rodata.str1.1)
    .Lstr.102                                0x08009c2e   Data         102  shell.o(.rodata.str1.1)
    .Lstr.100                                0x08009c94   Data         102  shell.o(.rodata.str1.1)
    .L.str.35                                0x08009cfa   Data           2  shell.o(.rodata.str1.1)
    .L.str.48                                0x08009cfc   Data          41  shell.o(.rodata.str1.1)
    .L.str.42                                0x08009d25   Data          34  shell.o(.rodata.str1.1)
    .L.str.44                                0x08009d47   Data          30  shell.o(.rodata.str1.1)
    .L.str.49                                0x08009d65   Data           4  shell.o(.rodata.str1.1)
    .L.str.38                                0x08009d69   Data          23  shell.o(.rodata.str1.1)
    .L.str.52                                0x08009d80   Data          18  shell.o(.rodata.str1.1)
    .L.str.51                                0x08009d92   Data           8  shell.o(.rodata.str1.1)
    .L.str.43                                0x08009d9a   Data           8  shell.o(.rodata.str1.1)
    .L.str.50                                0x08009da2   Data          36  shell.o(.rodata.str1.1)
    .L.str.46                                0x08009dc6   Data          19  shell.o(.rodata.str1.1)
    .L.str.58                                0x08009dd9   Data           2  shell.o(.rodata.str1.1)
    .L.str.40                                0x08009ddb   Data          17  shell.o(.rodata.str1.1)
    .L.str.47                                0x08009dec   Data           7  shell.o(.rodata.str1.1)
    .L.str.41                                0x08009df3   Data           5  shell.o(.rodata.str1.1)
    .L.str.37                                0x08009df8   Data           5  shell.o(.rodata.str1.1)
    .L.str.39                                0x08009dfd   Data           6  shell.o(.rodata.str1.1)
    .L.str.45                                0x08009e03   Data           5  shell.o(.rodata.str1.1)
    state                                    0x20000000   Data           4  strtok.o(.data)
    .data                                    0x20000000   Section        4  strtok.o(.data)
    _errno                                   0x20000004   Data           4  errno.o(.data)
    .data                                    0x20000004   Section        4  errno.o(.data)
    .data                                    0x20000008   Section        4  stdout.o(.data)
    .L_MergedGlobals                         0x2000000c   Data           8  stm32f4xx_hal.o(.data..L_MergedGlobals)
    [Anonymous Symbol]                       0x2000000c   Section        0  stm32f4xx_hal.o(.data..L_MergedGlobals)
    .L_MergedGlobals                         0x20000014   Data           8  icm42688.o(.data..L_MergedGlobals)
    accSensitivity                           0x20000014   Data           4  icm42688.o(.data..L_MergedGlobals)
    [Anonymous Symbol]                       0x20000014   Section        0  icm42688.o(.data..L_MergedGlobals)
    gyroSensitivity                          0x20000018   Data           4  icm42688.o(.data..L_MergedGlobals)
    scheduler_task                           0x20000020   Data          12  task.o(.data.scheduler_task)
    [Anonymous Symbol]                       0x20000020   Section        0  task.o(.data.scheduler_task)
    .L_MergedGlobals                         0x20000030   Data           8  main.o(.bss..L_MergedGlobals)
    HAL_TIM_PeriodElapsedCallback.x0         0x20000030   Data           4  main.o(.bss..L_MergedGlobals)
    [Anonymous Symbol]                       0x20000030   Section        0  main.o(.bss..L_MergedGlobals)
    HAL_TIM_PeriodElapsedCallback.y0         0x20000034   Data           4  main.o(.bss..L_MergedGlobals)
    .L_MergedGlobals                         0x20000038   Data          76  usart.o(.bss..L_MergedGlobals)
    [Anonymous Symbol]                       0x20000038   Section        0  usart.o(.bss..L_MergedGlobals)
    .L_MergedGlobals                         0x20000084   Data          68  shell.o(.bss..L_MergedGlobals)
    CmdReady                                 0x20000084   Data           1  shell.o(.bss..L_MergedGlobals)
    [Anonymous Symbol]                       0x20000084   Section        0  shell.o(.bss..L_MergedGlobals)
    SystemVoltageSample                      0x20000086   Data           2  shell.o(.bss..L_MergedGlobals)
    ShellRxBuf                               0x20000088   Data          64  shell.o(.bss..L_MergedGlobals)
    .L_MergedGlobals                         0x200000c8   Data           8  task.o(.bss..L_MergedGlobals)
    [Anonymous Symbol]                       0x200000c8   Section        0  task.o(.bss..L_MergedGlobals)
    .L_MergedGlobals                         0x200000d0   Data          24  sensor.o(.bss..L_MergedGlobals)
    [Anonymous Symbol]                       0x200000d0   Section        0  sensor.o(.bss..L_MergedGlobals)
    .L_MergedGlobals                         0x200000e8   Data         116  imu.o(.bss..L_MergedGlobals)
    GyroinitFlag                             0x200000e8   Data           1  imu.o(.bss..L_MergedGlobals)
    [Anonymous Symbol]                       0x200000e8   Section        0  imu.o(.bss..L_MergedGlobals)
    GyroCount                                0x20000114   Data           4  imu.o(.bss..L_MergedGlobals)
    Gyro_total.0                             0x20000120   Data           8  imu.o(.bss..L_MergedGlobals)
    Gyro_total.1                             0x20000128   Data           8  imu.o(.bss..L_MergedGlobals)
    Gyro_total.2                             0x20000130   Data           8  imu.o(.bss..L_MergedGlobals)
    sqrGyro_total.0                          0x20000138   Data           8  imu.o(.bss..L_MergedGlobals)
    sqrGyro_total.1                          0x20000140   Data           8  imu.o(.bss..L_MergedGlobals)
    sqrGyro_total.2                          0x20000148   Data           8  imu.o(.bss..L_MergedGlobals)
    .L_MergedGlobals                         0x2000015c   Data          78  crsf.o(.bss..L_MergedGlobals)
    [Anonymous Symbol]                       0x2000015c   Section        0  crsf.o(.bss..L_MergedGlobals)
    .L_MergedGlobals.1                       0x200001ac   Data          88  imu.o(.bss..L_MergedGlobals.1)
    [Anonymous Symbol]                       0x200001ac   Section        0  imu.o(.bss..L_MergedGlobals.1)
    Gyro_fill                                0x20000248   Data        7200  imu.o(.bss.Gyro_fill)
    [Anonymous Symbol]                       0x20000248   Section        0  imu.o(.bss.Gyro_fill)
    STACK                                    0x20002338   Section     1024  startup_stm32f407xx.o(STACK)

    Global Symbols

    Symbol Name                              Value     Ov Type        Size  Object(Section)

    BuildAttributes$$THM_ISAv4$E$P$D$K$B$S$7EM$VFPi3$EXTD16$VFPS$VFMA$PE$A:L22UL41UL21$X:L11$S22US41US21$IEEE1$IW$~IW$USESV6$~STKCKD$USESV7$~SHL$OTIME$ROPI$IEEEX$EBA8$MICROLIB$REQ8$PRES8$EABIv2 0x00000000   Number         0  anon$$obj.o ABSOLUTE
    _printf_a                                0x00000000   Number         0  printfstubs.o ABSOLUTE
    _printf_c                                0x00000000   Number         0  printfstubs.o ABSOLUTE
    _printf_charcount                        0x00000000   Number         0  printfstubs.o ABSOLUTE
    _printf_d                                0x00000000   Number         0  printfstubs.o ABSOLUTE
    _printf_e                                0x00000000   Number         0  printfstubs.o ABSOLUTE
    _printf_f                                0x00000000   Number         0  printfstubs.o ABSOLUTE
    _printf_flags                            0x00000000   Number         0  printfstubs.o ABSOLUTE
    _printf_fp_dec                           0x00000000   Number         0  printfstubs.o ABSOLUTE
    _printf_fp_hex                           0x00000000   Number         0  printfstubs.o ABSOLUTE
    _printf_g                                0x00000000   Number         0  printfstubs.o ABSOLUTE
    _printf_i                                0x00000000   Number         0  printfstubs.o ABSOLUTE
    _printf_int_dec                          0x00000000   Number         0  printfstubs.o ABSOLUTE
    _printf_l                                0x00000000   Number         0  printfstubs.o ABSOLUTE
    _printf_lc                               0x00000000   Number         0  printfstubs.o ABSOLUTE
    _printf_ll                               0x00000000   Number         0  printfstubs.o ABSOLUTE
    _printf_lld                              0x00000000   Number         0  printfstubs.o ABSOLUTE
    _printf_lli                              0x00000000   Number         0  printfstubs.o ABSOLUTE
    _printf_llo                              0x00000000   Number         0  printfstubs.o ABSOLUTE
    _printf_llu                              0x00000000   Number         0  printfstubs.o ABSOLUTE
    _printf_llx                              0x00000000   Number         0  printfstubs.o ABSOLUTE
    _printf_longlong_dec                     0x00000000   Number         0  printfstubs.o ABSOLUTE
    _printf_longlong_hex                     0x00000000   Number         0  printfstubs.o ABSOLUTE
    _printf_longlong_oct                     0x00000000   Number         0  printfstubs.o ABSOLUTE
    _printf_ls                               0x00000000   Number         0  printfstubs.o ABSOLUTE
    _printf_mbtowc                           0x00000000   Number         0  printfstubs.o ABSOLUTE
    _printf_n                                0x00000000   Number         0  printfstubs.o ABSOLUTE
    _printf_o                                0x00000000   Number         0  printfstubs.o ABSOLUTE
    _printf_p                                0x00000000   Number         0  printfstubs.o ABSOLUTE
    _printf_percent                          0x00000000   Number         0  printfstubs.o ABSOLUTE
    _printf_pre_padding                      0x00000000   Number         0  printfstubs.o ABSOLUTE
    _printf_return_value                     0x00000000   Number         0  printfstubs.o ABSOLUTE
    _printf_s                                0x00000000   Number         0  printfstubs.o ABSOLUTE
    _printf_sizespec                         0x00000000   Number         0  printfstubs.o ABSOLUTE
    _printf_str                              0x00000000   Number         0  printfstubs.o ABSOLUTE
    _printf_truncate_signed                  0x00000000   Number         0  printfstubs.o ABSOLUTE
    _printf_truncate_unsigned                0x00000000   Number         0  printfstubs.o ABSOLUTE
    _printf_u                                0x00000000   Number         0  printfstubs.o ABSOLUTE
    _printf_wc                               0x00000000   Number         0  printfstubs.o ABSOLUTE
    _printf_wctomb                           0x00000000   Number         0  printfstubs.o ABSOLUTE
    _printf_widthprec                        0x00000000   Number         0  printfstubs.o ABSOLUTE
    _printf_x                                0x00000000   Number         0  printfstubs.o ABSOLUTE
    __cpp_initialize__aeabi_                  - Undefined Weak Reference
    __cxa_finalize                            - Undefined Weak Reference
    __decompress                              - Undefined Weak Reference
    _clock_init                               - Undefined Weak Reference
    _microlib_exit                            - Undefined Weak Reference
    __Vectors_Size                           0x00000188   Number         0  startup_stm32f407xx.o ABSOLUTE
    __Vectors                                0x08000000   Data           4  startup_stm32f407xx.o(RESET)
    __Vectors_End                            0x08000188   Data           0  startup_stm32f407xx.o(RESET)
    __main                                   0x08000189   Thumb Code     0  entry.o(.ARM.Collect$$$$00000000)
    _main_stk                                0x08000189   Thumb Code     0  entry2.o(.ARM.Collect$$$$00000001)
    _main_scatterload                        0x0800018d   Thumb Code     0  entry5.o(.ARM.Collect$$$$00000004)
    __main_after_scatterload                 0x08000191   Thumb Code     0  entry5.o(.ARM.Collect$$$$00000004)
    _main_clock                              0x08000191   Thumb Code     0  entry7b.o(.ARM.Collect$$$$00000008)
    _main_cpp_init                           0x08000191   Thumb Code     0  entry8b.o(.ARM.Collect$$$$0000000A)
    _main_init                               0x08000191   Thumb Code     0  entry9a.o(.ARM.Collect$$$$0000000B)
    __rt_final_cpp                           0x08000199   Thumb Code     0  entry10a.o(.ARM.Collect$$$$0000000D)
    __rt_final_exit                          0x08000199   Thumb Code     0  entry11a.o(.ARM.Collect$$$$0000000F)
    Reset_Handler                            0x0800019d   Thumb Code     8  startup_stm32f407xx.o(.text)
    ADC_IRQHandler                           0x080001b7   Thumb Code     0  startup_stm32f407xx.o(.text)
    CAN1_RX0_IRQHandler                      0x080001b7   Thumb Code     0  startup_stm32f407xx.o(.text)
    CAN1_RX1_IRQHandler                      0x080001b7   Thumb Code     0  startup_stm32f407xx.o(.text)
    CAN1_SCE_IRQHandler                      0x080001b7   Thumb Code     0  startup_stm32f407xx.o(.text)
    CAN1_TX_IRQHandler                       0x080001b7   Thumb Code     0  startup_stm32f407xx.o(.text)
    CAN2_RX0_IRQHandler                      0x080001b7   Thumb Code     0  startup_stm32f407xx.o(.text)
    CAN2_RX1_IRQHandler                      0x080001b7   Thumb Code     0  startup_stm32f407xx.o(.text)
    CAN2_SCE_IRQHandler                      0x080001b7   Thumb Code     0  startup_stm32f407xx.o(.text)
    CAN2_TX_IRQHandler                       0x080001b7   Thumb Code     0  startup_stm32f407xx.o(.text)
    DCMI_IRQHandler                          0x080001b7   Thumb Code     0  startup_stm32f407xx.o(.text)
    DMA1_Stream0_IRQHandler                  0x080001b7   Thumb Code     0  startup_stm32f407xx.o(.text)
    DMA1_Stream1_IRQHandler                  0x080001b7   Thumb Code     0  startup_stm32f407xx.o(.text)
    DMA1_Stream2_IRQHandler                  0x080001b7   Thumb Code     0  startup_stm32f407xx.o(.text)
    DMA1_Stream3_IRQHandler                  0x080001b7   Thumb Code     0  startup_stm32f407xx.o(.text)
    DMA1_Stream4_IRQHandler                  0x080001b7   Thumb Code     0  startup_stm32f407xx.o(.text)
    DMA1_Stream5_IRQHandler                  0x080001b7   Thumb Code     0  startup_stm32f407xx.o(.text)
    DMA1_Stream6_IRQHandler                  0x080001b7   Thumb Code     0  startup_stm32f407xx.o(.text)
    DMA1_Stream7_IRQHandler                  0x080001b7   Thumb Code     0  startup_stm32f407xx.o(.text)
    DMA2_Stream1_IRQHandler                  0x080001b7   Thumb Code     0  startup_stm32f407xx.o(.text)
    DMA2_Stream3_IRQHandler                  0x080001b7   Thumb Code     0  startup_stm32f407xx.o(.text)
    DMA2_Stream4_IRQHandler                  0x080001b7   Thumb Code     0  startup_stm32f407xx.o(.text)
    DMA2_Stream5_IRQHandler                  0x080001b7   Thumb Code     0  startup_stm32f407xx.o(.text)
    DMA2_Stream6_IRQHandler                  0x080001b7   Thumb Code     0  startup_stm32f407xx.o(.text)
    ETH_IRQHandler                           0x080001b7   Thumb Code     0  startup_stm32f407xx.o(.text)
    ETH_WKUP_IRQHandler                      0x080001b7   Thumb Code     0  startup_stm32f407xx.o(.text)
    EXTI0_IRQHandler                         0x080001b7   Thumb Code     0  startup_stm32f407xx.o(.text)
    EXTI15_10_IRQHandler                     0x080001b7   Thumb Code     0  startup_stm32f407xx.o(.text)
    EXTI1_IRQHandler                         0x080001b7   Thumb Code     0  startup_stm32f407xx.o(.text)
    EXTI2_IRQHandler                         0x080001b7   Thumb Code     0  startup_stm32f407xx.o(.text)
    EXTI3_IRQHandler                         0x080001b7   Thumb Code     0  startup_stm32f407xx.o(.text)
    EXTI4_IRQHandler                         0x080001b7   Thumb Code     0  startup_stm32f407xx.o(.text)
    EXTI9_5_IRQHandler                       0x080001b7   Thumb Code     0  startup_stm32f407xx.o(.text)
    FLASH_IRQHandler                         0x080001b7   Thumb Code     0  startup_stm32f407xx.o(.text)
    FMC_IRQHandler                           0x080001b7   Thumb Code     0  startup_stm32f407xx.o(.text)
    FPU_IRQHandler                           0x080001b7   Thumb Code     0  startup_stm32f407xx.o(.text)
    HASH_RNG_IRQHandler                      0x080001b7   Thumb Code     0  startup_stm32f407xx.o(.text)
    I2C1_ER_IRQHandler                       0x080001b7   Thumb Code     0  startup_stm32f407xx.o(.text)
    I2C1_EV_IRQHandler                       0x080001b7   Thumb Code     0  startup_stm32f407xx.o(.text)
    I2C2_ER_IRQHandler                       0x080001b7   Thumb Code     0  startup_stm32f407xx.o(.text)
    I2C2_EV_IRQHandler                       0x080001b7   Thumb Code     0  startup_stm32f407xx.o(.text)
    I2C3_ER_IRQHandler                       0x080001b7   Thumb Code     0  startup_stm32f407xx.o(.text)
    I2C3_EV_IRQHandler                       0x080001b7   Thumb Code     0  startup_stm32f407xx.o(.text)
    OTG_FS_IRQHandler                        0x080001b7   Thumb Code     0  startup_stm32f407xx.o(.text)
    OTG_FS_WKUP_IRQHandler                   0x080001b7   Thumb Code     0  startup_stm32f407xx.o(.text)
    OTG_HS_EP1_IN_IRQHandler                 0x080001b7   Thumb Code     0  startup_stm32f407xx.o(.text)
    OTG_HS_EP1_OUT_IRQHandler                0x080001b7   Thumb Code     0  startup_stm32f407xx.o(.text)
    OTG_HS_IRQHandler                        0x080001b7   Thumb Code     0  startup_stm32f407xx.o(.text)
    OTG_HS_WKUP_IRQHandler                   0x080001b7   Thumb Code     0  startup_stm32f407xx.o(.text)
    PVD_IRQHandler                           0x080001b7   Thumb Code     0  startup_stm32f407xx.o(.text)
    RCC_IRQHandler                           0x080001b7   Thumb Code     0  startup_stm32f407xx.o(.text)
    RTC_Alarm_IRQHandler                     0x080001b7   Thumb Code     0  startup_stm32f407xx.o(.text)
    RTC_WKUP_IRQHandler                      0x080001b7   Thumb Code     0  startup_stm32f407xx.o(.text)
    SDIO_IRQHandler                          0x080001b7   Thumb Code     0  startup_stm32f407xx.o(.text)
    SPI1_IRQHandler                          0x080001b7   Thumb Code     0  startup_stm32f407xx.o(.text)
    SPI2_IRQHandler                          0x080001b7   Thumb Code     0  startup_stm32f407xx.o(.text)
    SPI3_IRQHandler                          0x080001b7   Thumb Code     0  startup_stm32f407xx.o(.text)
    TAMP_STAMP_IRQHandler                    0x080001b7   Thumb Code     0  startup_stm32f407xx.o(.text)
    TIM1_CC_IRQHandler                       0x080001b7   Thumb Code     0  startup_stm32f407xx.o(.text)
    TIM1_TRG_COM_TIM11_IRQHandler            0x080001b7   Thumb Code     0  startup_stm32f407xx.o(.text)
    TIM3_IRQHandler                          0x080001b7   Thumb Code     0  startup_stm32f407xx.o(.text)
    TIM6_DAC_IRQHandler                      0x080001b7   Thumb Code     0  startup_stm32f407xx.o(.text)
    TIM7_IRQHandler                          0x080001b7   Thumb Code     0  startup_stm32f407xx.o(.text)
    TIM8_BRK_TIM12_IRQHandler                0x080001b7   Thumb Code     0  startup_stm32f407xx.o(.text)
    TIM8_CC_IRQHandler                       0x080001b7   Thumb Code     0  startup_stm32f407xx.o(.text)
    TIM8_TRG_COM_TIM14_IRQHandler            0x080001b7   Thumb Code     0  startup_stm32f407xx.o(.text)
    TIM8_UP_TIM13_IRQHandler                 0x080001b7   Thumb Code     0  startup_stm32f407xx.o(.text)
    UART4_IRQHandler                         0x080001b7   Thumb Code     0  startup_stm32f407xx.o(.text)
    UART5_IRQHandler                         0x080001b7   Thumb Code     0  startup_stm32f407xx.o(.text)
    USART3_IRQHandler                        0x080001b7   Thumb Code     0  startup_stm32f407xx.o(.text)
    USART6_IRQHandler                        0x080001b7   Thumb Code     0  startup_stm32f407xx.o(.text)
    WWDG_IRQHandler                          0x080001b7   Thumb Code     0  startup_stm32f407xx.o(.text)
    __aeabi_uldivmod                         0x080001c1   Thumb Code    98  uldiv.o(.text)
    __rt_ctype_table                         0x08000225   Thumb Code     4  ctype_o.o(.text)
    isspace                                  0x0800022d   Thumb Code    18  isspace_o.o(.text)
    ___aeabi_memcpy$move                     0x0800023f   Thumb Code    64  memmovea.o(.text)
    ___aeabi_memcpy4$move                    0x0800023f   Thumb Code     0  memmovea.o(.text)
    ___aeabi_memcpy8$move                    0x0800023f   Thumb Code     0  memmovea.o(.text)
    __aeabi_memmove                          0x0800023f   Thumb Code     0  memmovea.o(.text)
    __aeabi_memmove4                         0x0800023f   Thumb Code     0  memmovea.o(.text)
    __aeabi_memmove8                         0x0800023f   Thumb Code     0  memmovea.o(.text)
    __aeabi_memset                           0x0800027f   Thumb Code    14  memseta.o(.text)
    __aeabi_memset4                          0x0800027f   Thumb Code     0  memseta.o(.text)
    __aeabi_memset8                          0x0800027f   Thumb Code     0  memseta.o(.text)
    __aeabi_memclr                           0x0800028d   Thumb Code     4  memseta.o(.text)
    __aeabi_memclr4                          0x0800028d   Thumb Code     0  memseta.o(.text)
    __aeabi_memclr8                          0x0800028d   Thumb Code     0  memseta.o(.text)
    _memset$wrapper                          0x08000291   Thumb Code    18  memseta.o(.text)
    strcmp                                   0x080002a3   Thumb Code    28  strcmp.o(.text)
    strtok                                   0x080002c1   Thumb Code    62  strtok.o(.text)
    __aeabi_dadd                             0x08000305   Thumb Code   322  dadd.o(.text)
    __aeabi_dsub                             0x08000447   Thumb Code     6  dadd.o(.text)
    __aeabi_drsub                            0x0800044d   Thumb Code     6  dadd.o(.text)
    __aeabi_dmul                             0x08000453   Thumb Code   228  dmul.o(.text)
    __aeabi_ddiv                             0x08000537   Thumb Code   222  ddiv.o(.text)
    __aeabi_i2d                              0x08000615   Thumb Code    34  dflti.o(.text)
    __aeabi_d2iz                             0x08000637   Thumb Code    62  dfixi.o(.text)
    __aeabi_f2d                              0x08000675   Thumb Code    38  f2d.o(.text)
    __aeabi_d2f                              0x0800069b   Thumb Code    56  d2f.o(.text)
    __aeabi_uidiv                            0x080006d3   Thumb Code     0  uidiv.o(.text)
    __aeabi_uidivmod                         0x080006d3   Thumb Code    44  uidiv.o(.text)
    __aeabi_llsl                             0x080006ff   Thumb Code    30  llshl.o(.text)
    _ll_shift_l                              0x080006ff   Thumb Code     0  llshl.o(.text)
    __aeabi_llsr                             0x0800071d   Thumb Code    32  llushr.o(.text)
    _ll_ushift_r                             0x0800071d   Thumb Code     0  llushr.o(.text)
    __aeabi_lasr                             0x0800073d   Thumb Code    36  llsshr.o(.text)
    _ll_sshift_r                             0x0800073d   Thumb Code     0  llsshr.o(.text)
    __strtod_int                             0x0800079f   Thumb Code    94  strtod.o(.text)
    __I$use$fp                               0x08000809   Thumb Code     0  iusefp.o(.text)
    _float_round                             0x08000809   Thumb Code    18  fepilogue.o(.text)
    _float_epilogue                          0x0800081b   Thumb Code    92  fepilogue.o(.text)
    _double_round                            0x08000877   Thumb Code    30  depilogue.o(.text)
    _double_epilogue                         0x08000895   Thumb Code   156  depilogue.o(.text)
    __aeabi_d2ulz                            0x08000931   Thumb Code    48  dfixul.o(.text)
    __aeabi_cdcmpeq                          0x08000961   Thumb Code     0  cdcmple.o(.text)
    __aeabi_cdcmple                          0x08000961   Thumb Code    48  cdcmple.o(.text)
    __aeabi_cdrcmple                         0x08000991   Thumb Code    48  cdrcmple.o(.text)
    __scatterload                            0x080009c1   Thumb Code    38  init.o(.text)
    __scatterload_rt2                        0x080009c1   Thumb Code     0  init.o(.text)
    _scanf_real                              0x08000b19   Thumb Code     0  scanf_fp.o(.text)
    _scanf_really_real                       0x08000b19   Thumb Code   556  scanf_fp.o(.text)
    _sgetc                                   0x08000d51   Thumb Code    30  _sgetc.o(.text)
    _sbackspace                              0x08000d6f   Thumb Code    34  _sgetc.o(.text)
    _dsqrt                                   0x08000d91   Thumb Code   162  dsqrt.o(.text)
    __aeabi_ui2d                             0x08000e33   Thumb Code    26  dfltui.o(.text)
    __aeabi_ul2d                             0x08000e4d   Thumb Code    24  dfltul.o(.text)
    BusFault_Handler                         0x08000ef1   Thumb Code     2  stm32f4xx_it.o(.text.BusFault_Handler)
    Calc                                     0x08000ef5   Thumb Code   130  crc.o(.text.Calc)
    Crc_init                                 0x08000f79   Thumb Code   202  crc.o(.text.Crc_init)
    DMA2_Stream0_IRQHandler                  0x08001045   Thumb Code    12  stm32f4xx_it.o(.text.DMA2_Stream0_IRQHandler)
    DMA2_Stream2_IRQHandler                  0x08001051   Thumb Code    12  stm32f4xx_it.o(.text.DMA2_Stream2_IRQHandler)
    DMA2_Stream7_IRQHandler                  0x0800105d   Thumb Code    12  stm32f4xx_it.o(.text.DMA2_Stream7_IRQHandler)
    DebugMon_Handler                         0x08001069   Thumb Code     2  stm32f4xx_it.o(.text.DebugMon_Handler)
    Error_Handler                            0x0800106d   Thumb Code     6  main.o(.text.Error_Handler)
    HAL_ADC_ConfigChannel                    0x08001075   Thumb Code   326  stm32f4xx_hal_adc.o(.text.HAL_ADC_ConfigChannel)
    HAL_ADC_ConvCpltCallback                 0x080011bd   Thumb Code     2  stm32f4xx_hal_adc.o(.text.HAL_ADC_ConvCpltCallback)
    HAL_ADC_ConvHalfCpltCallback             0x080011c1   Thumb Code     2  stm32f4xx_hal_adc.o(.text.HAL_ADC_ConvHalfCpltCallback)
    HAL_ADC_ErrorCallback                    0x080011c5   Thumb Code     2  stm32f4xx_hal_adc.o(.text.HAL_ADC_ErrorCallback)
    HAL_ADC_Init                             0x080011c9   Thumb Code   350  stm32f4xx_hal_adc.o(.text.HAL_ADC_Init)
    HAL_ADC_MspInit                          0x08001329   Thumb Code   174  adc.o(.text.HAL_ADC_MspInit)
    HAL_ADC_Start_DMA                        0x080013d9   Thumb Code   412  stm32f4xx_hal_adc.o(.text.HAL_ADC_Start_DMA)
    HAL_DMA_Abort                            0x08001575   Thumb Code   142  stm32f4xx_hal_dma.o(.text.HAL_DMA_Abort)
    HAL_DMA_Abort_IT                         0x08001605   Thumb Code    36  stm32f4xx_hal_dma.o(.text.HAL_DMA_Abort_IT)
    HAL_DMA_IRQHandler                       0x08001629   Thumb Code   448  stm32f4xx_hal_dma.o(.text.HAL_DMA_IRQHandler)
    HAL_DMA_Init                             0x080017e9   Thumb Code   354  stm32f4xx_hal_dma.o(.text.HAL_DMA_Init)
    HAL_DMA_Start_IT                         0x0800194d   Thumb Code   162  stm32f4xx_hal_dma.o(.text.HAL_DMA_Start_IT)
    HAL_Delay                                0x080019f1   Thumb Code    40  stm32f4xx_hal.o(.text.HAL_Delay)
    HAL_GPIO_Init                            0x08001a19   Thumb Code   414  stm32f4xx_hal_gpio.o(.text.HAL_GPIO_Init)
    HAL_GPIO_WritePin                        0x08001bb9   Thumb Code    10  stm32f4xx_hal_gpio.o(.text.HAL_GPIO_WritePin)
    HAL_GetTick                              0x08001bc5   Thumb Code    12  stm32f4xx_hal.o(.text.HAL_GetTick)
    HAL_IncTick                              0x08001bd1   Thumb Code    26  stm32f4xx_hal.o(.text.HAL_IncTick)
    HAL_Init                                 0x08001bed   Thumb Code    54  stm32f4xx_hal.o(.text.HAL_Init)
    HAL_InitTick                             0x08001c25   Thumb Code    72  stm32f4xx_hal.o(.text.HAL_InitTick)
    HAL_MspInit                              0x08001c6d   Thumb Code    56  stm32f4xx_hal_msp.o(.text.HAL_MspInit)
    HAL_NVIC_EnableIRQ                       0x08001ca5   Thumb Code    34  stm32f4xx_hal_cortex.o(.text.HAL_NVIC_EnableIRQ)
    HAL_NVIC_SetPriority                     0x08001cc9   Thumb Code    86  stm32f4xx_hal_cortex.o(.text.HAL_NVIC_SetPriority)
    HAL_NVIC_SetPriorityGrouping             0x08001d21   Thumb Code    32  stm32f4xx_hal_cortex.o(.text.HAL_NVIC_SetPriorityGrouping)
    HAL_NVIC_SystemReset                     0x08001d41   Thumb Code     4  stm32f4xx_hal_cortex.o(.text.HAL_NVIC_SystemReset)
    HAL_RCC_ClockConfig                      0x08001d45   Thumb Code   356  stm32f4xx_hal_rcc.o(.text.HAL_RCC_ClockConfig)
    HAL_RCC_GetPCLK1Freq                     0x08001ea9   Thumb Code    38  stm32f4xx_hal_rcc.o(.text.HAL_RCC_GetPCLK1Freq)
    HAL_RCC_GetPCLK2Freq                     0x08001ed1   Thumb Code    38  stm32f4xx_hal_rcc.o(.text.HAL_RCC_GetPCLK2Freq)
    HAL_RCC_GetSysClockFreq                  0x08001ef9   Thumb Code   108  stm32f4xx_hal_rcc.o(.text.HAL_RCC_GetSysClockFreq)
    HAL_RCC_OscConfig                        0x08001f65   Thumb Code   944  stm32f4xx_hal_rcc.o(.text.HAL_RCC_OscConfig)
    HAL_SPI_Init                             0x08002315   Thumb Code   180  stm32f4xx_hal_spi.o(.text.HAL_SPI_Init)
    HAL_SPI_MspInit                          0x080023c9   Thumb Code   240  spi.o(.text.HAL_SPI_MspInit)
    HAL_SPI_TransmitReceive                  0x080024b9   Thumb Code   846  stm32f4xx_hal_spi.o(.text.HAL_SPI_TransmitReceive)
    HAL_SYSTICK_Config                       0x08002809   Thumb Code    44  stm32f4xx_hal_cortex.o(.text.HAL_SYSTICK_Config)
    HAL_TIMEx_BreakCallback                  0x08002835   Thumb Code     2  stm32f4xx_hal_tim_ex.o(.text.HAL_TIMEx_BreakCallback)
    HAL_TIMEx_CommutCallback                 0x08002839   Thumb Code     2  stm32f4xx_hal_tim_ex.o(.text.HAL_TIMEx_CommutCallback)
    HAL_TIMEx_MasterConfigSynchronization    0x0800283d   Thumb Code   186  stm32f4xx_hal_tim_ex.o(.text.HAL_TIMEx_MasterConfigSynchronization)
    HAL_TIM_Base_Init                        0x080028f9   Thumb Code    90  stm32f4xx_hal_tim.o(.text.HAL_TIM_Base_Init)
    HAL_TIM_Base_MspInit                     0x08002955   Thumb Code   196  tim.o(.text.HAL_TIM_Base_MspInit)
    HAL_TIM_Base_Start_IT                    0x08002a19   Thumb Code   170  stm32f4xx_hal_tim.o(.text.HAL_TIM_Base_Start_IT)
    HAL_TIM_ConfigClockSource                0x08002ac5   Thumb Code   416  stm32f4xx_hal_tim.o(.text.HAL_TIM_ConfigClockSource)
    HAL_TIM_Encoder_Init                     0x08002c65   Thumb Code   178  stm32f4xx_hal_tim.o(.text.HAL_TIM_Encoder_Init)
    HAL_TIM_Encoder_MspInit                  0x08002d19   Thumb Code   206  tim.o(.text.HAL_TIM_Encoder_MspInit)
    HAL_TIM_Encoder_Start                    0x08002de9   Thumb Code   188  stm32f4xx_hal_tim.o(.text.HAL_TIM_Encoder_Start)
    HAL_TIM_IC_CaptureCallback               0x08002ea5   Thumb Code     2  stm32f4xx_hal_tim.o(.text.HAL_TIM_IC_CaptureCallback)
    HAL_TIM_IRQHandler                       0x08002ea9   Thumb Code   334  stm32f4xx_hal_tim.o(.text.HAL_TIM_IRQHandler)
    HAL_TIM_OC_DelayElapsedCallback          0x08002ff9   Thumb Code     2  stm32f4xx_hal_tim.o(.text.HAL_TIM_OC_DelayElapsedCallback)
    HAL_TIM_PWM_ConfigChannel                0x08002ffd   Thumb Code   548  stm32f4xx_hal_tim.o(.text.HAL_TIM_PWM_ConfigChannel)
    HAL_TIM_PWM_Init                         0x08003221   Thumb Code    90  stm32f4xx_hal_tim.o(.text.HAL_TIM_PWM_Init)
    HAL_TIM_PWM_MspInit                      0x0800327d   Thumb Code     2  stm32f4xx_hal_tim.o(.text.HAL_TIM_PWM_MspInit)
    HAL_TIM_PWM_PulseFinishedCallback        0x08003281   Thumb Code     2  stm32f4xx_hal_tim.o(.text.HAL_TIM_PWM_PulseFinishedCallback)
    HAL_TIM_PWM_Start                        0x08003285   Thumb Code   286  stm32f4xx_hal_tim.o(.text.HAL_TIM_PWM_Start)
    HAL_TIM_PeriodElapsedCallback            0x080033a5   Thumb Code   248  main.o(.text.HAL_TIM_PeriodElapsedCallback)
    HAL_TIM_TriggerCallback                  0x080034ad   Thumb Code     2  stm32f4xx_hal_tim.o(.text.HAL_TIM_TriggerCallback)
    HAL_UARTEx_ReceiveToIdle_DMA             0x080034b1   Thumb Code   490  stm32f4xx_hal_uart.o(.text.HAL_UARTEx_ReceiveToIdle_DMA)
    HAL_UARTEx_RxEventCallback               0x0800369d   Thumb Code    30  shell.o(.text.HAL_UARTEx_RxEventCallback)
    HAL_UART_ErrorCallback                   0x080036bd   Thumb Code     2  stm32f4xx_hal_uart.o(.text.HAL_UART_ErrorCallback)
    HAL_UART_IRQHandler                      0x080036c1   Thumb Code  1416  stm32f4xx_hal_uart.o(.text.HAL_UART_IRQHandler)
    HAL_UART_Init                            0x08003c49   Thumb Code    96  stm32f4xx_hal_uart.o(.text.HAL_UART_Init)
    HAL_UART_MspInit                         0x08003ca9   Thumb Code   402  usart.o(.text.HAL_UART_MspInit)
    HAL_UART_Receive_IT                      0x08003e3d   Thumb Code    84  stm32f4xx_hal_uart.o(.text.HAL_UART_Receive_IT)
    HAL_UART_RxCpltCallback                  0x08003e91   Thumb Code    72  usart.o(.text.HAL_UART_RxCpltCallback)
    HAL_UART_RxHalfCpltCallback              0x08003ed9   Thumb Code     2  stm32f4xx_hal_uart.o(.text.HAL_UART_RxHalfCpltCallback)
    HAL_UART_Transmit                        0x08003edd   Thumb Code   376  stm32f4xx_hal_uart.o(.text.HAL_UART_Transmit)
    HAL_UART_TxCpltCallback                  0x08004055   Thumb Code     2  stm32f4xx_hal_uart.o(.text.HAL_UART_TxCpltCallback)
    HandleByteReceived                       0x08004059   Thumb Code   248  crsf.o(.text.HandleByteReceived)
    HardFault_Handler                        0x08004151   Thumb Code     2  stm32f4xx_it.o(.text.HardFault_Handler)
    IMU_AHRSupdate                           0x08004155   Thumb Code   936  imu.o(.text.IMU_AHRSupdate)
    IMU_getValues                            0x08004505   Thumb Code   208  imu.o(.text.IMU_getValues)
    IMU_getYawPitchRoll                      0x080045d9   Thumb Code   424  imu.o(.text.IMU_getYawPitchRoll)
    IMU_init                                 0x080047a1   Thumb Code    56  imu.o(.text.IMU_init)
    MX_ADC1_Init                             0x080047e9   Thumb Code   112  adc.o(.text.MX_ADC1_Init)
    MX_DMA_Init                              0x08004859   Thumb Code    88  dma.o(.text.MX_DMA_Init)
    MX_GPIO_Init                             0x080048b1   Thumb Code   240  gpio.o(.text.MX_GPIO_Init)
    MX_SPI1_Init                             0x080049a1   Thumb Code    82  spi.o(.text.MX_SPI1_Init)
    MX_SPI2_Init                             0x080049f5   Thumb Code    82  spi.o(.text.MX_SPI2_Init)
    MX_TIM1_Init                             0x08004a49   Thumb Code   116  tim.o(.text.MX_TIM1_Init)
    MX_TIM2_Init                             0x08004abd   Thumb Code   100  tim.o(.text.MX_TIM2_Init)
    MX_TIM3_Init                             0x08004b21   Thumb Code   282  tim.o(.text.MX_TIM3_Init)
    MX_TIM4_Init                             0x08004c3d   Thumb Code   104  tim.o(.text.MX_TIM4_Init)
    MX_TIM5_Init                             0x08004ca5   Thumb Code   116  tim.o(.text.MX_TIM5_Init)
    MX_USART1_UART_Init                      0x08004d19   Thumb Code    60  usart.o(.text.MX_USART1_UART_Init)
    MX_USART2_UART_Init                      0x08004d55   Thumb Code    66  usart.o(.text.MX_USART2_UART_Init)
    MemManage_Handler                        0x08004d99   Thumb Code     2  stm32f4xx_it.o(.text.MemManage_Handler)
    NMI_Handler                              0x08004d9d   Thumb Code     2  stm32f4xx_it.o(.text.NMI_Handler)
    PendSV_Handler                           0x08004da1   Thumb Code     2  stm32f4xx_it.o(.text.PendSV_Handler)
    ProcessPacketIn                          0x08004da5   Thumb Code   204  crsf.o(.text.ProcessPacketIn)
    SVC_Handler                              0x08004f95   Thumb Code     2  stm32f4xx_it.o(.text.SVC_Handler)
    SchedulerInit                            0x08004f99   Thumb Code    14  task.o(.text.SchedulerInit)
    SchedulerRun                             0x08004fa9   Thumb Code    78  task.o(.text.SchedulerRun)
    ShellInit                                0x08004ff9   Thumb Code   494  shell.o(.text.ShellInit)
    ShellRun                                 0x080051e9   Thumb Code   444  shell.o(.text.ShellRun)
    SysTick_Handler                          0x080053c9   Thumb Code     4  stm32f4xx_it.o(.text.SysTick_Handler)
    SystemClock_Config                       0x080053cd   Thumb Code   168  main.o(.text.SystemClock_Config)
    SystemInit                               0x08005475   Thumb Code    18  system_stm32f4xx.o(.text.SystemInit)
    TIM1_BRK_TIM9_IRQHandler                 0x08005489   Thumb Code    12  stm32f4xx_it.o(.text.TIM1_BRK_TIM9_IRQHandler)
    TIM1_UP_TIM10_IRQHandler                 0x08005495   Thumb Code    12  stm32f4xx_it.o(.text.TIM1_UP_TIM10_IRQHandler)
    TIM2_IRQHandler                          0x080054a1   Thumb Code    12  stm32f4xx_it.o(.text.TIM2_IRQHandler)
    TIM4_IRQHandler                          0x080054ad   Thumb Code    12  stm32f4xx_it.o(.text.TIM4_IRQHandler)
    TIM5_IRQHandler                          0x080054b9   Thumb Code    12  stm32f4xx_it.o(.text.TIM5_IRQHandler)
    TIM_Base_SetConfig                       0x080054c5   Thumb Code   322  stm32f4xx_hal_tim.o(.text.TIM_Base_SetConfig)
    USART1_IRQHandler                        0x08005af9   Thumb Code    12  stm32f4xx_it.o(.text.USART1_IRQHandler)
    USART2_IRQHandler                        0x08005b05   Thumb Code    12  stm32f4xx_it.o(.text.USART2_IRQHandler)
    UsageFault_Handler                       0x08005b11   Thumb Code     2  stm32f4xx_it.o(.text.UsageFault_Handler)
    bsp_Icm42688Init                         0x08005b41   Thumb Code    26  icm42688.o(.text.bsp_Icm42688Init)
    bsp_Icm42688RegCfg                       0x08005b5d   Thumb Code  1010  icm42688.o(.text.bsp_Icm42688RegCfg)
    bsp_IcmGetRawData                        0x08005f51   Thumb Code   528  icm42688.o(.text.bsp_IcmGetRawData)
    calGyroVariance                          0x08006161   Thumb Code  1048  imu.o(.text.calGyroVariance)
    fputc                                    0x08006e51   Thumb Code    32  shell.o(.text.fputc)
    imuUpdata                                0x08006e71   Thumb Code    16  sensor.o(.text.imuUpdata)
    main                                     0x08006e81   Thumb Code   162  main.o(.text.main)
    __0printf                                0x08006f25   Thumb Code    22  printfa.o(i.__0printf)
    __1printf                                0x08006f25   Thumb Code     0  printfa.o(i.__0printf)
    __2printf                                0x08006f25   Thumb Code     0  printfa.o(i.__0printf)
    __c89printf                              0x08006f25   Thumb Code     0  printfa.o(i.__0printf)
    printf                                   0x08006f25   Thumb Code     0  printfa.o(i.__0printf)
    __ARM_fpclassify                         0x08006f45   Thumb Code    48  fpclassify.o(i.__ARM_fpclassify)
    __aeabi_errno_addr                       0x08006f75   Thumb Code     4  errno.o(i.__aeabi_errno_addr)
    __rt_errno_addr                          0x08006f75   Thumb Code     0  errno.o(i.__aeabi_errno_addr)
    __hardfp_asin                            0x08006f81   Thumb Code   770  asin.o(i.__hardfp_asin)
    __hardfp_atan                            0x080072e1   Thumb Code   622  atan.o(i.__hardfp_atan)
    __hardfp_atan2                           0x080075b9   Thumb Code   448  atan2.o(i.__hardfp_atan2)
    __hardfp_cos                             0x080077b9   Thumb Code   180  cos.o(i.__hardfp_cos)
    __hardfp_sin                             0x08007881   Thumb Code   180  sin.o(i.__hardfp_sin)
    __hardfp_strtod                          0x08007949   Thumb Code    32  strtod.o(i.__hardfp_strtod)
    __ieee754_rem_pio2                       0x08007971   Thumb Code   938  rred.o(i.__ieee754_rem_pio2)
    __kernel_cos                             0x08007da9   Thumb Code   322  cos_i.o(i.__kernel_cos)
    __kernel_poly                            0x08007f19   Thumb Code   248  poly.o(i.__kernel_poly)
    __kernel_sin                             0x08008011   Thumb Code   280  sin_i.o(i.__kernel_sin)
    __mathlib_dbl_infnan                     0x08008141   Thumb Code    20  dunder.o(i.__mathlib_dbl_infnan)
    __mathlib_dbl_infnan2                    0x08008155   Thumb Code    20  dunder.o(i.__mathlib_dbl_infnan2)
    __mathlib_dbl_invalid                    0x08008169   Thumb Code    24  dunder.o(i.__mathlib_dbl_invalid)
    __mathlib_dbl_underflow                  0x08008189   Thumb Code    24  dunder.o(i.__mathlib_dbl_underflow)
    __scatterload_copy                       0x080081a9   Thumb Code    14  handlers.o(i.__scatterload_copy)
    __scatterload_null                       0x080081b7   Thumb Code     2  handlers.o(i.__scatterload_null)
    __scatterload_zeroinit                   0x080081b9   Thumb Code    14  handlers.o(i.__scatterload_zeroinit)
    __set_errno                              0x080081c9   Thumb Code     6  errno.o(i.__set_errno)
    _is_digit                                0x08008359   Thumb Code    14  scanf_fp.o(i._is_digit)
    atan                                     0x08008a97   Thumb Code    16  atan.o(i.atan)
    fabs                                     0x08008aa7   Thumb Code    24  fabs.o(i.fabs)
    puts                                     0x08008ac1   Thumb Code    30  puts.o(i.puts)
    sqrt                                     0x08008ae5   Thumb Code   110  sqrt.o(i.sqrt)
    __ctype_table                            0x08008ba8   Data         129  ctype_o.o(.constdata)
    __mathlib_zero                           0x08008cf8   Data           8  qnan.o(.constdata)
    AHBPrescTable                            0x08008df8   Data          16  system_stm32f4xx.o(.rodata.AHBPrescTable)
    APBPrescTable                            0x08008e08   Data           8  system_stm32f4xx.o(.rodata.APBPrescTable)
    Region$$Table$$Base                      0x08009e08   Number         0  anon$$obj.o(Region$$Table)
    Region$$Table$$Limit                     0x08009e28   Number         0  anon$$obj.o(Region$$Table)
    __stdout                                 0x20000008   Data           4  stdout.o(.data)
    uwTickFreq                               0x2000000c   Data           1  stm32f4xx_hal.o(.data..L_MergedGlobals)
    uwTickPrio                               0x20000010   Data           4  stm32f4xx_hal.o(.data..L_MergedGlobals)
    SystemCoreClock                          0x2000001c   Data           4  system_stm32f4xx.o(.data.SystemCoreClock)
    RxBuffer                                 0x20000038   Data           1  usart.o(.bss..L_MergedGlobals)
    huart2                                   0x2000003c   Data          72  usart.o(.bss..L_MergedGlobals)
    task_num                                 0x200000c8   Data           1  task.o(.bss..L_MergedGlobals)
    now_time                                 0x200000cc   Data           4  task.o(.bss..L_MergedGlobals)
    gyro_offset_x                            0x200000d0   Data           4  sensor.o(.bss..L_MergedGlobals)
    gyro_offset_y                            0x200000d4   Data           4  sensor.o(.bss..L_MergedGlobals)
    gyro_offset_z                            0x200000d8   Data           4  sensor.o(.bss..L_MergedGlobals)
    imu_angle                                0x200000dc   Data          12  sensor.o(.bss..L_MergedGlobals)
    nowtime                                  0x200000ec   Data           4  imu.o(.bss..L_MergedGlobals)
    q0                                       0x200000f0   Data           4  imu.o(.bss..L_MergedGlobals)
    q1                                       0x200000f4   Data           4  imu.o(.bss..L_MergedGlobals)
    q2                                       0x200000f8   Data           4  imu.o(.bss..L_MergedGlobals)
    q3                                       0x200000fc   Data           4  imu.o(.bss..L_MergedGlobals)
    exInt                                    0x20000100   Data           4  imu.o(.bss..L_MergedGlobals)
    eyInt                                    0x20000104   Data           4  imu.o(.bss..L_MergedGlobals)
    ezInt                                    0x20000108   Data           4  imu.o(.bss..L_MergedGlobals)
    lastUpdate                               0x2000010c   Data           4  imu.o(.bss..L_MergedGlobals)
    now                                      0x20000110   Data           4  imu.o(.bss..L_MergedGlobals)
    CalCount                                 0x20000118   Data           4  imu.o(.bss..L_MergedGlobals)
    gyro_offset                              0x20000150   Data          12  imu.o(.bss..L_MergedGlobals)
    RxBuf_Index                              0x2000015c   Data           1  crsf.o(.bss..L_MergedGlobals)
    LinkStatistics                           0x20000160   Data          10  crsf.o(.bss..L_MergedGlobals)
    RxBuf                                    0x2000016a   Data          64  crsf.o(.bss..L_MergedGlobals)
    north                                    0x200001ac   Data          12  imu.o(.bss..L_MergedGlobals.1)
    west                                     0x200001b8   Data          12  imu.o(.bss..L_MergedGlobals.1)
    TTangles_gyro                            0x200001c4   Data          28  imu.o(.bss..L_MergedGlobals.1)
    mygetqval                                0x200001e0   Data          36  imu.o(.bss..L_MergedGlobals.1)
    CrsfChannels                             0x20000204   Data          64  crsf.o(.bss.CrsfChannels)
    _lut                                     0x20001e68   Data         256  crc.o(.bss._lut)
    hadc1                                    0x20001f68   Data          72  adc.o(.bss.hadc1)
    hdma_adc1                                0x20001fb0   Data          96  adc.o(.bss.hdma_adc1)
    hdma_usart1_rx                           0x20002010   Data          96  usart.o(.bss.hdma_usart1_rx)
    hdma_usart1_tx                           0x20002070   Data          96  usart.o(.bss.hdma_usart1_tx)
    hspi1                                    0x200020d0   Data          88  spi.o(.bss.hspi1)
    hspi2                                    0x20002128   Data          88  spi.o(.bss.hspi2)
    htim1                                    0x20002180   Data          72  tim.o(.bss.htim1)
    htim2                                    0x200021c8   Data          72  tim.o(.bss.htim2)
    htim3                                    0x20002210   Data          72  tim.o(.bss.htim3)
    htim4                                    0x20002258   Data          72  tim.o(.bss.htim4)
    htim5                                    0x200022a0   Data          72  tim.o(.bss.htim5)
    huart1                                   0x200022e8   Data          72  usart.o(.bss.huart1)
    uwTick                                   0x20002330   Data           4  stm32f4xx_hal.o(.bss.uwTick)
    __initial_sp                             0x20002738   Data           0  startup_stm32f407xx.o(STACK)



==============================================================================

Memory Map of the image

  Image Entry point : 0x08000189

  Load Region LR_IROM1 (Base: 0x08000000, Size: 0x00009e58, Max: 0x00100000, ABSOLUTE)

    Execution Region ER_IROM1 (Exec base: 0x08000000, Load base: 0x08000000, Size: 0x00009e28, Max: 0x00100000, ABSOLUTE)

    Exec Addr    Load Addr    Size         Type   Attr      Idx    E Section Name        Object

    0x08000000   0x08000000   0x00000188   Data   RO            3    RESET               startup_stm32f407xx.o
    0x08000188   0x08000188   0x00000000   Code   RO         1461  * .ARM.Collect$$$$00000000  mc_w.l(entry.o)
    0x08000188   0x08000188   0x00000004   Code   RO         1847    .ARM.Collect$$$$00000001  mc_w.l(entry2.o)
    0x0800018c   0x0800018c   0x00000004   Code   RO         1850    .ARM.Collect$$$$00000004  mc_w.l(entry5.o)
    0x08000190   0x08000190   0x00000000   Code   RO         1852    .ARM.Collect$$$$00000008  mc_w.l(entry7b.o)
    0x08000190   0x08000190   0x00000000   Code   RO         1854    .ARM.Collect$$$$0000000A  mc_w.l(entry8b.o)
    0x08000190   0x08000190   0x00000008   Code   RO         1855    .ARM.Collect$$$$0000000B  mc_w.l(entry9a.o)
    0x08000198   0x08000198   0x00000000   Code   RO         1857    .ARM.Collect$$$$0000000D  mc_w.l(entry10a.o)
    0x08000198   0x08000198   0x00000000   Code   RO         1859    .ARM.Collect$$$$0000000F  mc_w.l(entry11a.o)
    0x08000198   0x08000198   0x00000004   Code   RO         1848    .ARM.Collect$$$$00002712  mc_w.l(entry2.o)
    0x0800019c   0x0800019c   0x00000024   Code   RO            4    .text               startup_stm32f407xx.o
    0x080001c0   0x080001c0   0x00000062   Code   RO         1468    .text               mc_w.l(uldiv.o)
    0x08000222   0x08000222   0x00000002   PAD
    0x08000224   0x08000224   0x00000008   Code   RO         1470    .text               mc_w.l(ctype_o.o)
    0x0800022c   0x0800022c   0x00000012   Code   RO         1492    .text               mc_w.l(isspace_o.o)
    0x0800023e   0x0800023e   0x00000040   Code   RO         1498    .text               mc_w.l(memmovea.o)
    0x0800027e   0x0800027e   0x00000024   Code   RO         1500    .text               mc_w.l(memseta.o)
    0x080002a2   0x080002a2   0x0000001c   Code   RO         1502    .text               mc_w.l(strcmp.o)
    0x080002be   0x080002be   0x00000002   PAD
    0x080002c0   0x080002c0   0x00000044   Code   RO         1504    .text               mc_w.l(strtok.o)
    0x08000304   0x08000304   0x0000014e   Code   RO         1780    .text               mf_w.l(dadd.o)
    0x08000452   0x08000452   0x000000e4   Code   RO         1782    .text               mf_w.l(dmul.o)
    0x08000536   0x08000536   0x000000de   Code   RO         1784    .text               mf_w.l(ddiv.o)
    0x08000614   0x08000614   0x00000022   Code   RO         1788    .text               mf_w.l(dflti.o)
    0x08000636   0x08000636   0x0000003e   Code   RO         1792    .text               mf_w.l(dfixi.o)
    0x08000674   0x08000674   0x00000026   Code   RO         1794    .text               mf_w.l(f2d.o)
    0x0800069a   0x0800069a   0x00000038   Code   RO         1796    .text               mf_w.l(d2f.o)
    0x080006d2   0x080006d2   0x0000002c   Code   RO         1871    .text               mc_w.l(uidiv.o)
    0x080006fe   0x080006fe   0x0000001e   Code   RO         1873    .text               mc_w.l(llshl.o)
    0x0800071c   0x0800071c   0x00000020   Code   RO         1875    .text               mc_w.l(llushr.o)
    0x0800073c   0x0800073c   0x00000024   Code   RO         1877    .text               mc_w.l(llsshr.o)
    0x08000760   0x08000760   0x000000a8   Code   RO         1879    .text               mc_w.l(strtod.o)
    0x08000808   0x08000808   0x00000000   Code   RO         1881    .text               mc_w.l(iusefp.o)
    0x08000808   0x08000808   0x0000006e   Code   RO         1882    .text               mf_w.l(fepilogue.o)
    0x08000876   0x08000876   0x000000ba   Code   RO         1884    .text               mf_w.l(depilogue.o)
    0x08000930   0x08000930   0x00000030   Code   RO         1888    .text               mf_w.l(dfixul.o)
    0x08000960   0x08000960   0x00000030   Code   RO         1890    .text               mf_w.l(cdcmple.o)
    0x08000990   0x08000990   0x00000030   Code   RO         1892    .text               mf_w.l(cdrcmple.o)
    0x080009c0   0x080009c0   0x00000030   Code   RO         1894    .text               mc_w.l(init.o)
    0x080009f0   0x080009f0   0x00000360   Code   RO         1898    .text               mc_w.l(scanf_fp.o)
    0x08000d50   0x08000d50   0x00000040   Code   RO         1902    .text               mc_w.l(_sgetc.o)
    0x08000d90   0x08000d90   0x000000a2   Code   RO         1904    .text               mf_w.l(dsqrt.o)
    0x08000e32   0x08000e32   0x0000001a   Code   RO         1906    .text               mf_w.l(dfltui.o)
    0x08000e4c   0x08000e4c   0x00000018   Code   RO         1911    .text               mf_w.l(dfltul.o)
    0x08000e64   0x08000e64   0x0000006e   Code   RO          225    .text.ADC_DMAConvCplt  stm32f4xx_hal_adc.o
    0x08000ed2   0x08000ed2   0x00000002   PAD
    0x08000ed4   0x08000ed4   0x00000012   Code   RO          229    .text.ADC_DMAError  stm32f4xx_hal_adc.o
    0x08000ee6   0x08000ee6   0x00000002   PAD
    0x08000ee8   0x08000ee8   0x00000006   Code   RO          227    .text.ADC_DMAHalfConvCplt  stm32f4xx_hal_adc.o
    0x08000eee   0x08000eee   0x00000002   PAD
    0x08000ef0   0x08000ef0   0x00000002   Code   RO          148    .text.BusFault_Handler  stm32f4xx_it.o
    0x08000ef2   0x08000ef2   0x00000002   PAD
    0x08000ef4   0x08000ef4   0x00000082   Code   RO         1400    .text.Calc          crc.o
    0x08000f76   0x08000f76   0x00000002   PAD
    0x08000f78   0x08000f78   0x000000ca   Code   RO         1398    .text.Crc_init      crc.o
    0x08001042   0x08001042   0x00000002   PAD
    0x08001044   0x08001044   0x0000000c   Code   RO          174    .text.DMA2_Stream0_IRQHandler  stm32f4xx_it.o
    0x08001050   0x08001050   0x0000000c   Code   RO          176    .text.DMA2_Stream2_IRQHandler  stm32f4xx_it.o
    0x0800105c   0x0800105c   0x0000000c   Code   RO          178    .text.DMA2_Stream7_IRQHandler  stm32f4xx_it.o
    0x08001068   0x08001068   0x00000002   Code   RO          154    .text.DebugMon_Handler  stm32f4xx_it.o
    0x0800106a   0x0800106a   0x00000002   PAD
    0x0800106c   0x0800106c   0x00000006   Code   RO           17    .text.Error_Handler  main.o
    0x08001072   0x08001072   0x00000002   PAD
    0x08001074   0x08001074   0x00000146   Code   RO          237    .text.HAL_ADC_ConfigChannel  stm32f4xx_hal_adc.o
    0x080011ba   0x080011ba   0x00000002   PAD
    0x080011bc   0x080011bc   0x00000002   Code   RO          217    .text.HAL_ADC_ConvCpltCallback  stm32f4xx_hal_adc.o
    0x080011be   0x080011be   0x00000002   PAD
    0x080011c0   0x080011c0   0x00000002   Code   RO          235    .text.HAL_ADC_ConvHalfCpltCallback  stm32f4xx_hal_adc.o
    0x080011c2   0x080011c2   0x00000002   PAD
    0x080011c4   0x080011c4   0x00000002   Code   RO          221    .text.HAL_ADC_ErrorCallback  stm32f4xx_hal_adc.o
    0x080011c6   0x080011c6   0x00000002   PAD
    0x080011c8   0x080011c8   0x0000015e   Code   RO          195    .text.HAL_ADC_Init  stm32f4xx_hal_adc.o
    0x08001326   0x08001326   0x00000002   PAD
    0x08001328   0x08001328   0x000000ae   Code   RO           46    .text.HAL_ADC_MspInit  adc.o
    0x080013d6   0x080013d6   0x00000002   PAD
    0x080013d8   0x080013d8   0x0000019c   Code   RO          223    .text.HAL_ADC_Start_DMA  stm32f4xx_hal_adc.o
    0x08001574   0x08001574   0x0000008e   Code   RO          448    .text.HAL_DMA_Abort  stm32f4xx_hal_dma.o
    0x08001602   0x08001602   0x00000002   PAD
    0x08001604   0x08001604   0x00000024   Code   RO          450    .text.HAL_DMA_Abort_IT  stm32f4xx_hal_dma.o
    0x08001628   0x08001628   0x000001c0   Code   RO          454    .text.HAL_DMA_IRQHandler  stm32f4xx_hal_dma.o
    0x080017e8   0x080017e8   0x00000162   Code   RO          440    .text.HAL_DMA_Init  stm32f4xx_hal_dma.o
    0x0800194a   0x0800194a   0x00000002   PAD
    0x0800194c   0x0800194c   0x000000a2   Code   RO          446    .text.HAL_DMA_Start_IT  stm32f4xx_hal_dma.o
    0x080019ee   0x080019ee   0x00000002   PAD
    0x080019f0   0x080019f0   0x00000028   Code   RO          607    .text.HAL_Delay     stm32f4xx_hal.o
    0x08001a18   0x08001a18   0x0000019e   Code   RO          402    .text.HAL_GPIO_Init  stm32f4xx_hal_gpio.o
    0x08001bb6   0x08001bb6   0x00000002   PAD
    0x08001bb8   0x08001bb8   0x0000000a   Code   RO          408    .text.HAL_GPIO_WritePin  stm32f4xx_hal_gpio.o
    0x08001bc2   0x08001bc2   0x00000002   PAD
    0x08001bc4   0x08001bc4   0x0000000c   Code   RO          599    .text.HAL_GetTick   stm32f4xx_hal.o
    0x08001bd0   0x08001bd0   0x0000001a   Code   RO          597    .text.HAL_IncTick   stm32f4xx_hal.o
    0x08001bea   0x08001bea   0x00000002   PAD
    0x08001bec   0x08001bec   0x00000036   Code   RO          587    .text.HAL_Init      stm32f4xx_hal.o
    0x08001c22   0x08001c22   0x00000002   PAD
    0x08001c24   0x08001c24   0x00000048   Code   RO          589    .text.HAL_InitTick  stm32f4xx_hal.o
    0x08001c6c   0x08001c6c   0x00000038   Code   RO          187    .text.HAL_MspInit   stm32f4xx_hal_msp.o
    0x08001ca4   0x08001ca4   0x00000022   Code   RO          539    .text.HAL_NVIC_EnableIRQ  stm32f4xx_hal_cortex.o
    0x08001cc6   0x08001cc6   0x00000002   PAD
    0x08001cc8   0x08001cc8   0x00000056   Code   RO          537    .text.HAL_NVIC_SetPriority  stm32f4xx_hal_cortex.o
    0x08001d1e   0x08001d1e   0x00000002   PAD
    0x08001d20   0x08001d20   0x00000020   Code   RO          535    .text.HAL_NVIC_SetPriorityGrouping  stm32f4xx_hal_cortex.o
    0x08001d40   0x08001d40   0x00000004   Code   RO          543    .text.HAL_NVIC_SystemReset  stm32f4xx_hal_cortex.o
    0x08001d44   0x08001d44   0x00000164   Code   RO          296    .text.HAL_RCC_ClockConfig  stm32f4xx_hal_rcc.o
    0x08001ea8   0x08001ea8   0x00000026   Code   RO          308    .text.HAL_RCC_GetPCLK1Freq  stm32f4xx_hal_rcc.o
    0x08001ece   0x08001ece   0x00000002   PAD
    0x08001ed0   0x08001ed0   0x00000026   Code   RO          310    .text.HAL_RCC_GetPCLK2Freq  stm32f4xx_hal_rcc.o
    0x08001ef6   0x08001ef6   0x00000002   PAD
    0x08001ef8   0x08001ef8   0x0000006c   Code   RO          298    .text.HAL_RCC_GetSysClockFreq  stm32f4xx_hal_rcc.o
    0x08001f64   0x08001f64   0x000003b0   Code   RO          294    .text.HAL_RCC_OscConfig  stm32f4xx_hal_rcc.o
    0x08002314   0x08002314   0x000000b4   Code   RO          677    .text.HAL_SPI_Init  stm32f4xx_hal_spi.o
    0x080023c8   0x080023c8   0x000000f0   Code   RO           73    .text.HAL_SPI_MspInit  spi.o
    0x080024b8   0x080024b8   0x0000034e   Code   RO          689    .text.HAL_SPI_TransmitReceive  stm32f4xx_hal_spi.o
    0x08002806   0x08002806   0x00000002   PAD
    0x08002808   0x08002808   0x0000002c   Code   RO          547    .text.HAL_SYSTICK_Config  stm32f4xx_hal_cortex.o
    0x08002834   0x08002834   0x00000002   Code   RO         1096    .text.HAL_TIMEx_BreakCallback  stm32f4xx_hal_tim_ex.o
    0x08002836   0x08002836   0x00000002   PAD
    0x08002838   0x08002838   0x00000002   Code   RO         1092    .text.HAL_TIMEx_CommutCallback  stm32f4xx_hal_tim_ex.o
    0x0800283a   0x0800283a   0x00000002   PAD
    0x0800283c   0x0800283c   0x000000ba   Code   RO         1086    .text.HAL_TIMEx_MasterConfigSynchronization  stm32f4xx_hal_tim_ex.o
    0x080028f6   0x080028f6   0x00000002   PAD
    0x080028f8   0x080028f8   0x0000005a   Code   RO          791    .text.HAL_TIM_Base_Init  stm32f4xx_hal_tim.o
    0x08002952   0x08002952   0x00000002   PAD
    0x08002954   0x08002954   0x000000c4   Code   RO           99    .text.HAL_TIM_Base_MspInit  tim.o
    0x08002a18   0x08002a18   0x000000aa   Code   RO          805    .text.HAL_TIM_Base_Start_IT  stm32f4xx_hal_tim.o
    0x08002ac2   0x08002ac2   0x00000002   PAD
    0x08002ac4   0x08002ac4   0x000001a0   Code   RO          971    .text.HAL_TIM_ConfigClockSource  stm32f4xx_hal_tim.o
    0x08002c64   0x08002c64   0x000000b2   Code   RO          905    .text.HAL_TIM_Encoder_Init  stm32f4xx_hal_tim.o
    0x08002d16   0x08002d16   0x00000002   PAD
    0x08002d18   0x08002d18   0x000000ce   Code   RO          101    .text.HAL_TIM_Encoder_MspInit  tim.o
    0x08002de6   0x08002de6   0x00000002   PAD
    0x08002de8   0x08002de8   0x000000bc   Code   RO          913    .text.HAL_TIM_Encoder_Start  stm32f4xx_hal_tim.o
    0x08002ea4   0x08002ea4   0x00000002   Code   RO          927    .text.HAL_TIM_IC_CaptureCallback  stm32f4xx_hal_tim.o
    0x08002ea6   0x08002ea6   0x00000002   PAD
    0x08002ea8   0x08002ea8   0x0000014e   Code   RO          925    .text.HAL_TIM_IRQHandler  stm32f4xx_hal_tim.o
    0x08002ff6   0x08002ff6   0x00000002   PAD
    0x08002ff8   0x08002ff8   0x00000002   Code   RO          929    .text.HAL_TIM_OC_DelayElapsedCallback  stm32f4xx_hal_tim.o
    0x08002ffa   0x08002ffa   0x00000002   PAD
    0x08002ffc   0x08002ffc   0x00000224   Code   RO          945    .text.HAL_TIM_PWM_ConfigChannel  stm32f4xx_hal_tim.o
    0x08003220   0x08003220   0x0000005a   Code   RO          845    .text.HAL_TIM_PWM_Init  stm32f4xx_hal_tim.o
    0x0800327a   0x0800327a   0x00000002   PAD
    0x0800327c   0x0800327c   0x00000002   Code   RO          847    .text.HAL_TIM_PWM_MspInit  stm32f4xx_hal_tim.o
    0x0800327e   0x0800327e   0x00000002   PAD
    0x08003280   0x08003280   0x00000002   Code   RO          931    .text.HAL_TIM_PWM_PulseFinishedCallback  stm32f4xx_hal_tim.o
    0x08003282   0x08003282   0x00000002   PAD
    0x08003284   0x08003284   0x0000011e   Code   RO          853    .text.HAL_TIM_PWM_Start  stm32f4xx_hal_tim.o
    0x080033a2   0x080033a2   0x00000002   PAD
    0x080033a4   0x080033a4   0x00000108   Code   RO           11    .text.HAL_TIM_PeriodElapsedCallback  main.o
    0x080034ac   0x080034ac   0x00000002   Code   RO          935    .text.HAL_TIM_TriggerCallback  stm32f4xx_hal_tim.o
    0x080034ae   0x080034ae   0x00000002   PAD
    0x080034b0   0x080034b0   0x000001ea   Code   RO         1158    .text.HAL_UARTEx_ReceiveToIdle_DMA  stm32f4xx_hal_uart.o
    0x0800369a   0x0800369a   0x00000002   PAD
    0x0800369c   0x0800369c   0x0000001e   Code   RO         1276    .text.HAL_UARTEx_RxEventCallback  shell.o
    0x080036ba   0x080036ba   0x00000002   PAD
    0x080036bc   0x080036bc   0x00000002   Code   RO         1194    .text.HAL_UART_ErrorCallback  stm32f4xx_hal_uart.o
    0x080036be   0x080036be   0x00000002   PAD
    0x080036c0   0x080036c0   0x00000588   Code   RO         1188    .text.HAL_UART_IRQHandler  stm32f4xx_hal_uart.o
    0x08003c48   0x08003c48   0x00000060   Code   RO         1110    .text.HAL_UART_Init  stm32f4xx_hal_uart.o
    0x08003ca8   0x08003ca8   0x00000192   Code   RO          124    .text.HAL_UART_MspInit  usart.o
    0x08003e3a   0x08003e3a   0x00000002   PAD
    0x08003e3c   0x08003e3c   0x00000054   Code   RO         1132    .text.HAL_UART_Receive_IT  stm32f4xx_hal_uart.o
    0x08003e90   0x08003e90   0x00000048   Code   RO          128    .text.HAL_UART_RxCpltCallback  usart.o
    0x08003ed8   0x08003ed8   0x00000002   Code   RO         1204    .text.HAL_UART_RxHalfCpltCallback  stm32f4xx_hal_uart.o
    0x08003eda   0x08003eda   0x00000002   PAD
    0x08003edc   0x08003edc   0x00000178   Code   RO         1126    .text.HAL_UART_Transmit  stm32f4xx_hal_uart.o
    0x08004054   0x08004054   0x00000002   Code   RO         1198    .text.HAL_UART_TxCpltCallback  stm32f4xx_hal_uart.o
    0x08004056   0x08004056   0x00000002   PAD
    0x08004058   0x08004058   0x000000f8   Code   RO         1411    .text.HandleByteReceived  crsf.o
    0x08004150   0x08004150   0x00000002   Code   RO          144    .text.HardFault_Handler  stm32f4xx_it.o
    0x08004152   0x08004152   0x00000002   PAD
    0x08004154   0x08004154   0x000003b0   Code   RO         1371    .text.IMU_AHRSupdate  imu.o
    0x08004504   0x08004504   0x000000d4   Code   RO         1369    .text.IMU_getValues  imu.o
    0x080045d8   0x080045d8   0x000001c8   Code   RO         1375    .text.IMU_getYawPitchRoll  imu.o
    0x080047a0   0x080047a0   0x00000048   Code   RO         1365    .text.IMU_init      imu.o
    0x080047e8   0x080047e8   0x00000070   Code   RO           44    .text.MX_ADC1_Init  adc.o
    0x08004858   0x08004858   0x00000058   Code   RO           60    .text.MX_DMA_Init   dma.o
    0x080048b0   0x080048b0   0x000000f0   Code   RO           34    .text.MX_GPIO_Init  gpio.o
    0x080049a0   0x080049a0   0x00000052   Code   RO           69    .text.MX_SPI1_Init  spi.o
    0x080049f2   0x080049f2   0x00000002   PAD
    0x080049f4   0x080049f4   0x00000052   Code   RO           71    .text.MX_SPI2_Init  spi.o
    0x08004a46   0x08004a46   0x00000002   PAD
    0x08004a48   0x08004a48   0x00000074   Code   RO           87    .text.MX_TIM1_Init  tim.o
    0x08004abc   0x08004abc   0x00000064   Code   RO           89    .text.MX_TIM2_Init  tim.o
    0x08004b20   0x08004b20   0x0000011a   Code   RO           91    .text.MX_TIM3_Init  tim.o
    0x08004c3a   0x08004c3a   0x00000002   PAD
    0x08004c3c   0x08004c3c   0x00000068   Code   RO           95    .text.MX_TIM4_Init  tim.o
    0x08004ca4   0x08004ca4   0x00000074   Code   RO           97    .text.MX_TIM5_Init  tim.o
    0x08004d18   0x08004d18   0x0000003c   Code   RO          120    .text.MX_USART1_UART_Init  usart.o
    0x08004d54   0x08004d54   0x00000042   Code   RO          122    .text.MX_USART2_UART_Init  usart.o
    0x08004d96   0x08004d96   0x00000002   PAD
    0x08004d98   0x08004d98   0x00000002   Code   RO          146    .text.MemManage_Handler  stm32f4xx_it.o
    0x08004d9a   0x08004d9a   0x00000002   PAD
    0x08004d9c   0x08004d9c   0x00000002   Code   RO          142    .text.NMI_Handler   stm32f4xx_it.o
    0x08004d9e   0x08004d9e   0x00000002   PAD
    0x08004da0   0x08004da0   0x00000002   Code   RO          156    .text.PendSV_Handler  stm32f4xx_it.o
    0x08004da2   0x08004da2   0x00000002   PAD
    0x08004da4   0x08004da4   0x000000cc   Code   RO         1415    .text.ProcessPacketIn  crsf.o
    0x08004e70   0x08004e70   0x00000124   Code   RO          781    .text.SPI_WaitFlagStateUntilTimeout  stm32f4xx_hal_spi.o
    0x08004f94   0x08004f94   0x00000002   Code   RO          152    .text.SVC_Handler   stm32f4xx_it.o
    0x08004f96   0x08004f96   0x00000002   PAD
    0x08004f98   0x08004f98   0x0000000e   Code   RO         1305    .text.SchedulerInit  task.o
    0x08004fa6   0x08004fa6   0x00000002   PAD
    0x08004fa8   0x08004fa8   0x0000004e   Code   RO         1307    .text.SchedulerRun  task.o
    0x08004ff6   0x08004ff6   0x00000002   PAD
    0x08004ff8   0x08004ff8   0x000001ee   Code   RO         1268    .text.ShellInit     shell.o
    0x080051e6   0x080051e6   0x00000002   PAD
    0x080051e8   0x080051e8   0x000001e0   Code   RO         1270    .text.ShellRun      shell.o
    0x080053c8   0x080053c8   0x00000004   Code   RO          158    .text.SysTick_Handler  stm32f4xx_it.o
    0x080053cc   0x080053cc   0x000000a8   Code   RO           15    .text.SystemClock_Config  main.o
    0x08005474   0x08005474   0x00000012   Code   RO         1232    .text.SystemInit    system_stm32f4xx.o
    0x08005486   0x08005486   0x00000002   PAD
    0x08005488   0x08005488   0x0000000c   Code   RO          160    .text.TIM1_BRK_TIM9_IRQHandler  stm32f4xx_it.o
    0x08005494   0x08005494   0x0000000c   Code   RO          162    .text.TIM1_UP_TIM10_IRQHandler  stm32f4xx_it.o
    0x080054a0   0x080054a0   0x0000000c   Code   RO          164    .text.TIM2_IRQHandler  stm32f4xx_it.o
    0x080054ac   0x080054ac   0x0000000c   Code   RO          166    .text.TIM4_IRQHandler  stm32f4xx_it.o
    0x080054b8   0x080054b8   0x0000000c   Code   RO          172    .text.TIM5_IRQHandler  stm32f4xx_it.o
    0x080054c4   0x080054c4   0x00000142   Code   RO          795    .text.TIM_Base_SetConfig  stm32f4xx_hal_tim.o
    0x08005606   0x08005606   0x00000002   PAD
    0x08005608   0x08005608   0x0000000a   Code   RO         1192    .text.UART_DMAAbortOnError  stm32f4xx_hal_uart.o
    0x08005612   0x08005612   0x00000002   PAD
    0x08005614   0x08005614   0x0000017c   Code   RO         1142    .text.UART_DMAError  stm32f4xx_hal_uart.o
    0x08005790   0x08005790   0x0000015e   Code   RO         1220    .text.UART_DMAReceiveCplt  stm32f4xx_hal_uart.o
    0x080058ee   0x080058ee   0x00000002   PAD
    0x080058f0   0x080058f0   0x00000018   Code   RO         1222    .text.UART_DMARxHalfCplt  stm32f4xx_hal_uart.o
    0x08005908   0x08005908   0x000000fe   Code   RO         1190    .text.UART_Receive_IT  stm32f4xx_hal_uart.o
    0x08005a06   0x08005a06   0x00000002   PAD
    0x08005a08   0x08005a08   0x000000ee   Code   RO         1114    .text.UART_SetConfig  stm32f4xx_hal_uart.o
    0x08005af6   0x08005af6   0x00000002   PAD
    0x08005af8   0x08005af8   0x0000000c   Code   RO          168    .text.USART1_IRQHandler  stm32f4xx_it.o
    0x08005b04   0x08005b04   0x0000000c   Code   RO          170    .text.USART2_IRQHandler  stm32f4xx_it.o
    0x08005b10   0x08005b10   0x00000002   Code   RO          150    .text.UsageFault_Handler  stm32f4xx_it.o
    0x08005b12   0x08005b12   0x00000002   PAD
    0x08005b14   0x08005b14   0x0000002a   Code   RO          545    .text.__NVIC_SystemReset  stm32f4xx_hal_cortex.o
    0x08005b3e   0x08005b3e   0x00000002   PAD
    0x08005b40   0x08005b40   0x0000001a   Code   RO         1342    .text.bsp_Icm42688Init  icm42688.o
    0x08005b5a   0x08005b5a   0x00000002   PAD
    0x08005b5c   0x08005b5c   0x000003f2   Code   RO         1338    .text.bsp_Icm42688RegCfg  icm42688.o
    0x08005f4e   0x08005f4e   0x00000002   PAD
    0x08005f50   0x08005f50   0x00000210   Code   RO         1350    .text.bsp_IcmGetRawData  icm42688.o
    0x08006160   0x08006160   0x00000418   Code   RO         1367    .text.calGyroVariance  imu.o
    0x08006578   0x08006578   0x00000248   Code   RO         1288    .text.cmd_handler_eeprom  shell.o
    0x080067c0   0x080067c0   0x000000c8   Code   RO         1282    .text.cmd_handler_gpio  shell.o
    0x08006888   0x08006888   0x000000dc   Code   RO         1278    .text.cmd_handler_help  shell.o
    0x08006964   0x08006964   0x00000244   Code   RO         1290    .text.cmd_handler_pid  shell.o
    0x08006ba8   0x08006ba8   0x00000030   Code   RO         1280    .text.cmd_handler_reset  shell.o
    0x08006bd8   0x08006bd8   0x00000164   Code   RO         1284    .text.cmd_handler_runtime  shell.o
    0x08006d3c   0x08006d3c   0x000000b8   Code   RO         1286    .text.cmd_handler_test  shell.o
    0x08006df4   0x08006df4   0x0000005c   Code   RO         1292    .text.cmd_handler_voltage  shell.o
    0x08006e50   0x08006e50   0x00000020   Code   RO         1274    .text.fputc         shell.o
    0x08006e70   0x08006e70   0x00000010   Code   RO         1319    .text.imuUpdata     sensor.o
    0x08006e80   0x08006e80   0x000000a2   Code   RO           13    .text.main          main.o
    0x08006f22   0x08006f22   0x00000002   PAD
    0x08006f24   0x08006f24   0x00000020   Code   RO         1745    i.__0printf         mc_w.l(printfa.o)
    0x08006f44   0x08006f44   0x00000030   Code   RO         1828    i.__ARM_fpclassify  m_wm.l(fpclassify.o)
    0x08006f74   0x08006f74   0x00000008   Code   RO         1773    i.__aeabi_errno_addr  mc_w.l(errno.o)
    0x08006f7c   0x08006f7c   0x00000004   PAD
    0x08006f80   0x08006f80   0x00000360   Code   RO         1430    i.__hardfp_asin     m_wm.l(asin.o)
    0x080072e0   0x080072e0   0x000002d8   Code   RO         1798    i.__hardfp_atan     m_wm.l(atan.o)
    0x080075b8   0x080075b8   0x00000200   Code   RO         1437    i.__hardfp_atan2    m_wm.l(atan2.o)
    0x080077b8   0x080077b8   0x000000c8   Code   RO         1443    i.__hardfp_cos      m_wm.l(cos.o)
    0x08007880   0x08007880   0x000000c8   Code   RO         1449    i.__hardfp_sin      m_wm.l(sin.o)
    0x08007948   0x08007948   0x00000028   Code   RO         1455    i.__hardfp_strtod   m_wm.l(strtod.o)
    0x08007970   0x08007970   0x00000438   Code   RO         1833    i.__ieee754_rem_pio2  m_wm.l(rred.o)
    0x08007da8   0x08007da8   0x00000170   Code   RO         1805    i.__kernel_cos      m_wm.l(cos_i.o)
    0x08007f18   0x08007f18   0x000000f8   Code   RO         1830    i.__kernel_poly     m_wm.l(poly.o)
    0x08008010   0x08008010   0x00000130   Code   RO         1838    i.__kernel_sin      m_wm.l(sin_i.o)
    0x08008140   0x08008140   0x00000014   Code   RO         1809    i.__mathlib_dbl_infnan  m_wm.l(dunder.o)
    0x08008154   0x08008154   0x00000014   Code   RO         1810    i.__mathlib_dbl_infnan2  m_wm.l(dunder.o)
    0x08008168   0x08008168   0x00000020   Code   RO         1811    i.__mathlib_dbl_invalid  m_wm.l(dunder.o)
    0x08008188   0x08008188   0x00000020   Code   RO         1814    i.__mathlib_dbl_underflow  m_wm.l(dunder.o)
    0x080081a8   0x080081a8   0x0000000e   Code   RO         1915    i.__scatterload_copy  mc_w.l(handlers.o)
    0x080081b6   0x080081b6   0x00000002   Code   RO         1916    i.__scatterload_null  mc_w.l(handlers.o)
    0x080081b8   0x080081b8   0x0000000e   Code   RO         1917    i.__scatterload_zeroinit  mc_w.l(handlers.o)
    0x080081c6   0x080081c6   0x00000002   PAD
    0x080081c8   0x080081c8   0x0000000c   Code   RO         1775    i.__set_errno       mc_w.l(errno.o)
    0x080081d4   0x080081d4   0x00000184   Code   RO         1752    i._fp_digits        mc_w.l(printfa.o)
    0x08008358   0x08008358   0x0000000e   Code   RO         1900    i._is_digit         mc_w.l(scanf_fp.o)
    0x08008366   0x08008366   0x00000002   PAD
    0x08008368   0x08008368   0x000006dc   Code   RO         1753    i._printf_core      mc_w.l(printfa.o)
    0x08008a44   0x08008a44   0x00000024   Code   RO         1754    i._printf_post_padding  mc_w.l(printfa.o)
    0x08008a68   0x08008a68   0x0000002e   Code   RO         1755    i._printf_pre_padding  mc_w.l(printfa.o)
    0x08008a96   0x08008a96   0x00000010   Code   RO         1800    i.atan              m_wm.l(atan.o)
    0x08008aa6   0x08008aa6   0x00000018   Code   RO         1824    i.fabs              m_wm.l(fabs.o)
    0x08008abe   0x08008abe   0x00000002   PAD
    0x08008ac0   0x08008ac0   0x00000024   Code   RO         1464    i.puts              mc_w.l(puts.o)
    0x08008ae4   0x08008ae4   0x0000006e   Code   RO         1843    i.sqrt              m_wm.l(sqrt.o)
    0x08008b52   0x08008b52   0x00000006   PAD
    0x08008b58   0x08008b58   0x00000050   Data   RO         1433    .constdata          m_wm.l(asin.o)
    0x08008ba8   0x08008ba8   0x00000081   Data   RO         1471    .constdata          mc_w.l(ctype_o.o)
    0x08008c29   0x08008c29   0x00000003   PAD
    0x08008c2c   0x08008c2c   0x00000004   Data   RO         1472    .constdata          mc_w.l(ctype_o.o)
    0x08008c30   0x08008c30   0x00000098   Data   RO         1801    .constdata          m_wm.l(atan.o)
    0x08008cc8   0x08008cc8   0x00000030   Data   RO         1806    .constdata          m_wm.l(cos_i.o)
    0x08008cf8   0x08008cf8   0x00000008   Data   RO         1832    .constdata          m_wm.l(qnan.o)
    0x08008d00   0x08008d00   0x000000cc   Data   RO         1835    .constdata          m_wm.l(rred.o)
    0x08008dcc   0x08008dcc   0x00000004   PAD
    0x08008dd0   0x08008dd0   0x00000028   Data   RO         1839    .constdata          m_wm.l(sin_i.o)
    0x08008df8   0x08008df8   0x00000010   Data   RO         1237    .rodata.AHBPrescTable  system_stm32f4xx.o
    0x08008e08   0x08008e08   0x00000008   Data   RO         1238    .rodata.APBPrescTable  system_stm32f4xx.o
    0x08008e10   0x08008e10   0x00000060   Data   RO         1295    .rodata.command_table  shell.o
    0x08008e70   0x08008e70   0x00000008   Data   RO          464    .rodata.cst8        stm32f4xx_hal_dma.o
    0x08008e78   0x08008e78   0x00000f90   Data   RO         1294    .rodata.str1.1      shell.o
    0x08009e08   0x08009e08   0x00000020   Data   RO         1914    Region$$Table       anon$$obj.o


    Execution Region RW_IRAM1 (Exec base: 0x20000000, Load base: 0x08009e28, Size: 0x00002738, Max: 0x0001c000, ABSOLUTE)

    Exec Addr    Load Addr    Size         Type   Attr      Idx    E Section Name        Object

    0x20000000   0x08009e28   0x00000004   Data   RW         1505    .data               mc_w.l(strtok.o)
    0x20000004   0x08009e2c   0x00000004   Data   RW         1776    .data               mc_w.l(errno.o)
    0x20000008   0x08009e30   0x00000004   Data   RW         1861    .data               mc_w.l(stdout.o)
    0x2000000c   0x08009e34   0x00000008   Data   RW          642    .data..L_MergedGlobals  stm32f4xx_hal.o
    0x20000014   0x08009e3c   0x00000008   Data   RW         1354    .data..L_MergedGlobals  icm42688.o
    0x2000001c   0x08009e44   0x00000004   Data   RW         1236    .data.SystemCoreClock  system_stm32f4xx.o
    0x20000020   0x08009e48   0x0000000c   Data   RW         1309    .data.scheduler_task  task.o
    0x2000002c   0x08009e54   0x00000004   PAD
    0x20000030        -       0x00000008   Zero   RW           25    .bss..L_MergedGlobals  main.o
    0x20000038        -       0x0000004c   Zero   RW          133    .bss..L_MergedGlobals  usart.o
    0x20000084        -       0x00000044   Zero   RW         1296    .bss..L_MergedGlobals  shell.o
    0x200000c8        -       0x00000008   Zero   RW         1310    .bss..L_MergedGlobals  task.o
    0x200000d0        -       0x00000018   Zero   RW         1325    .bss..L_MergedGlobals  sensor.o
    0x200000e8        -       0x00000074   Zero   RW         1388    .bss..L_MergedGlobals  imu.o
    0x2000015c        -       0x0000004e   Zero   RW         1422    .bss..L_MergedGlobals  crsf.o
    0x200001aa   0x08009e54   0x00000002   PAD
    0x200001ac        -       0x00000058   Zero   RW         1389    .bss..L_MergedGlobals.1  imu.o
    0x20000204        -       0x00000040   Zero   RW         1421    .bss.CrsfChannels   crsf.o
    0x20000244   0x08009e54   0x00000004   PAD
    0x20000248        -       0x00001c20   Zero   RW         1384    .bss.Gyro_fill      imu.o
    0x20001e68        -       0x00000100   Zero   RW         1402    .bss._lut           crc.o
    0x20001f68        -       0x00000048   Zero   RW           50    .bss.hadc1          adc.o
    0x20001fb0        -       0x00000060   Zero   RW           51    .bss.hdma_adc1      adc.o
    0x20002010        -       0x00000060   Zero   RW          131    .bss.hdma_usart1_rx  usart.o
    0x20002070        -       0x00000060   Zero   RW          132    .bss.hdma_usart1_tx  usart.o
    0x200020d0        -       0x00000058   Zero   RW           77    .bss.hspi1          spi.o
    0x20002128        -       0x00000058   Zero   RW           78    .bss.hspi2          spi.o
    0x20002180        -       0x00000048   Zero   RW          107    .bss.htim1          tim.o
    0x200021c8        -       0x00000048   Zero   RW          108    .bss.htim2          tim.o
    0x20002210        -       0x00000048   Zero   RW          109    .bss.htim3          tim.o
    0x20002258        -       0x00000048   Zero   RW          110    .bss.htim4          tim.o
    0x200022a0        -       0x00000048   Zero   RW          111    .bss.htim5          tim.o
    0x200022e8        -       0x00000048   Zero   RW          130    .bss.huart1         usart.o
    0x20002330        -       0x00000004   Zero   RW          641    .bss.uwTick         stm32f4xx_hal.o
    0x20002334   0x08009e54   0x00000004   PAD
    0x20002338        -       0x00000400   Zero   RW            1    STACK               startup_stm32f407xx.o


    Execution Region RW_IRAM2 (Exec base: 0x2001c000, Load base: 0x08009e58, Size: 0x00000000, Max: 0x00004000, ABSOLUTE)

    **** No section assigned to this execution region ****


==============================================================================

Image component sizes


      Code (inc. data)   RO Data    RW Data    ZI Data      Debug   Object Name

       286          0          0          0        168       5394   adc.o
       332          0          0          0        256       2045   crc.o
       452          0          0          0        142       5578   crsf.o
        88          0          0          0          0       3471   dma.o
       240          0          0          0          0       2443   gpio.o
      1564          0          0          8          0       8420   icm42688.o
      2732         60          0          0       7404       7825   imu.o
       600         16          0          0          8       6755   main.o
        16          0          0          0         24       1946   sensor.o
      3300        504       4080          0         68      14863   shell.o
       404          0          0          0        176       5649   spi.o
        36          8        392          0       1024        836   startup_stm32f407xx.o
       204          0          0          8          4       7302   stm32f4xx_hal.o
      1228          0          0          0          0      12290   stm32f4xx_hal_adc.o
       242          0          0          0          0      10756   stm32f4xx_hal_cortex.o
      1142          6          8          0          0      10733   stm32f4xx_hal_dma.o
       424          0          0          0          0       5330   stm32f4xx_hal_gpio.o
        56          0          0          0          0       1457   stm32f4xx_hal_msp.o
      1484          0          0          0          0       7473   stm32f4xx_hal_rcc.o
      1318          0          0          0          0      26568   stm32f4xx_hal_spi.o
      2632          6          0          0          0      55661   stm32f4xx_hal_tim.o
       190          0          0          0          0      21021   stm32f4xx_hal_tim_ex.o
      3724          0          0          0          0      32384   stm32f4xx_hal_uart.o
       140          0          0          0          0       6551   stm32f4xx_it.o
        18          0         24          4          0       2586   system_stm32f4xx.o
        92          0          0         12          8       1138   task.o
      1120          0          0          0        360      11879   tim.o
       600          0          0          0        340       7842   usart.o

    ----------------------------------------------------------------------
     24804        600       4536         32       9996     286196   Object Totals
         0          0         32          0          0          0   (incl. Generated)
       140          0          0          0         14          0   (incl. Padding)

    ----------------------------------------------------------------------

      Code (inc. data)   RO Data    RW Data    ZI Data      Debug   Library Member Name

       864         94         80          0          0        280   asin.o
       744        106        152          0          0        352   atan.o
       512         64          0          0          0        208   atan2.o
       200         20          0          0          0        164   cos.o
       368         46         48          0          0        200   cos_i.o
       104         16          0          0          0        496   dunder.o
        24          0          0          0          0        124   fabs.o
        48          0          0          0          0        124   fpclassify.o
       248          0          0          0          0        152   poly.o
         0          0          8          0          0          0   qnan.o
      1080        142        204          0          0        188   rred.o
       200         20          0          0          0        164   sin.o
       304         24         40          0          0        208   sin_i.o
       110          0          0          0          0        148   sqrt.o
        40          8          0          0          0        128   strtod.o
        64          0          0          0          0         84   _sgetc.o
         8          4        133          0          0         68   ctype_o.o
         0          0          0          0          0          0   entry.o
         0          0          0          0          0          0   entry10a.o
         0          0          0          0          0          0   entry11a.o
         8          4          0          0          0          0   entry2.o
         4          0          0          0          0          0   entry5.o
         0          0          0          0          0          0   entry7b.o
         0          0          0          0          0          0   entry8b.o
         8          4          0          0          0          0   entry9a.o
        20         10          0          4          0        136   errno.o
        30          0          0          0          0          0   handlers.o
        48         10          0          0          0         68   init.o
        18          0          0          0          0         76   isspace_o.o
         0          0          0          0          0          0   iusefp.o
        30          0          0          0          0         68   llshl.o
        36          0          0          0          0         68   llsshr.o
        32          0          0          0          0         68   llushr.o
        64          0          0          0          0         76   memmovea.o
        36          0          0          0          0        108   memseta.o
      2258         90          0          0          0        452   printfa.o
        36          6          0          0          0         80   puts.o
       878         12          0          0          0        216   scanf_fp.o
         0          0          0          4          0          0   stdout.o
        28          0          0          0          0         76   strcmp.o
       168         12          0          0          0        124   strtod.o
        68          6          0          4          0         80   strtok.o
        44          0          0          0          0         80   uidiv.o
        98          0          0          0          0         92   uldiv.o
        48          0          0          0          0         68   cdcmple.o
        48          0          0          0          0         68   cdrcmple.o
        56          0          0          0          0         88   d2f.o
       334          0          0          0          0        148   dadd.o
       222          0          0          0          0        100   ddiv.o
       186          0          0          0          0        176   depilogue.o
        62          0          0          0          0         80   dfixi.o
        48          0          0          0          0         68   dfixul.o
        34          0          0          0          0         76   dflti.o
        26          0          0          0          0         76   dfltui.o
        24          0          0          0          0         76   dfltul.o
       228          0          0          0          0         96   dmul.o
       162          0          0          0          0        100   dsqrt.o
        38          0          0          0          0         68   f2d.o
       110          0          0          0          0        168   fepilogue.o

    ----------------------------------------------------------------------
     10476        702        672         12          0       6412   Library Totals
        20          4          7          0          0          0   (incl. Padding)

    ----------------------------------------------------------------------

      Code (inc. data)   RO Data    RW Data    ZI Data      Debug   Library Name

      4846        540        532          0          0       2936   m_wm.l
      3984        158        133         12          0       2020   mc_w.l
      1626          0          0          0          0       1456   mf_w.l

    ----------------------------------------------------------------------
     10476        702        672         12          0       6412   Library Totals

    ----------------------------------------------------------------------

==============================================================================


      Code (inc. data)   RO Data    RW Data    ZI Data      Debug   

     35280       1302       5208         44       9996     288772   Grand Totals
     35280       1302       5208         44       9996     288772   ELF Image Totals
     35280       1302       5208         44          0          0   ROM Totals

==============================================================================

    Total RO  Size (Code + RO Data)                40488 (  39.54kB)
    Total RW  Size (RW Data + ZI Data)             10040 (   9.80kB)
    Total ROM Size (Code + RO Data + RW Data)      40532 (  39.58kB)

==============================================================================

