<html>
<body>
<pre>
<h1>µVision Build Log</h1>
<h2>Tool Versions:</h2>
IDE-Version: ¦ÌVision V5.39.0.0
Copyright (C) 2023 ARM Ltd and ARM Germany GmbH. All rights reserved.
License Information: wen 1964310198@QQ.COM, zhen, LIC=WHYH9-48YRL-747S0-BTBLN-CZLPX-R9WUI
 
Tool Versions:
Toolchain:       MDK-ARM Plus  Version: 5.39.0.0
Toolchain Path:  D:\softs\mdk\ARM\ARMCLANG\Bin
C Compiler:      ArmClang.exe V6.21
Assembler:       Armasm.exe V6.21
Linker/Locator:  ArmLink.exe V6.21
Library Manager: ArmAr.exe V6.21
Hex Converter:   FromElf.exe V6.21
CPU DLL:         SARMCM3.DLL V5.39.0.0
Dialog DLL:      DCM.DLL V1.17.5.0
Target DLL:      CMSIS_AGDI.dll V1.33.16.0
Dialog DLL:      TCM.DLL V1.56.4.0
 
<h2>Project:</h2>
E:\04_Code\03_Diansai\04_Other\F407_PID_Test\MDK-ARM\F407_PID_Test.uvprojx
Project File Date:  07/01/2025

<h2>Output:</h2>
*** Using Compiler 'V6.21', folder: 'D:\softs\mdk\ARM\ARMCLANG\Bin'
Build target 'F407_PID_Test'
compiling dma.c...
compiling spi.c...
compiling stm32f4xx_hal_flash_ex.c...
compiling stm32f4xx_ll_adc.c...
compiling main.c...
compiling stm32f4xx_it.c...
compiling adc.c...
compiling stm32f4xx_hal_rcc.c...
compiling stm32f4xx_hal_cortex.c...
compiling stm32f4xx_hal_rcc_ex.c...
compiling stm32f4xx_hal_flash.c...
compiling stm32f4xx_hal_flash_ramfunc.c...
compiling stm32f4xx_hal_msp.c...
compiling gpio.c...
compiling stm32f4xx_hal_pwr.c...
compiling stm32f4xx_hal.c...
compiling stm32f4xx_hal_pwr_ex.c...
compiling usart.c...
compiling stm32f4xx_hal_exti.c...
compiling tim.c...
compiling stm32f4xx_hal_dma_ex.c...
compiling stm32f4xx_hal_gpio.c...
compiling stm32f4xx_hal_adc_ex.c...
compiling stm32f4xx_hal_dma.c...
compiling stm32f4xx_hal_adc.c...
compiling system_stm32f4xx.c...
compiling pid.c...
compiling task.c...
compiling stm32f4xx_hal_tim_ex.c...
compiling shell.c...
compiling CRC.c...
compiling icm42688.c...
compiling sensor.c...
compiling lcd_font.c...
compiling fsm.c...
compiling stm32f4xx_hal_spi.c...
compiling CRSF.c...
compiling IMU.c...
compiling lcd_core.c...
compiling lcd_port.c...
compiling stm32f4xx_hal_uart.c...
compiling menu.c...
compiling stm32f4xx_hal_tim.c...
linking...
Program Size: Code=37032 RO-data=18404 RW-data=532 ZI-data=10636  
FromELF: creating hex file...
"F407_PID_Test\F407_PID_Test.axf" - 0 Error(s), 0 Warning(s).

<h2>Software Packages used:</h2>

Package Vendor: ARM
                http://www.keil.com/pack/ARM.CMSIS.5.9.0.pack
                ARM::CMSIS@5.9.0
                CMSIS (Common Microcontroller Software Interface Standard)
   * Component: CORE Version: 5.6.0

Package Vendor: Keil
                https://www.keil.com/pack/Keil.STM32F4xx_DFP.2.17.1.pack
                Keil::STM32F4xx_DFP@2.17.1
                STMicroelectronics STM32F4 Series Device Support, Drivers and Examples

<h2>Collection of Component include folders:</h2>
  ./RTE/_F407_PID_Test
  D:/softs/mdk/ARM/CMSIS/5.9.0/CMSIS/Core/Include
  D:/softs/mdk/Keil/STM32F4xx_DFP/2.17.1/Drivers/CMSIS/Device/ST/STM32F4xx/Include

<h2>Collection of Component Files used:</h2>

   * Component: ARM::CMSIS:CORE@5.6.0
      Include file:  CMSIS/Core/Include/tz_context.h
Build Time Elapsed:  00:00:02
</pre>
</body>
</html>
